******************************************************************************
               TMS320C6x Linker PC v7.4.4                      
******************************************************************************
>> Linked Wed Sep 02 16:58:36 2020

OUTPUT FILE NAME:   <FFT_in_C.out>
ENTRY POINT SYMBOL: "_c_int00"  address: 0080fa00


MEMORY CONFIGURATION

         name            origin    length      used     unused   attr    fill
----------------------  --------  ---------  --------  --------  ----  --------
  L2SRAM                00800000   00080000  0001bcd6  0006432a  RW X
  MSMCSRAM              0c000000   00400000  00000000  00400000  RW X
  DDR2                  80000000   10000000  00000000  10000000  RWIX


SEGMENT ALLOCATION MAP

run origin  load origin   length   init length attrs members
----------  ----------- ---------- ----------- ----- -------
00800000    00800000    00012c20   00012c20    r-x
  00800000    00800000    00012c20   00012c20    r-x .text
00812c20    00812c20    00004180   00000000    rw-
  00812c20    00812c20    00004180   00000000    rw- .far
00816da0    00816da0    000028c2   000028c2    r--
  00816da0    00816da0    000028c2   000028c2    r-- .const
00819668    00819668    00001000   00000000    rw-
  00819668    00819668    00001000   00000000    rw- .stack
0081a668    0081a668    00000b8c   00000b8c    rw-
  0081a668    0081a668    00000b8c   00000b8c    rw- .fardata
0081b1f8    0081b1f8    00000120   00000000    rw-
  0081b1f8    0081b1f8    00000120   00000000    rw- .cio
0081b318    0081b318    000000b0   000000b0    r--
  0081b318    0081b318    000000b0   000000b0    r-- .switch
0081b400    0081b400    00000200   00000200    r-x
  0081b400    0081b400    00000200   00000200    r-x .vecs
0081b600    0081b600    00000034   00000000    rw-
  0081b600    0081b600    00000034   00000000    rw- .bss
0081b634    0081b634    00000060   00000060    rw-
  0081b634    0081b634    00000060   00000060    rw- .neardata
0081b694    0081b694    00000684   00000684    r--
  0081b694    0081b694    00000684   00000684    r-- .cinit


SECTION ALLOCATION MAP

 output                                  attributes/
section   page    origin      length       input sections
--------  ----  ----------  ----------   ----------------
.init_array 
*          0    00800000    00000000     UNINITIALIZED

xdc.meta   0    00800000    000000e0     COPY SECTION
                  00800000    000000e0     FFT_config_pe66.oe66 (xdc.meta)

.text      0    00800000    00012c20     
                  00800000    00000b80     main_gtz.obj (.text)
                  00800b80    00000940     rts6600_elf.lib : _scanfi.obj (.text:_scanfi)
                  008014c0    000008a0     ti.targets.rts6000.ae66 : System.oe66 (.text:xdc_runtime_System_doPrint__I)
                  00801d60    00000840     util.obj (.text)
                  008025a0    00000780     sysbios.ae66 : BIOS.obj (.text:ti_sysbios_family_c64p_Exception_handler__I)
                  00802d20    000006a0     rts6600_elf.lib : _scanfi.obj (.text:_sset_arg)
                  008033c0    00000660     sysbios.ae66 : BIOS.obj (.text:ti_sysbios_heaps_HeapMem_alloc__E)
                  00803a20    00000600                  : BIOS.obj (.text:ti_sysbios_knl_Semaphore_pend__E)
                  00804020    000005e0                  : BIOS.obj (.text:ti_sysbios_heaps_HeapMem_free__E)
                  00804600    000005c0     rts6600_elf.lib : divd.obj (.text:__c6xabi_divd)
                  00804bc0    000005a0     sysbios.ae66 : BIOS.obj (.text:ti_sysbios_timers_timer64_Timer_Module_startup__F)
                  00805160    00000520     rts6600_elf.lib : strtod.obj (.text:strtod)
                  00805680    00000520                     : strtold.obj (.text:strtold)
                  00805ba0    000004c0                     : _scanfi.obj (.text:_sproc_int)
                  00806060    00000480                     : strtoll.obj (.text:strtoll)
                  008064e0    00000480     sysbios.ae66 : BIOS.obj (.text:ti_sysbios_knl_Task_Module_startup__F)
                  00806960    00000440                  : BIOS.obj (.text:ti_sysbios_knl_Task_sleep__E)
                  00806da0    00000400     rts6600_elf.lib : strtoull.obj (.text:strtoull)
                  008071a0    000003c0                     : strtol.obj (.text:strtol)
                  00807560    00000360     sysbios.ae66 : BIOS.obj (.text:ti_sysbios_knl_Clock_Instance_init__F)
                  008078c0    00000340     rts6600_elf.lib : _scanfi.obj (.text:_sget_conv)
                  00807c00    00000320                     : strtoul.obj (.text:strtoul)
                  00807f20    00000320     sysbios.ae66 : BIOS.obj (.text:ti_sysbios_knl_Swi_restoreHwi__E)
                  00808240    00000300                  : BIOS.obj (.text:ti_sysbios_family_c64p_Hwi_dispatchC__I)
                  00808540    000002e0     rts6600_elf.lib : _scanfi.obj (.text:_sproc_float)
                  00808820    000002e0     sysbios.ae66 : BIOS.obj (.text:ti_sysbios_heaps_HeapMem_Instance_init__F)
                  00808b00    000002a0                  : BIOS.obj (.text:ti_sysbios_knl_Clock_workFunc__E)
                  00808da0    00000280     rts6600_elf.lib : sin.obj (.text:sin)
                  00809020    00000280     sysbios.ae66 : BIOS.obj (.text:ti_sysbios_timers_timer64_Timer_deviceConfig__I)
                  008092a0    00000280     ti.targets.rts6000.ae66 : Error.oe66 (.text:xdc_runtime_Error_raiseX__F)
                  00809520    00000260     sysbios.ae66 : BIOS.obj (.text:ti_sysbios_knl_Semaphore_post__E)
                  00809780    00000260     ti.targets.rts6000.ae66 : Startup.oe66 (.text:xdc_runtime_Startup_startMods__I)
                  008099e0    00000260     FFT_config_pe66.oe66 (.text:xdc_runtime_System_printfExtend__I)
                  00809c40    00000240     rts6600_elf.lib : imath64.obj (.text:__c6xabi_divull)
                  00809e80    00000240     sysbios.ae66 : BIOS.obj (.text:ti_sysbios_family_c64p_Exception_internalHandler__I)
                  0080a0c0    00000240     ti.targets.rts6000.ae66 : LoggerBuf.oe66 (.text:xdc_runtime_LoggerBuf_write8__F)
                  0080a300    00000220     sysbios.ae66 : BIOS.obj (.text:ti_sysbios_knl_Swi_run__I)
                  0080a520    00000220                  : BIOS.obj (.text:ti_sysbios_knl_Task_exit__E)
                  0080a740    00000220                  : BIOS.obj (.text:ti_sysbios_knl_Task_schedule__I)
                  0080a960    00000220                  : BIOS.obj (.text:ti_sysbios_knl_Task_startCore__E)
                  0080ab80    00000220     ti.targets.rts6000.ae66 : Core-mem.oe66 (.text:xdc_runtime_Core_createObject__I)
                  0080ada0    00000200     sysbios.ae66 : c64p_Hwi_disp_always.obj (.text:_ti_sysbios_family_c64p_Hwi_dispatchAlways)
                  0080afa0    00000200     rts6600_elf.lib : setvbuf.obj (.text:setvbuf)
                  0080b1a0    000001e0     sysbios.ae66 : BIOS.obj (.text:ti_sysbios_timers_timer64_Timer_getFreq__E)
                  0080b380    000001c0                  : BIOS.obj (.text:ti_sysbios_knl_Task_checkStacks__E)
                  0080b540    000001c0                  : BIOS.obj (.text:ti_sysbios_timers_timer64_Timer_setPeriodMicroSecs__E)
                  0080b700    000001c0     ti.targets.rts6000.ae66 : Text.oe66 (.text:xdc_runtime_Text_putSite__F)
                  0080b8c0    000001a0     rts6600_elf.lib : trgdrv.obj (.text:HOSTrename)
                  0080ba60    000001a0                     : _scanfi.obj (.text:_sproc_str)
                  0080bc00    000001a0     sysbios.ae66 : BIOS.obj (.text:ti_sysbios_gates_GateMutex_enter__E)
                  0080bda0    000001a0                  : BIOS.obj (.text:ti_sysbios_knl_Task_unblockI__E)
                  0080bf40    000001a0                  : BIOS.obj (.text:ti_sysbios_timers_timer64_Timer_start__E)
                  0080c0e0    000001a0     ti.targets.rts6000.ae66 : LoggerBuf.oe66 (.text:xdc_runtime_LoggerBuf_write4__F)
                  0080c280    00000180     rts6600_elf.lib : copy_decompress_rle.obj (.text:__TI_decompress_rle_core)
                  0080c400    00000180                     : fscanf.obj (.text:_chkmbc)
                  0080c580    00000180     sysbios.ae66 : c64p_Exception_asm.obj (.text)
                  0080c700    00000180                  : BIOS.obj (.text:ti_sysbios_knl_Swi_schedule__I)
                  0080c880    00000160     rts6600_elf.lib : _scanfi.obj (.text:_sproc_lb)
                  0080c9e0    00000160     sysbios.ae66 : BIOS.obj (.text:ti_sysbios_BIOS_rtsUnlock__I)
                  0080cb40    00000140     boot.ae66 : autoinit.oe66 (.text:_auto_init_elf)
                  0080cc80    00000140     rts6600_elf.lib : fgetc.obj (.text:fgetc)
                  0080cdc0    00000140                     : lowlev.obj (.text:getdevice)
                  0080cf00    00000140     sysbios.ae66 : BIOS.obj (.text:ti_sysbios_family_c64p_Hwi_Module_startup__F)
                  0080d040    00000140                  : BIOS.obj (.text:ti_sysbios_family_c66_Cache_Module_startup__F)
                  0080d180    00000140                  : BIOS.obj (.text:ti_sysbios_knl_Semaphore_Instance_init__F)
                  0080d2c0    00000140                  : BIOS.obj (.text:ti_sysbios_knl_Swi_post__E)
                  0080d400    00000140                  : BIOS.obj (.text:ti_sysbios_knl_Task_blockI__E)
                  0080d540    00000140     rts6600_elf.lib : ungetc.obj (.text:ungetc)
                  0080d680    00000140     ti.targets.rts6000.ae66 : Text.oe66 (.text:xdc_runtime_Text_putLab__F)
                  0080d7c0    00000120     rts6600_elf.lib : _bufread.obj (.text:_buff_read)
                  0080d8e0    00000120                     : fclose.obj (.text:_closefile)
                  0080da00    00000120                     : _scanfi.obj (.text:_sget_scanset)
                  0080db20    00000120     ti.targets.rts6000.ae66 : LoggerBuf.oe66 (.text:xdc_runtime_LoggerBuf_setFilterLevel__F)
                  0080dc40    00000120                             : Text.oe66 (.text:xdc_runtime_Text_putMod__F)
                  0080dd60    00000100     rts6600_elf.lib : trgdrv.obj (.text:HOSTlseek)
                  0080de60    00000100     sysbios.ae66 : BIOS.obj (.text:ti_sysbios_timers_timer64_Timer_initDevice__I)
                  0080df60    00000100     ti.targets.rts6000.ae66 : Core-mem.oe66 (.text:xdc_runtime_Core_deleteObject__I)
                  0080e060    00000100                             : LoggerBuf.oe66 (.text:xdc_runtime_LoggerBuf_getFilterLevel__F)
                  0080e160    00000100                             : Startup.oe66 (.text:xdc_runtime_Startup_exec__F)
                  0080e260    00000100                             : Text.oe66 (.text:xdc_runtime_Text_visitRope2__I)
                  0080e360    000000e0     rts6600_elf.lib : trgdrv.obj (.text:HOSTopen)
                  0080e440    000000e0                     : atoi.obj (.text:atoi)
                  0080e520    000000e0                     : lowlev.obj (.text:close)
                  0080e600    000000e0                     : copy_zero_init.obj (.text:decompress:ZI:__TI_zero_init)
                  0080e6e0    000000e0                     : memset.obj (.text:memset)
                  0080e7c0    000000e0                     : fscanf.obj (.text:scanf)
                  0080e8a0    000000e0     sysbios.ae66 : BIOS.obj (.text:ti_sysbios_timers_timer64_Timer_startup__E)
                  0080e980    000000e0     ti.targets.rts6000.ae66 : Error.oe66 (.text:xdc_runtime_Error_print__F)
                  0080ea60    000000e0     FFT_config_pe66.oe66 (.text:xdc_runtime_LoggerBuf_Object__create__S)
                  0080eb40    000000e0     ti.targets.rts6000.ae66 : Memory.oe66 (.text:xdc_runtime_Memory_alloc__F)
                  0080ec20    000000c0     rts6600_elf.lib : trgdrv.obj (.text:HOSTread)
                  0080ece0    000000c0                     : trgdrv.obj (.text:HOSTunlink)
                  0080eda0    000000c0                     : trgdrv.obj (.text:HOSTwrite)
                  0080ee60    000000c0                     : dtor_list.obj (.text:_Z11__TI_atexitPFYvPvES_S_)
                  0080ef20    000000c0                     : dtor_list.obj (.text:__cxa_finalize)
                  0080efe0    000000c0                     : divu.obj (.text:__divu)
                  0080f0a0    000000c0                     : fflush.obj (.text:_doflush)
                  0080f160    000000c0                     : _io_perm.obj (.text:_rd_ok)
                  0080f220    000000c0                     : exit.obj (.text:exit)
                  0080f2e0    000000c0     sysbios.ae66 : BIOS.obj (.text:ti_sysbios_BIOS_errorRaiseHook__I)
                  0080f3a0    000000c0                  : BIOS.obj (.text:ti_sysbios_heaps_HeapMem_getStats__E)
                  0080f460    000000c0                  : BIOS.obj (.text:ti_sysbios_knl_Clock_logTick__E)
                  0080f520    000000c0                  : BIOS.obj (.text:ti_sysbios_knl_Task_allBlockedFunction__I)
                  0080f5e0    000000c0                  : BIOS.obj (.text:ti_sysbios_timers_timer64_Timer_stop__E)
                  0080f6a0    000000c0     ti.targets.rts6000.ae66 : LoggerBuf.oe66 (.text:xdc_runtime_LoggerBuf_Instance_init__F)
                  0080f760    000000c0                             : System.oe66 (.text:xdc_runtime_System_formatNum__I)
                  0080f820    000000a0     rts6600_elf.lib : trgdrv.obj (.text:HOSTclose)
                  0080f8c0    000000a0                     : round.obj (.text:__c6xabi_nround)
                  0080f960    000000a0                     : remu.obj (.text:__remu)
                  0080fa00    000000a0     boot.ae66 : boot.oe66 (.text:_c_int00)
                  0080faa0    000000a0     rts6600_elf.lib : fopen.obj (.text:_cleanup)
                  0080fb40    000000a0                     : lowlev.obj (.text:finddevice)
                  0080fbe0    000000a0                     : memcpy64.obj (.text:memcpy)
                  0080fc80    000000a0                     : modf.obj (.text:modf)
                  0080fd20    000000a0                     : lowlev.obj (.text:read)
                  0080fdc0    000000a0     sysbios.ae66 : BIOS.obj (.text:ti_sysbios_family_c64p_Exception_Module_startup__F)
                  0080fe60    000000a0                  : BIOS.obj (.text:ti_sysbios_heaps_HeapMem_init__I)
                  0080ff00    000000a0     FFT_config_pe66.oe66 (.text:ti_sysbios_knl_Clock_Object__create__S)
                  0080ffa0    000000a0     sysbios.ae66 : BIOS.obj (.text:ti_sysbios_knl_Idle_run__E)
                  00810040    000000a0     rts6600_elf.lib : lowlev.obj (.text:write)
                  008100e0    000000a0     ti.targets.rts6000.ae66 : Assert.oe66 (.text:xdc_runtime_Assert_raise__I)
                  00810180    000000a0                             : LoggerBuf.oe66 (.text:xdc_runtime_LoggerBuf_Module_startup__F)
                  00810220    000000a0                             : SysMin.oe66 (.text:xdc_runtime_SysMin_abort__F)
                  008102c0    000000a0                             : SysMin.oe66 (.text:xdc_runtime_SysMin_flush__F)
                  00810360    000000a0                             : SysMin.oe66 (.text:xdc_runtime_SysMin_putch__F)
                  00810400    000000a0                             : Text.oe66 (.text:xdc_runtime_Text_xprintf__I)
                  008104a0    00000080     rts6600_elf.lib : llshift.obj (.text:__c6xabi_llshl)
                  00810520    00000080     sysbios.ae66 : c62_TaskSupport_asm.obj (.text:_ti_sysbios_family_c62_TaskSupport_swap__E)
                  008105a0    00000080     FFT_config_pe66.oe66 (.text:malloc)
                  00810620    00000080     rts6600_elf.lib : trgmsg.obj (.text:readmsg)
                  008106a0    00000080     FFT_config_pe66.oe66 (.text:ti_sysbios_BIOS_exitFunc__I)
                  00810720    00000080     sysbios.ae66 : BIOS.obj (.text:ti_sysbios_family_c62_TaskSupport_start__E)
                  008107a0    00000080                  : BIOS.obj (.text:ti_sysbios_family_c64p_Hwi_getStackInfo__E)
                  00810820    00000080     FFT_config_pe66.oe66 (.text:ti_sysbios_gates_GateHwi_Object__create__S)
                  008108a0    00000080     FFT_config_pe66.oe66 (.text:ti_sysbios_gates_GateMutex_Object__create__S)
                  00810920    00000080     sysbios.ae66 : BIOS.obj (.text:ti_sysbios_hal_Hwi_checkStack:ti_sysbios_hal_Hwi_checkStack)
                  008109a0    00000080                  : BIOS.obj (.text:ti_sysbios_hal_Hwi_initStack:ti_sysbios_hal_Hwi_initStack)
                  00810a20    00000080     FFT_config_pe66.oe66 (.text:ti_sysbios_heaps_HeapMem_Object__create__S)
                  00810aa0    00000080     FFT_config_pe66.oe66 (.text:ti_sysbios_knl_Clock_doTick__I)
                  00810b20    00000080     FFT_config_pe66.oe66 (.text:ti_sysbios_knl_Queue_Object__create__S)
                  00810ba0    00000080     FFT_config_pe66.oe66 (.text:ti_sysbios_knl_Semaphore_Object__create__S)
                  00810c20    00000080     sysbios.ae66 : BIOS.obj (.text:ti_sysbios_knl_Semaphore_pendTimeout__I)
                  00810ca0    00000080                  : BIOS.obj (.text:ti_sysbios_knl_Swi_startup__E)
                  00810d20    00000080                  : BIOS.obj (.text:ti_sysbios_knl_Task_restore__E)
                  00810da0    00000080                  : BIOS.obj (.text:ti_sysbios_timers_timer64_Timer_getPeriod__E)
                  00810e20    00000080     rts6600_elf.lib : lowlev.obj (.text:unlink)
                  00810ea0    00000080     ti.targets.rts6000.ae66 : Core-label.oe66 (.text:xdc_runtime_Core_assignLabel__I)
                  00810f20    00000080                             : Core-params.oe66 (.text:xdc_runtime_Core_assignParams__I)
                  00810fa0    00000080                             : LoggerBuf.oe66 (.text:xdc_runtime_LoggerBuf_filterOutEvent__I)
                  00811020    00000080     FFT_config_pe66.oe66 (.text:xdc_runtime_SysMin_output__I)
                  008110a0    00000080     ti.targets.rts6000.ae66 : System.oe66 (.text:xdc_runtime_System_atexit__F)
                  00811120    00000080                             : System.oe66 (.text:xdc_runtime_System_putchar__I)
                  008111a0    00000080                             : System.oe66 (.text:xdc_runtime_System_rtsExit__I)
                  00811220    00000080                             : Text.oe66 (.text:xdc_runtime_Text_printVisFxn__I)
                  008112a0    00000060     rts6600_elf.lib : frcmpyd_div.obj (.text:__c6xabi_frcmpyd_div)
                  00811300    00000060                     : llshift.obj (.text:__c6xabi_llshru)
                  00811360    00000060                     : imath64.obj (.text:__c6xabi_remull)
                  008113c0    00000060                     : imath64.obj (.text:_subcull)
                  00811420    00000060     sysbios.ae66 : BIOS.obj (.text:ti_sysbios_BIOS_registerRTSLock__I)
                  00811480    00000060                  : BIOS.obj (.text:ti_sysbios_gates_GateMutex_Instance_init__F)
                  008114e0    00000060     FFT_config_pe66.oe66 (.text:ti_sysbios_gates_GateMutex_Object__delete__S)
                  00811540    00000060     sysbios.ae66 : BIOS.obj (.text:ti_sysbios_knl_Clock_Module_startup__F)
                  008115a0    00000060                  : BIOS.obj (.text:ti_sysbios_knl_Swi_Module_startup__F)
                  00811600    00000060                  : BIOS.obj (.text:ti_sysbios_knl_Task_enter__I)
                  00811660    00000060                  : BIOS.obj (.text:ti_sysbios_knl_Task_sleepTimeout__I)
                  008116c0    00000060     rts6600_elf.lib : trgmsg.obj (.text:writemsg)
                  00811720    00000060     FFT_config_pe66.oe66 (.text:xdc_runtime_LoggerBuf_Object__delete__S)
                  00811780    00000060     ti.targets.rts6000.ae66 : Memory.oe66 (.text:xdc_runtime_Memory_calloc__F)
                  008117e0    00000060                             : SysMin.oe66 (.text:xdc_runtime_SysMin_Module_startup__F)
                  00811840    00000060                             : SysMin.oe66 (.text:xdc_runtime_SysMin_exit__F)
                  008118a0    00000060                             : System.oe66 (.text:xdc_runtime_System_avprintf__F)
                  00811900    00000060                             : System.oe66 (.text:xdc_runtime_System_vprintf__F)
                  00811960    00000060                             : Text.oe66 (.text:xdc_runtime_Text_cordText__F)
                  008119c0    00000040     rts6600_elf.lib : args_main.obj (.text:_args_main)
                  00811a00    00000040     sysbios.ae66 : c62_TaskSupport_asm.obj (.text:_ti_sysbios_family_c62_TaskSupport_buildTaskStack)
                  00811a40    00000040                  : c64p_Hwi_asm_switch.obj (.text:_ti_sysbios_family_xxx_Hwi_switchToIsrStack)
                  00811a80    00000040     FFT_config_pe66.oe66 (.text:free)
                  00811ac0    00000040     sysbios.ae66 : BIOS.obj (.text:ti_sysbios_BIOS_rtsLock__I)
                  00811b00    00000040     FFT_config_pe66.oe66 (.text:ti_sysbios_BIOS_startFunc__I)
                  00811b40    00000040     FFT_config_pe66.oe66 (.text:ti_sysbios_family_c64p_Hwi_Module__startupDone__F)
                  00811b80    00000040     sysbios.ae66 : BIOS.obj (.text:ti_sysbios_family_c64p_Hwi_disableInterrupt__E)
                  00811bc0    00000040                  : BIOS.obj (.text:ti_sysbios_family_c64p_Hwi_enableInterrupt__E)
                  00811c00    00000040     FFT_config_pe66.oe66 (.text:ti_sysbios_gates_GateHwi_Handle__label__S)
                  00811c40    00000040     FFT_config_pe66.oe66 (.text:ti_sysbios_gates_GateHwi_Object__delete__S)
                  00811c80    00000040     FFT_config_pe66.oe66 (.text:ti_sysbios_gates_GateMutex_Handle__label__S)
                  00811cc0    00000040     sysbios.ae66 : BIOS.obj (.text:ti_sysbios_gates_GateMutex_leave__E)
                  00811d00    00000040     FFT_config_pe66.oe66 (.text:ti_sysbios_hal_Timer_Module__startupDone__F)
                  00811d40    00000040     FFT_config_pe66.oe66 (.text:ti_sysbios_heaps_HeapMem_Handle__label__S)
                  00811d80    00000040     FFT_config_pe66.oe66 (.text:ti_sysbios_heaps_HeapMem_Object__delete__S)
                  00811dc0    00000040     FFT_config_pe66.oe66 (.text:ti_sysbios_heaps_HeapMem_Object__get__S)
                  00811e00    00000040     FFT_config_pe66.oe66 (.text:ti_sysbios_knl_Semaphore_Object__destruct__S)
                  00811e40    00000040     FFT_config_pe66.oe66 (.text:ti_sysbios_knl_Swi_Object__get__S)
                  00811e80    00000040     FFT_config_pe66.oe66 (.text:ti_sysbios_knl_Task_Object__get__S)
                  00811ec0    00000040     FFT_config_pe66.oe66 (.text:ti_sysbios_timers_timer64_Timer_Module__startupDone__F)
                  00811f00    00000040     ti.targets.rts6000.ae66 : Error.oe66 (.text:xdc_runtime_Error_check__F)
                  00811f40    00000040                             : Error.oe66 (.text:xdc_runtime_Error_init__F)
                  00811f80    00000040                             : Gate.oe66 (.text:xdc_runtime_Gate_leaveSystem__F)
                  00811fc0    00000040     FFT_config_pe66.oe66 (.text:xdc_runtime_LoggerBuf_Handle__label__S)
                  00812000    00000040     ti.targets.rts6000.ae66 : LoggerBuf.oe66 (.text:xdc_runtime_LoggerBuf_Instance_finalize__F)
                  00812040    00000040     FFT_config_pe66.oe66 (.text:xdc_runtime_LoggerBuf_Object__get__S)
                  00812080    00000040     ti.targets.rts6000.ae66 : LoggerBuf.oe66 (.text:xdc_runtime_LoggerBuf_write0__F)
                  008120c0    00000040                             : LoggerBuf.oe66 (.text:xdc_runtime_LoggerBuf_write1__F)
                  00812100    00000040                             : LoggerBuf.oe66 (.text:xdc_runtime_LoggerBuf_write2__F)
                  00812140    00000040                             : Memory.oe66 (.text:xdc_runtime_Memory_free__F)
                  00812180    00000040                             : Registry.oe66 (.text:xdc_runtime_Registry_findById__F)
                  008121c0    00000040                             : System.oe66 (.text:xdc_runtime_System_abort__F)
                  00812200    00000040     FFT_config_pe66.oe66 (.text:xdc_runtime_System_aprintf__E)
                  00812240    00000040     FFT_config_pe66.oe66 (.text:xdc_runtime_System_printf__E)
                  00812280    00000040     ti.targets.rts6000.ae66 : Text.oe66 (.text:xdc_runtime_Text_ropeText__F)
                  008122c0    00000020     rts6600_elf.lib : errno.obj (.text:__c6xabi_errno_addr)
                  008122e0    00000020                     : negll.obj (.text:__c6xabi_negll)
                  00812300    00000020                     : trunc.obj (.text:__c6xabi_trunc)
                  00812320    00000020                     : dtor_list.obj (.text:__cxa_atexit)
                  00812340    00000020                     : dtor_list.obj (.text:__cxa_ia64_exit)
                  00812360    00000020     ti.targets.rts6000.ae66 : xdc_noinit.oe66 (.text:__xdc__init)
                  00812380    00000020     rts6600_elf.lib : fscanf.obj (.text:_inpchar)
                  008123a0    00000020                     : _lock.obj (.text:_nop)
                  008123c0    00000020                     : _lock.obj (.text:_register_lock)
                  008123e0    00000020                     : _lock.obj (.text:_register_unlock)
                  00812400    00000020     sysbios.ae66 : c62_TaskSupport_asm.obj (.text:_ti_sysbios_family_c62_TaskSupport_glue)
                  00812420    00000020                  : c64p_Hwi_asm_switch.obj (.text:_ti_sysbios_family_xxx_Hwi_switchToTaskStack)
                  00812440    00000020     rts6600_elf.lib : fscanf.obj (.text:_uninpchar)
                  00812460    00000020                     : exit.obj (.text:abort)
                  00812480    00000020                     : dtor_list.obj (.text:atexit)
                  008124a0    00000020                     : copy_decompress_none.obj (.text:decompress:none:__TI_decompress_none)
                  008124c0    00000020                     : copy_decompress_rle.obj (.text:decompress:rle24:__TI_decompress_rle24)
                  008124e0    00000020     FFT_config_pe66.oe66 (.text:ti_sysbios_BIOS_RtsGateProxy_enter__E)
                  00812500    00000020     FFT_config_pe66.oe66 (.text:ti_sysbios_BIOS_RtsGateProxy_leave__E)
                  00812520    00000020     sysbios.ae66 : BIOS.obj (.text:ti_sysbios_BIOS_nullFunc__I)
                  00812540    00000020                  : BIOS.obj (.text:ti_sysbios_BIOS_setThreadType__E)
                  00812560    00000020                  : BIOS.obj (.text:ti_sysbios_BIOS_start__E)
                  00812580    00000020     FFT_config_pe66.oe66 (.text:ti_sysbios_family_c62_TaskSupport_Module__startupDone__S)
                  008125a0    00000020     sysbios.ae66 : BIOS.obj (.text:ti_sysbios_family_c62_TaskSupport_checkStack__E)
                  008125c0    00000020                  : BIOS.obj (.text:ti_sysbios_family_c64p_Hwi_clearInterrupt__E)
                  008125e0    00000020                  : BIOS.obj (.text:ti_sysbios_family_c64p_Hwi_startup__E)
                  00812600    00000020                  : BIOS.obj (.text:ti_sysbios_family_c64p_Hwi_switchFromBootStack__E)
                  00812620    00000020                  : BIOS.obj (.text:ti_sysbios_family_c64p_TimestampProvider_Module_startup__F)
                  00812640    00000020                  : BIOS.obj (.text:ti_sysbios_family_c64p_TimestampProvider_get64__E)
                  00812660    00000020                  : BIOS.obj (.text:ti_sysbios_family_c64p_tci6488_TimerSupport_enable__E)
                  00812680    00000020                  : BIOS.obj (.text:ti_sysbios_gates_GateHwi_Instance_init__F)
                  008126a0    00000020                  : BIOS.obj (.text:ti_sysbios_gates_GateHwi_enter__E)
                  008126c0    00000020                  : BIOS.obj (.text:ti_sysbios_gates_GateHwi_leave__E)
                  008126e0    00000020                  : BIOS.obj (.text:ti_sysbios_gates_GateHwi_query__F)
                  00812700    00000020                  : BIOS.obj (.text:ti_sysbios_gates_GateMutex_Instance_finalize__F)
                  00812720    00000020                  : BIOS.obj (.text:ti_sysbios_gates_GateMutex_query__F)
                  00812740    00000020     FFT_config_pe66.oe66 (.text:ti_sysbios_hal_Hwi_HwiProxy_Module__startupDone__S)
                  00812760    00000020     sysbios.ae66 : BIOS.obj (.text:ti_sysbios_hal_Hwi_Module_startup__F)
                  00812780    00000020                  : BIOS.obj (.text:ti_sysbios_hal_Timer_Module_startup__F)
                  008127a0    00000020     FFT_config_pe66.oe66 (.text:ti_sysbios_hal_Timer_TimerProxy_Module__startupDone__S)
                  008127c0    00000020     FFT_config_pe66.oe66 (.text:ti_sysbios_hal_Timer_TimerProxy_getPeriod__E)
                  008127e0    00000020     FFT_config_pe66.oe66 (.text:ti_sysbios_heaps_HeapMem_Module_GateProxy_enter__E)
                  00812800    00000020     FFT_config_pe66.oe66 (.text:ti_sysbios_heaps_HeapMem_Module_GateProxy_leave__E)
                  00812820    00000020     sysbios.ae66 : BIOS.obj (.text:ti_sysbios_heaps_HeapMem_isBlocking__E)
                  00812840    00000020     FFT_config_pe66.oe66 (.text:ti_sysbios_knl_Clock_Params__init__S)
                  00812860    00000020     sysbios.ae66 : BIOS.obj (.text:ti_sysbios_knl_Clock_getTicks__E)
                  00812880    00000020                  : BIOS.obj (.text:ti_sysbios_knl_Idle_loop__E)
                  008128a0    00000020                  : BIOS.obj (.text:ti_sysbios_knl_Queue_Instance_init__F)
                  008128c0    00000020     FFT_config_pe66.oe66 (.text:ti_sysbios_knl_Queue_Object__destruct__S)
                  008128e0    00000020     FFT_config_pe66.oe66 (.text:ti_sysbios_knl_Queue_Object__get__S)
                  00812900    00000020     sysbios.ae66 : BIOS.obj (.text:ti_sysbios_knl_Queue_empty__E)
                  00812920    00000020                  : BIOS.obj (.text:ti_sysbios_knl_Semaphore_Instance_finalize__F)
                  00812940    00000020                  : BIOS.obj (.text:ti_sysbios_knl_Swi_disable__E)
                  00812960    00000020     FFT_config_pe66.oe66 (.text:ti_sysbios_knl_Task_SupportProxy_Module__startupDone__S)
                  00812980    00000020     sysbios.ae66 : BIOS.obj (.text:ti_sysbios_knl_Task_disable__E)
                  008129a0    00000020                  : BIOS.obj (.text:ti_sysbios_knl_Task_startup__E)
                  008129c0    00000020     ti.targets.rts6000.ae66 : Gate.oe66 (.text:xdc_runtime_Gate_enterSystem__F)
                  008129e0    00000020     FFT_config_pe66.oe66 (.text:xdc_runtime_IHeap_alloc)
                  00812a00    00000020     FFT_config_pe66.oe66 (.text:xdc_runtime_IHeap_free)
                  00812a20    00000020     FFT_config_pe66.oe66 (.text:xdc_runtime_LoggerBuf_Module_GateProxy_enter__E)
                  00812a40    00000020     FFT_config_pe66.oe66 (.text:xdc_runtime_LoggerBuf_Module_GateProxy_leave__E)
                  00812a60    00000020     ti.targets.rts6000.ae66 : LoggerBuf.oe66 (.text:xdc_runtime_LoggerBuf_disable__F)
                  00812a80    00000020                             : LoggerBuf.oe66 (.text:xdc_runtime_LoggerBuf_enable__F)
                  00812aa0    00000020     FFT_config_pe66.oe66 (.text:xdc_runtime_Memory_HeapProxy_alloc__E)
                  00812ac0    00000020     FFT_config_pe66.oe66 (.text:xdc_runtime_Memory_HeapProxy_free__E)
                  00812ae0    00000020     FFT_config_pe66.oe66 (.text:xdc_runtime_Startup_exec__I)
                  00812b00    00000020     FFT_config_pe66.oe66 (.text:xdc_runtime_Startup_reset__I)
                  00812b20    00000020     ti.targets.rts6000.ae66 : SysMin.oe66 (.text:xdc_runtime_SysMin_ready__F)
                  00812b40    00000020     FFT_config_pe66.oe66 (.text:xdc_runtime_System_Module_GateProxy_enter__E)
                  00812b60    00000020     FFT_config_pe66.oe66 (.text:xdc_runtime_System_Module_GateProxy_leave__E)
                  00812b80    00000020     ti.targets.rts6000.ae66 : System.oe66 (.text:xdc_runtime_System_Module_startup__F)
                  00812ba0    00000020                             : System.oe66 (.text:xdc_runtime_System_exit__F)
                  00812bc0    00000020                             : System.oe66 (.text:xdc_runtime_System_lastFxn__I)
                  00812be0    00000020                             : System.oe66 (.text:xdc_runtime_System_vsnprintf__F)
                  00812c00    00000020     FFT_config_pe66.oe66 (.text:xdc_runtime_Text_visitRope__I)

.far       0    00812c20    00004180     UNINITIALIZED
                  00812c20    00002818     FFT_config_pe66.oe66 (.far)
                  00815438    00001800     FFT_config_pe66.oe66 (.far:taskStackSection)
                  00816c38    00000140     rts6600_elf.lib : defs.obj (.far)
                  00816d78    00000020     util.obj (.far)
                  00816d98    00000008     rts6600_elf.lib : trgdrv.obj (.far)

.const     0    00816da0    000028c2     
                  00816da0    000015ae     FFT_config_pe66.oe66 (.const:xdc_runtime_Text_charTab__A)
                  0081834e    00000002     FFT_config_pe66.oe66 (.const:ti_sysbios_BIOS_Module__id__C)
                  00818350    000004e4     sysbios.ae66 : BIOS.obj (.const:.string)
                  00818834    00000004     ti.targets.rts6000.ae66 : Assert.oe66 (.const:.string)
                  00818838    00000400     FFT_config_pe66.oe66 (.const:ti_sysbios_family_c66_Cache_marvalues__C)
                  00818c38    00000101     rts6600_elf.lib : ctype.obj (.const:.string:_ctypes_)
                  00818d39    00000001     --HOLE-- [fill = 0]
                  00818d3a    00000002     FFT_config_pe66.oe66 (.const:ti_sysbios_family_c64p_Exception_Module__id__C)
                  00818d3c    00000004     FFT_config_pe66.oe66 (.const:ti_sysbios_BIOS_Module__diagsEnabled__C)
                  00818d40    000000cc     FFT_config_pe66.oe66 (.const:xdc_runtime_Text_nodeTab__A)
                  00818e0c    0000008c     util.obj (.const:.string)
                  00818e98    00000058     ti.targets.rts6000.ae66 : Error.oe66 (.const:.string)
                  00818ef0    00000050     rts6600_elf.lib : strtod.obj (.const:digits)
                  00818f40    00000050                     : strtold.obj (.const:digits)
                  00818f90    00000048                     : strtod.obj (.const:powerof10)
                  00818fd8    00000048                     : strtold.obj (.const:powerof10)
                  00819020    00000047     FFT_config_pe66.oe66 (.const:.string)
                  00819067    00000001     --HOLE-- [fill = 0]
                  00819068    00000040     ti.targets.rts6000.ae66 : Text.oe66 (.const:.string)
                  008190a8    0000003c     FFT_config_pe66.oe66 (.const:xdc_runtime_LoggerBuf_Module__FXNS__C)
                  008190e4    00000004     FFT_config_pe66.oe66 (.const:ti_sysbios_BIOS_Module__diagsIncluded__C)
                  008190e8    00000034     FFT_config_pe66.oe66 (.const:xdc_runtime_Startup_sfxnTab__A)
                  0081911c    0000002c     ti.targets.rts6000.ae66 : Startup.oe66 (.const:.string)
                  00819148    00000028     FFT_config_pe66.oe66 (.const:ti_sysbios_heaps_HeapMem_Module__FXNS__C)
                  00819170    00000028     FFT_config_pe66.oe66 (.const:xdc_runtime_LoggerBuf_Object__PARAMS__C)
                  00819198    00000024     FFT_config_pe66.oe66 (.const:ti_sysbios_gates_GateHwi_Module__FXNS__C)
                  008191bc    00000024     FFT_config_pe66.oe66 (.const:ti_sysbios_gates_GateMutex_Module__FXNS__C)
                  008191e0    00000024     FFT_config_pe66.oe66 (.const:ti_sysbios_heaps_HeapMem_Object__PARAMS__C)
                  00819204    00000024     FFT_config_pe66.oe66 (.const:ti_sysbios_knl_Clock_Object__PARAMS__C)
                  00819228    00000024     FFT_config_pe66.oe66 (.const:ti_sysbios_knl_Semaphore_Object__PARAMS__C)
                  0081924c    00000020     FFT_config_pe66.oe66 (.const:ti_sysbios_gates_GateHwi_Object__DESC__C)
                  0081926c    00000020     FFT_config_pe66.oe66 (.const:ti_sysbios_gates_GateMutex_Object__DESC__C)
                  0081928c    00000020     FFT_config_pe66.oe66 (.const:ti_sysbios_heaps_HeapMem_Object__DESC__C)
                  008192ac    00000020     FFT_config_pe66.oe66 (.const:ti_sysbios_knl_Clock_Object__DESC__C)
                  008192cc    00000020     FFT_config_pe66.oe66 (.const:ti_sysbios_knl_Queue_Object__DESC__C)
                  008192ec    00000020     FFT_config_pe66.oe66 (.const:ti_sysbios_knl_Semaphore_Object__DESC__C)
                  0081930c    00000020     FFT_config_pe66.oe66 (.const:xdc_runtime_LoggerBuf_Object__DESC__C)
                  0081932c    00000004     FFT_config_pe66.oe66 (.const:ti_sysbios_BIOS_Module__diagsMask__C)
                  00819330    0000001a     FFT_config_pe66.oe66 (.const:xdc_runtime_Startup_sfxnRts__A)
                  0081934a    00000002     FFT_config_pe66.oe66 (.const:ti_sysbios_family_c64p_Exception_useInternalBuffer__C)
                  0081934c    00000018     FFT_config_pe66.oe66 (.const:ti_sysbios_gates_GateHwi_Object__PARAMS__C)
                  00819364    00000018     FFT_config_pe66.oe66 (.const:ti_sysbios_gates_GateMutex_Object__PARAMS__C)
                  0081937c    00000018     FFT_config_pe66.oe66 (.const:ti_sysbios_knl_Queue_Object__PARAMS__C)
                  00819394    00000004     FFT_config_pe66.oe66 (.const:ti_sysbios_BIOS_installedErrorHook__C)
                  00819398    00000018     FFT_config_pe66.oe66 (.const:ti_sysbios_knl_Task_hooks__A)
                  008193b0    00000011     ti.targets.rts6000.ae66 : System.oe66 (.const:digtohex)
                  008193c1    00000001     --HOLE-- [fill = 0]
                  008193c2    00000002     FFT_config_pe66.oe66 (.const:ti_sysbios_family_c64p_Hwi_Module__id__C)
                  008193c4    0000000c     FFT_config_pe66.oe66 (.const:ti_sysbios_family_c66_Cache_initSize__C)
                  008193d0    00000008     ti.targets.rts6000.ae66 : System.oe66 (.const:.string)
                  008193d8    00000008     FFT_config_pe66.oe66 (.const:ti_sysbios_knl_Idle_coreList__C)
                  008193e0    00000008     FFT_config_pe66.oe66 (.const:ti_sysbios_knl_Idle_funcList__C)
                  008193e8    00000008     FFT_config_pe66.oe66 (.const:ti_sysbios_knl_Task_hooks__C)
                  008193f0    00000008     FFT_config_pe66.oe66 (.const:xdc_runtime_Startup_firstFxns__A)
                  008193f8    00000008     FFT_config_pe66.oe66 (.const:xdc_runtime_Startup_firstFxns__C)
                  00819400    00000008     FFT_config_pe66.oe66 (.const:xdc_runtime_Startup_lastFxns__C)
                  00819408    00000007     rts6600_elf.lib : _scanfi.obj (.const:.string:flit$1)
                  0081940f    00000001     --HOLE-- [fill = 0]
                  00819410    00000006                     : _scanfi.obj (.const:.string:barr$2)
                  00819416    00000002     FFT_config_pe66.oe66 (.const:ti_sysbios_family_c64p_Hwi_Module__loggerDefined__C)
                  00819418    00000004     FFT_config_pe66.oe66 (.const:ti_sysbios_family_c64p_Exception_E_exceptionMin__C)
                  0081941c    00000004     FFT_config_pe66.oe66 (.const:ti_sysbios_family_c64p_Exception_exceptionHook__C)
                  00819420    00000004     FFT_config_pe66.oe66 (.const:ti_sysbios_family_c64p_Exception_externalHook__C)
                  00819424    00000004     FFT_config_pe66.oe66 (.const:ti_sysbios_family_c64p_Exception_internalHook__C)
                  00819428    00000004     FFT_config_pe66.oe66 (.const:ti_sysbios_family_c64p_Exception_nmiHook__C)
                  0081942c    00000004     FFT_config_pe66.oe66 (.const:ti_sysbios_family_c64p_Hwi_LD_end__C)
                  00819430    00000004     FFT_config_pe66.oe66 (.const:ti_sysbios_family_c64p_Hwi_LM_begin__C)
                  00819434    00000004     FFT_config_pe66.oe66 (.const:ti_sysbios_family_c64p_Hwi_Module__diagsEnabled__C)
                  00819438    00000004     FFT_config_pe66.oe66 (.const:ti_sysbios_family_c64p_Hwi_Module__diagsIncluded__C)
                  0081943c    00000004     FFT_config_pe66.oe66 (.const:ti_sysbios_family_c64p_Hwi_Module__diagsMask__C)
                  00819440    00000004     FFT_config_pe66.oe66 (.const:ti_sysbios_family_c64p_Hwi_Module__loggerFxn1__C)
                  00819444    00000004     FFT_config_pe66.oe66 (.const:ti_sysbios_family_c64p_Hwi_Module__loggerFxn8__C)
                  00819448    00000004     FFT_config_pe66.oe66 (.const:ti_sysbios_family_c64p_Hwi_Module__loggerObj__C)
                  0081944c    00000004     FFT_config_pe66.oe66 (.const:ti_sysbios_gates_GateMutex_A_badContext__C)
                  00819450    00000004     FFT_config_pe66.oe66 (.const:ti_sysbios_gates_GateMutex_Instance_State_sem__O)
                  00819454    00000004     FFT_config_pe66.oe66 (.const:ti_sysbios_gates_GateMutex_Module__diagsEnabled__C)
                  00819458    00000004     FFT_config_pe66.oe66 (.const:ti_sysbios_gates_GateMutex_Module__diagsIncluded__C)
                  0081945c    00000004     FFT_config_pe66.oe66 (.const:ti_sysbios_gates_GateMutex_Module__diagsMask__C)
                  00819460    00000004     FFT_config_pe66.oe66 (.const:ti_sysbios_hal_Hwi_E_stackOverflow__C)
                  00819464    00000004     FFT_config_pe66.oe66 (.const:ti_sysbios_heaps_HeapMem_A_align__C)
                  00819468    00000004     FFT_config_pe66.oe66 (.const:ti_sysbios_heaps_HeapMem_A_heapSize__C)
                  0081946c    00000004     FFT_config_pe66.oe66 (.const:ti_sysbios_heaps_HeapMem_A_invalidFree__C)
                  00819470    00000004     FFT_config_pe66.oe66 (.const:ti_sysbios_heaps_HeapMem_A_zeroBlock__C)
                  00819474    00000004     FFT_config_pe66.oe66 (.const:ti_sysbios_heaps_HeapMem_E_memory__C)
                  00819478    00000004     FFT_config_pe66.oe66 (.const:ti_sysbios_heaps_HeapMem_Module__diagsEnabled__C)
                  0081947c    00000004     FFT_config_pe66.oe66 (.const:ti_sysbios_heaps_HeapMem_Module__diagsIncluded__C)
                  00819480    00000004     FFT_config_pe66.oe66 (.const:ti_sysbios_heaps_HeapMem_Module__diagsMask__C)
                  00819484    00000004     FFT_config_pe66.oe66 (.const:ti_sysbios_heaps_HeapMem_Module__gateObj__C)
                  00819488    00000004     FFT_config_pe66.oe66 (.const:ti_sysbios_heaps_HeapMem_Object__count__C)
                  0081948c    00000004     FFT_config_pe66.oe66 (.const:ti_sysbios_heaps_HeapMem_reqAlign__C)
                  00819490    00000004     FFT_config_pe66.oe66 (.const:ti_sysbios_knl_Clock_A_badThreadType__C)
                  00819494    00000004     FFT_config_pe66.oe66 (.const:ti_sysbios_knl_Clock_LM_begin__C)
                  00819498    00000004     FFT_config_pe66.oe66 (.const:ti_sysbios_knl_Clock_LM_tick__C)
                  0081949c    00000004     FFT_config_pe66.oe66 (.const:ti_sysbios_knl_Clock_LW_delayed__C)
                  008194a0    00000004     FFT_config_pe66.oe66 (.const:ti_sysbios_knl_Clock_Module_State_clockQ__O)
                  008194a4    00000004     FFT_config_pe66.oe66 (.const:ti_sysbios_knl_Clock_Module__diagsEnabled__C)
                  008194a8    00000004     FFT_config_pe66.oe66 (.const:ti_sysbios_knl_Clock_Module__diagsIncluded__C)
                  008194ac    00000004     FFT_config_pe66.oe66 (.const:ti_sysbios_knl_Clock_Module__diagsMask__C)
                  008194b0    00000004     FFT_config_pe66.oe66 (.const:ti_sysbios_knl_Clock_Module__loggerFxn1__C)
                  008194b4    00000004     FFT_config_pe66.oe66 (.const:ti_sysbios_knl_Clock_Module__loggerFxn2__C)
                  008194b8    00000004     FFT_config_pe66.oe66 (.const:ti_sysbios_knl_Clock_Module__loggerObj__C)
                  008194bc    00000004     FFT_config_pe66.oe66 (.const:ti_sysbios_knl_Semaphore_A_badContext__C)
                  008194c0    00000004     FFT_config_pe66.oe66 (.const:ti_sysbios_knl_Idle_coreList__A)
                  008194c4    00000004     FFT_config_pe66.oe66 (.const:ti_sysbios_knl_Semaphore_A_noEvents__C)
                  008194c8    00000004     FFT_config_pe66.oe66 (.const:ti_sysbios_knl_Idle_funcList__A)
                  008194cc    00000004     FFT_config_pe66.oe66 (.const:ti_sysbios_knl_Semaphore_A_overflow__C)
                  008194d0    00000004     FFT_config_pe66.oe66 (.const:ti_sysbios_knl_Semaphore_A_pendTaskDisabled__C)
                  008194d4    00000004     FFT_config_pe66.oe66 (.const:ti_sysbios_knl_Semaphore_Instance_State_pendQ__O)
                  008194d8    00000004     FFT_config_pe66.oe66 (.const:ti_sysbios_knl_Semaphore_LM_pend__C)
                  008194dc    00000004     FFT_config_pe66.oe66 (.const:ti_sysbios_knl_Semaphore_LM_post__C)
                  008194e0    00000004     FFT_config_pe66.oe66 (.const:ti_sysbios_knl_Semaphore_Module__diagsEnabled__C)
                  008194e4    00000004     FFT_config_pe66.oe66 (.const:ti_sysbios_knl_Semaphore_Module__diagsIncluded__C)
                  008194e8    00000004     FFT_config_pe66.oe66 (.const:ti_sysbios_knl_Semaphore_Module__diagsMask__C)
                  008194ec    00000004     FFT_config_pe66.oe66 (.const:ti_sysbios_knl_Semaphore_Module__loggerFxn2__C)
                  008194f0    00000004     FFT_config_pe66.oe66 (.const:ti_sysbios_knl_Semaphore_Module__loggerFxn4__C)
                  008194f4    00000004     FFT_config_pe66.oe66 (.const:ti_sysbios_knl_Semaphore_Module__loggerObj__C)
                  008194f8    00000004     FFT_config_pe66.oe66 (.const:ti_sysbios_knl_Swi_LD_end__C)
                  008194fc    00000004     FFT_config_pe66.oe66 (.const:ti_sysbios_knl_Swi_LM_begin__C)
                  00819500    00000004     FFT_config_pe66.oe66 (.const:ti_sysbios_knl_Swi_LM_post__C)
                  00819504    00000004     FFT_config_pe66.oe66 (.const:ti_sysbios_knl_Swi_Module__diagsEnabled__C)
                  00819508    00000004     FFT_config_pe66.oe66 (.const:ti_sysbios_knl_Swi_Module__diagsIncluded__C)
                  0081950c    00000004     FFT_config_pe66.oe66 (.const:ti_sysbios_knl_Swi_Module__diagsMask__C)
                  00819510    00000004     FFT_config_pe66.oe66 (.const:ti_sysbios_knl_Swi_Module__loggerFxn1__C)
                  00819514    00000004     FFT_config_pe66.oe66 (.const:ti_sysbios_knl_Swi_Module__loggerFxn4__C)
                  00819518    00000004     FFT_config_pe66.oe66 (.const:ti_sysbios_knl_Swi_Module__loggerObj__C)
                  0081951c    00000004     FFT_config_pe66.oe66 (.const:ti_sysbios_knl_Swi_Object__count__C)
                  00819520    00000004     FFT_config_pe66.oe66 (.const:ti_sysbios_knl_Task_A_badTimeout__C)
                  00819524    00000004     FFT_config_pe66.oe66 (.const:ti_sysbios_knl_Task_A_sleepTaskDisabled__C)
                  00819528    00000004     FFT_config_pe66.oe66 (.const:ti_sysbios_knl_Task_E_spOutOfBounds__C)
                  0081952c    00000004     FFT_config_pe66.oe66 (.const:ti_sysbios_knl_Task_E_stackOverflow__C)
                  00819530    00000004     FFT_config_pe66.oe66 (.const:ti_sysbios_knl_Task_LD_block__C)
                  00819534    00000004     FFT_config_pe66.oe66 (.const:ti_sysbios_knl_Task_LD_exit__C)
                  00819538    00000004     FFT_config_pe66.oe66 (.const:ti_sysbios_knl_Task_LD_ready__C)
                  0081953c    00000004     FFT_config_pe66.oe66 (.const:ti_sysbios_knl_Task_LM_sleep__C)
                  00819540    00000004     FFT_config_pe66.oe66 (.const:ti_sysbios_knl_Task_LM_switch__C)
                  00819544    00000004     FFT_config_pe66.oe66 (.const:ti_sysbios_knl_Task_Module_State_inactiveQ__O)
                  00819548    00000004     FFT_config_pe66.oe66 (.const:ti_sysbios_knl_Task_Module__diagsEnabled__C)
                  0081954c    00000004     FFT_config_pe66.oe66 (.const:ti_sysbios_knl_Task_Module__diagsIncluded__C)
                  00819550    00000004     FFT_config_pe66.oe66 (.const:ti_sysbios_knl_Task_Module__diagsMask__C)
                  00819554    00000004     FFT_config_pe66.oe66 (.const:ti_sysbios_knl_Task_Module__loggerFxn2__C)
                  00819558    00000004     FFT_config_pe66.oe66 (.const:ti_sysbios_knl_Task_Module__loggerFxn4__C)
                  0081955c    00000004     FFT_config_pe66.oe66 (.const:ti_sysbios_knl_Task_Module__loggerObj__C)
                  00819560    00000004     FFT_config_pe66.oe66 (.const:ti_sysbios_knl_Task_Object__count__C)
                  00819564    00000004     FFT_config_pe66.oe66 (.const:ti_sysbios_knl_Task_allBlockedFunc__C)
                  00819568    00000004     FFT_config_pe66.oe66 (.const:ti_sysbios_knl_Task_numConstructedTasks__C)
                  0081956c    00000004     FFT_config_pe66.oe66 (.const:ti_sysbios_timers_timer64_Timer_A_notAvailable__C)
                  00819570    00000004     FFT_config_pe66.oe66 (.const:ti_sysbios_timers_timer64_Timer_E_cannotSupport__C)
                  00819574    00000004     FFT_config_pe66.oe66 (.const:ti_sysbios_timers_timer64_Timer_Module__diagsEnabled__C)
                  00819578    00000004     FFT_config_pe66.oe66 (.const:ti_sysbios_timers_timer64_Timer_Module__diagsIncluded__C)
                  0081957c    00000004     FFT_config_pe66.oe66 (.const:ti_sysbios_timers_timer64_Timer_Module__diagsMask__C)
                  00819580    00000004     FFT_config_pe66.oe66 (.const:ti_sysbios_timers_timer64_Timer_anyMask__C)
                  00819584    00000004     FFT_config_pe66.oe66 (.const:ti_sysbios_timers_timer64_Timer_freqDivisor__C)
                  00819588    00000004     FFT_config_pe66.oe66 (.const:ti_sysbios_timers_timer64_Timer_numLocalTimers__C)
                  0081958c    00000004     FFT_config_pe66.oe66 (.const:ti_sysbios_timers_timer64_Timer_numTimerDevices__C)
                  00819590    00000004     FFT_config_pe66.oe66 (.const:xdc_runtime_Assert_E_assertFailed__C)
                  00819594    00000004     FFT_config_pe66.oe66 (.const:xdc_runtime_Core_A_initializedParams__C)
                  00819598    00000004     FFT_config_pe66.oe66 (.const:xdc_runtime_Core_Module__diagsEnabled__C)
                  0081959c    00000004     FFT_config_pe66.oe66 (.const:xdc_runtime_Core_Module__diagsIncluded__C)
                  008195a0    00000004     FFT_config_pe66.oe66 (.const:xdc_runtime_Core_Module__diagsMask__C)
                  008195a4    00000004     FFT_config_pe66.oe66 (.const:xdc_runtime_Error_E_memory__C)
                  008195a8    00000004     FFT_config_pe66.oe66 (.const:xdc_runtime_Error_Module__diagsEnabled__C)
                  008195ac    00000004     FFT_config_pe66.oe66 (.const:xdc_runtime_Error_Module__diagsIncluded__C)
                  008195b0    00000004     FFT_config_pe66.oe66 (.const:xdc_runtime_Error_Module__diagsMask__C)
                  008195b4    00000004     FFT_config_pe66.oe66 (.const:xdc_runtime_Error_Module__loggerFxn8__C)
                  008195b8    00000004     FFT_config_pe66.oe66 (.const:xdc_runtime_Error_Module__loggerObj__C)
                  008195bc    00000004     FFT_config_pe66.oe66 (.const:xdc_runtime_Error_policy__C)
                  008195c0    00000004     FFT_config_pe66.oe66 (.const:xdc_runtime_Error_raiseHook__C)
                  008195c4    00000004     FFT_config_pe66.oe66 (.const:xdc_runtime_IFilterLogger_Interface__BASE__C)
                  008195c8    00000004     FFT_config_pe66.oe66 (.const:xdc_runtime_IGateProvider_Interface__BASE__C)
                  008195cc    00000004     FFT_config_pe66.oe66 (.const:xdc_runtime_IHeap_Interface__BASE__C)
                  008195d0    00000004     FFT_config_pe66.oe66 (.const:xdc_runtime_ILogger_Interface__BASE__C)
                  008195d4    00000004     FFT_config_pe66.oe66 (.const:xdc_runtime_IModule_Interface__BASE__C)
                  008195d8    00000004     FFT_config_pe66.oe66 (.const:xdc_runtime_Log_L_error__C)
                  008195dc    00000004     FFT_config_pe66.oe66 (.const:xdc_runtime_LoggerBuf_E_badLevel__C)
                  008195e0    00000004     FFT_config_pe66.oe66 (.const:xdc_runtime_LoggerBuf_Module__gateObj__C)
                  008195e4    00000004     FFT_config_pe66.oe66 (.const:xdc_runtime_LoggerBuf_Object__count__C)
                  008195e8    00000004     FFT_config_pe66.oe66 (.const:xdc_runtime_LoggerBuf_statusLogger__C)
                  008195ec    00000004     FFT_config_pe66.oe66 (.const:xdc_runtime_Memory_defaultHeapInstance__C)
                  008195f0    00000004     FFT_config_pe66.oe66 (.const:xdc_runtime_Startup_execImpl__C)
                  008195f4    00000004     FFT_config_pe66.oe66 (.const:xdc_runtime_Startup_maxPasses__C)
                  008195f8    00000004     FFT_config_pe66.oe66 (.const:xdc_runtime_Startup_lastFxns__A)
                  008195fc    00000004     FFT_config_pe66.oe66 (.const:xdc_runtime_Startup_sfxnRts__C)
                  00819600    00000004     FFT_config_pe66.oe66 (.const:xdc_runtime_Startup_sfxnTab__C)
                  00819604    00000004     FFT_config_pe66.oe66 (.const:xdc_runtime_SysMin_bufSize__C)
                  00819608    00000004     FFT_config_pe66.oe66 (.const:xdc_runtime_SysMin_outputFunc__C)
                  0081960c    00000004     FFT_config_pe66.oe66 (.const:xdc_runtime_System_Module__gateObj__C)
                  00819610    00000004     FFT_config_pe66.oe66 (.const:xdc_runtime_System_extendFxn__C)
                  00819614    00000004     FFT_config_pe66.oe66 (.const:xdc_runtime_System_maxAtexitHandlers__C)
                  00819618    00000004     FFT_config_pe66.oe66 (.const:xdc_runtime_Text_charTab__C)
                  0081961c    00000004     FFT_config_pe66.oe66 (.const:xdc_runtime_Text_nameEmpty__C)
                  00819620    00000004     FFT_config_pe66.oe66 (.const:xdc_runtime_Text_nameStatic__C)
                  00819624    00000004     FFT_config_pe66.oe66 (.const:xdc_runtime_Text_nameUnknown__C)
                  00819628    00000004     FFT_config_pe66.oe66 (.const:xdc_runtime_Text_nodeTab__C)
                  0081962c    00000004     FFT_config_pe66.oe66 (.const:xdc_runtime_Text_visitRopeFxn__C)
                  00819630    00000002     FFT_config_pe66.oe66 (.const:ti_sysbios_gates_GateMutex_Module__id__C)
                  00819632    00000002     FFT_config_pe66.oe66 (.const:ti_sysbios_hal_Hwi_Module__id__C)
                  00819634    00000002     FFT_config_pe66.oe66 (.const:ti_sysbios_heaps_HeapMem_Module__id__C)
                  00819636    00000002     FFT_config_pe66.oe66 (.const:ti_sysbios_knl_Clock_Module__id__C)
                  00819638    00000002     FFT_config_pe66.oe66 (.const:ti_sysbios_knl_Clock_Module__loggerDefined__C)
                  0081963a    00000002     FFT_config_pe66.oe66 (.const:ti_sysbios_knl_Semaphore_Module__id__C)
                  0081963c    00000002     FFT_config_pe66.oe66 (.const:ti_sysbios_knl_Semaphore_Module__loggerDefined__C)
                  0081963e    00000002     FFT_config_pe66.oe66 (.const:ti_sysbios_knl_Swi_Module__id__C)
                  00819640    00000002     FFT_config_pe66.oe66 (.const:ti_sysbios_knl_Swi_Module__loggerDefined__C)
                  00819642    00000002     FFT_config_pe66.oe66 (.const:ti_sysbios_knl_Task_Module__id__C)
                  00819644    00000002     FFT_config_pe66.oe66 (.const:ti_sysbios_knl_Task_Module__loggerDefined__C)
                  00819646    00000002     FFT_config_pe66.oe66 (.const:ti_sysbios_knl_Task_initStackFlag__C)
                  00819648    00000002     FFT_config_pe66.oe66 (.const:ti_sysbios_timers_timer64_Timer_Module__id__C)
                  0081964a    00000002     FFT_config_pe66.oe66 (.const:ti_sysbios_timers_timer64_Timer_startupNeeded__C)
                  0081964c    00000002     FFT_config_pe66.oe66 (.const:xdc_runtime_Core_Module__id__C)
                  0081964e    00000002     FFT_config_pe66.oe66 (.const:xdc_runtime_Error_Module__loggerDefined__C)
                  00819650    00000002     FFT_config_pe66.oe66 (.const:xdc_runtime_Error_maxDepth__C)
                  00819652    00000002     FFT_config_pe66.oe66 (.const:xdc_runtime_LoggerBuf_Module__id__C)
                  00819654    00000002     FFT_config_pe66.oe66 (.const:xdc_runtime_LoggerBuf_filterByLevel__C)
                  00819656    00000002     FFT_config_pe66.oe66 (.const:xdc_runtime_Memory_Module__id__C)
                  00819658    00000002     FFT_config_pe66.oe66 (.const:xdc_runtime_SysMin_flushAtExit__C)
                  0081965a    00000002     FFT_config_pe66.oe66 (.const:xdc_runtime_Text_charCnt__C)
                  0081965c    00000002     FFT_config_pe66.oe66 (.const:xdc_runtime_Text_isLoaded__C)
                  0081965e    00000002     FFT_config_pe66.oe66 (.const:xdc_runtime_Text_registryModsLastId__C)
                  00819660    00000002     FFT_config_pe66.oe66 (.const:xdc_runtime_Text_unnamedModsLastId__C)

.stack     0    00819668    00001000     UNINITIALIZED
                  00819668    00000008     boot.ae66 : boot.oe66 (.stack)
                  00819670    00000ff8     --HOLE--

.fardata   0    0081a668    00000b8c     
                  0081a668    00000200     FFT_config_pe66.oe66 (.fardata)
                  0081a868    000001e0     rts6600_elf.lib : defs.obj (.fardata:_ftable)
                  0081aa48    00000180     FFT_config_pe66.oe66 (.fardata:ti_sysbios_timers_timer64_Timer_Module_State_0_device__A)
                  0081abc8    000000e4     FFT_config_pe66.oe66 (.fardata:ti_sysbios_knl_Task_Object__table__V)
                  0081acac    00000004     rts6600_elf.lib : defs.obj (.fardata)
                  0081acb0    000000a0                     : lowlev.obj (.fardata:_stream)
                  0081ad50    00000080     FFT_config_pe66.oe66 (.fardata:ti_sysbios_knl_Swi_Module_State_0_readyQ__A)
                  0081add0    00000080     FFT_config_pe66.oe66 (.fardata:ti_sysbios_knl_Task_Module_State_0_readyQ__A)
                  0081ae50    00000080     FFT_config_pe66.oe66 (.fardata:ti_sysbios_timers_timer64_Timer_Module_State_0_gctrl__A)
                  0081aed0    00000080     FFT_config_pe66.oe66 (.fardata:ti_sysbios_timers_timer64_Timer_Module_State_0_handles__A)
                  0081af50    00000080     FFT_config_pe66.oe66 (.fardata:ti_sysbios_timers_timer64_Timer_Module_State_0_intFreqs__A)
                  0081afd0    00000078     rts6600_elf.lib : lowlev.obj (.fardata:_device)
                  0081b048    0000004c     FFT_config_pe66.oe66 (.fardata:ti_sysbios_timers_timer64_Timer_Object__table__V)
                  0081b094    00000004     rts6600_elf.lib : dtor_list.obj (.fardata)
                  0081b098    00000040                     : sin.obj (.fardata:R$1)
                  0081b0d8    00000040     FFT_config_pe66.oe66 (.fardata:ti_sysbios_gates_GateMutex_Object__table__V)
                  0081b118    00000030     FFT_config_pe66.oe66 (.fardata:ti_sysbios_knl_Swi_Object__table__V)
                  0081b148    00000024     FFT_config_pe66.oe66 (.fardata:xdc_runtime_LoggerBuf_Object__table__V)
                  0081b16c    00000004     rts6600_elf.lib : errno.obj (.fardata)
                  0081b170    00000018     FFT_config_pe66.oe66 (.fardata:ti_sysbios_family_c64p_Hwi_Object__table__V)
                  0081b188    00000018     FFT_config_pe66.oe66 (.fardata:ti_sysbios_heaps_HeapMem_Object__table__V)
                  0081b1a0    00000010     util.obj (.fardata:coef)
                  0081b1b0    00000010     FFT_config_pe66.oe66 (.fardata:xdc_runtime_System_Module_State_0_atexitHandlers__A)
                  0081b1c0    0000000c     rts6600_elf.lib : exit.obj (.fardata)
                  0081b1cc    00000008                     : _lock.obj (.fardata)
                  0081b1d4    00000004     --HOLE--
                  0081b1d8    00000008     FFT_config_pe66.oe66 (.fardata:ti_sysbios_hal_Hwi_Object__table__V)
                  0081b1e0    00000008     FFT_config_pe66.oe66 (.fardata:ti_sysbios_hal_Timer_Object__table__V)
                  0081b1e8    00000004     FFT_config_pe66.oe66 (.fardata:ti_sysbios_gates_GateHwi_Object__table__V)
                  0081b1ec    00000004     --HOLE--
                  0081b1f0    00000004     FFT_config_pe66.oe66 (.fardata:ti_sysbios_knl_Task_Module_State_0_idleTask__A)

.cio       0    0081b1f8    00000120     UNINITIALIZED
                  0081b1f8    00000120     rts6600_elf.lib : trgmsg.obj (.cio)

.switch    0    0081b318    000000b0     
                  0081b318    00000088     util.obj (.switch:task0_dtmfGen)
                  0081b3a0    00000028     rts6600_elf.lib : _scanfi.obj (.switch:_sset_arg)

.vecs      0    0081b400    00000200     
                  0081b400    00000200     FFT_config_pe66.oe66 (.vecs)

.bss       0    0081b600    00000034     UNINITIALIZED
                  0081b600    00000020     util.obj (.bss)
                  0081b620    00000014     main_gtz.obj (.bss)

.neardata 
*          0    0081b634    00000060     
                  0081b634    00000060     main_gtz.obj (.neardata)

.rodata    0    0081b694    00000000     UNINITIALIZED

.cinit     0    0081b694    00000684     
                  0081b694    0000063c     (.cinit..fardata.load) [load image, compression = rle]
                  0081bcd0    0000000c     (__TI_handler_table)
                  0081bcdc    00000009     (.cinit..neardata.load) [load image, compression = rle]
                  0081bce5    00000003     --HOLE-- [fill = 0]
                  0081bce8    00000008     (.cinit..bss.load) [load image, compression = zero_init]
                  0081bcf0    00000008     (.cinit..far.load) [load image, compression = zero_init]
                  0081bcf8    00000020     (__TI_cinit_table)


LINKER GENERATED COPY TABLES

__TI_cinit_table @ 0081bcf8 records: 4, size/record: 8, table size: 32
	.fardata: load addr=0081b694, load size=0000063c bytes, run addr=0081a668, run size=00000b8c bytes, compression=rle
	.neardata: load addr=0081bcdc, load size=00000009 bytes, run addr=0081b634, run size=00000060 bytes, compression=rle
	.bss: load addr=0081bce8, load size=00000008 bytes, run addr=0081b600, run size=00000034 bytes, compression=zero_init
	.far: load addr=0081bcf0, load size=00000008 bytes, run addr=00812c20, run size=00004180 bytes, compression=zero_init


LINKER GENERATED HANDLER TABLE

__TI_handler_table @ 0081bcd0 records: 3, size/record: 4, table size: 12
	index: 0, handler: __TI_zero_init
	index: 1, handler: __TI_decompress_rle24
	index: 2, handler: __TI_decompress_none


GLOBAL SYMBOLS: SORTED ALPHABETICALLY BY Name 

address    name
--------   ----
00812460   C$$EXIT
00811718   C$$IO$$
0080f820   HOSTclose
0080dd60   HOSTlseek
0080e360   HOSTopen
0080ec20   HOSTread
0080b8c0   HOSTrename
0080ece0   HOSTunlink
0080eda0   HOSTwrite
0081ac60   TSK_idle
00800000   __ASM__
0081b1f8   __CIOBUF_
00800050   __ISA__
00800068   __PLAT__
00800090   __TARG__
0081bcf8   __TI_CINIT_Base
0081bd18   __TI_CINIT_Limit
0081bcd0   __TI_Handler_Table_Base
0081bcdc   __TI_Handler_Table_Limit
UNDEFED    __TI_INITARRAY_Base
UNDEFED    __TI_INITARRAY_Limit
0081a668   __TI_STACK_END
00001000   __TI_STACK_SIZE
0081b600   __TI_STATIC_BASE
00000001   __TI_args_main
008124a0   __TI_decompress_none
008124c0   __TI_decompress_rle24
0081b1c8   __TI_enable_exit_profile_output
ffffffff   __TI_pprof_out_hndl
ffffffff   __TI_prof_data_size
ffffffff   __TI_prof_data_start
0080e600   __TI_zero_init
008000b8   __TRDR__
ffffffff   __binit__
00804600   __c6xabi_divd
0080efe0   __c6xabi_divu
00809c40   __c6xabi_divull
008122c0   __c6xabi_errno_addr
008112a0   __c6xabi_frcmpyd_div
008104a0   __c6xabi_llshl
00811300   __c6xabi_llshru
008122e0   __c6xabi_negll
0080f8c0   __c6xabi_nround
0080f960   __c6xabi_remu
00811360   __c6xabi_remull
00812300   __c6xabi_trunc
ffffffff   __c_args__
00812320   __cxa_atexit
0080ef20   __cxa_finalize
00812340   __cxa_ia64_exit
0080efe0   __divu
0081b16c   __errno
0080f960   __remu
00812360   __xdc__init
0081a864   __xdc__init__addr
008119c0   _args_main
00000000   _argsize
0080cb40   _auto_init_elf
0080d7c0   _buff_read
0080fa00   _c_int00
0080faa0   _cleanup
0081b1c0   _cleanup_ptr
0080d8e0   _closefile
00818c38   _ctypes_
0080f0a0   _doflush
0081b1c4   _dtors_ptr
0081acac   _ft_end
0081a868   _ftable
0081b1cc   _lock
008123a0   _nop
0080f160   _rd_ok
008123c0   _register_lock
008123e0   _register_unlock
00800b80   _scanfi
00819668   _stack
008113c0   _subcull
00816c38   _tmpnams
0081b1d0   _unlock
00812460   abort
00812480   atexit
0080e440   atoi
ffffffff   binit
00800244   clkSwISR_0697Hz
0080036c   clkSwISR_0770Hz
00800490   clkSwISR_0852Hz
008005b4   clkSwISR_0941Hz
008006e0   clkSwISR_1209Hz
00800804   clkSwISR_1335Hz
0080092c   clkSwISR_1477Hz
00800a50   clkSwISR_1633Hz
0080014c   clkSwISR_inStream
0080e520   close
0081b1a0   coef
0081b608   digit
0081b16c   errno
0080f220   exit
0080cc80   fgetc
00811a80   free
0081b60c   freq1
0081b610   freq2
00816d78   gtz_out
0081b614   mag1
0081b618   mag2
00800058   main
008105a0   malloc
0080fbe0   memcpy
0080e6e0   memset
0080fc80   modf
0080fd20   read
00810620   readmsg
00810e20   remove
0081b61c   sample
0080e7c0   scanf
0080afa0   setvbuf
00808da0   sin
00805160   strtod
008071a0   strtol
00805680   strtold
00806060   strtoll
00807c00   strtoul
00806da0   strtoull
00801d60   task0_dtmfGen
00802044   task1_dtmfDetect
00818d3c   ti_sysbios_BIOS_Module__diagsEnabled__C
008190e4   ti_sysbios_BIOS_Module__diagsIncluded__C
0081932c   ti_sysbios_BIOS_Module__diagsMask__C
0081834e   ti_sysbios_BIOS_Module__id__C
0081a668   ti_sysbios_BIOS_Module__state__V
008124e0   ti_sysbios_BIOS_RtsGateProxy_enter__E
00812500   ti_sysbios_BIOS_RtsGateProxy_leave__E
00812720   ti_sysbios_BIOS_RtsGateProxy_query__E
0080f2e0   ti_sysbios_BIOS_errorRaiseHook__I
008106a0   ti_sysbios_BIOS_exitFunc__I
00819394   ti_sysbios_BIOS_installedErrorHook__C
00812520   ti_sysbios_BIOS_nullFunc__I
00811420   ti_sysbios_BIOS_registerRTSLock__I
00811ac0   ti_sysbios_BIOS_rtsLock__I
0080c9e0   ti_sysbios_BIOS_rtsUnlock__I
00812540   ti_sysbios_BIOS_setThreadType__E
00811b00   ti_sysbios_BIOS_startFunc__I
00812560   ti_sysbios_BIOS_start__E
00812580   ti_sysbios_family_c62_TaskSupport_Module__startupDone__S
00811a00   ti_sysbios_family_c62_TaskSupport_buildTaskStack
008125a0   ti_sysbios_family_c62_TaskSupport_checkStack__E
00812400   ti_sysbios_family_c62_TaskSupport_glue
00810720   ti_sysbios_family_c62_TaskSupport_start__E
00810520   ti_sysbios_family_c62_TaskSupport_swap__E
00819418   ti_sysbios_family_c64p_Exception_E_exceptionMin__C
00818d3a   ti_sysbios_family_c64p_Exception_Module__id__C
0081a688   ti_sysbios_family_c64p_Exception_Module__state__V
0080fdc0   ti_sysbios_family_c64p_Exception_Module_startup__E
0080fdc0   ti_sysbios_family_c64p_Exception_Module_startup__F
0080c580   ti_sysbios_family_c64p_Exception_dispatch__E
0081941c   ti_sysbios_family_c64p_Exception_exceptionHook__C
00819420   ti_sysbios_family_c64p_Exception_externalHook__C
008025a0   ti_sysbios_family_c64p_Exception_handler__I
00809e80   ti_sysbios_family_c64p_Exception_internalHandler__I
00819424   ti_sysbios_family_c64p_Exception_internalHook__C
00819428   ti_sysbios_family_c64p_Exception_nmiHook__C
0081934a   ti_sysbios_family_c64p_Exception_useInternalBuffer__C
0081b400   ti_sysbios_family_c64p_Hwi0
0081942c   ti_sysbios_family_c64p_Hwi_LD_end__C
00819430   ti_sysbios_family_c64p_Hwi_LM_begin__C
00819434   ti_sysbios_family_c64p_Hwi_Module__diagsEnabled__C
00819438   ti_sysbios_family_c64p_Hwi_Module__diagsIncluded__C
0081943c   ti_sysbios_family_c64p_Hwi_Module__diagsMask__C
008193c2   ti_sysbios_family_c64p_Hwi_Module__id__C
00819416   ti_sysbios_family_c64p_Hwi_Module__loggerDefined__C
00819440   ti_sysbios_family_c64p_Hwi_Module__loggerFxn1__C
00819444   ti_sysbios_family_c64p_Hwi_Module__loggerFxn8__C
00819448   ti_sysbios_family_c64p_Hwi_Module__loggerObj__C
0081a6b8   ti_sysbios_family_c64p_Hwi_Module__root__V
00811b40   ti_sysbios_family_c64p_Hwi_Module__startupDone__F
00811b40   ti_sysbios_family_c64p_Hwi_Module__startupDone__S
0081a6c0   ti_sysbios_family_c64p_Hwi_Module__state__V
0080cf00   ti_sysbios_family_c64p_Hwi_Module_startup__E
0080cf00   ti_sysbios_family_c64p_Hwi_Module_startup__F
0081b170   ti_sysbios_family_c64p_Hwi_Object__table__V
008125c0   ti_sysbios_family_c64p_Hwi_clearInterrupt__E
00811b80   ti_sysbios_family_c64p_Hwi_disableInterrupt__E
0080ada0   ti_sysbios_family_c64p_Hwi_dispatchAlways
00808240   ti_sysbios_family_c64p_Hwi_dispatchC__I
00811bc0   ti_sysbios_family_c64p_Hwi_enableInterrupt__E
008107a0   ti_sysbios_family_c64p_Hwi_getStackInfo__E
0081b400   ti_sysbios_family_c64p_Hwi_int0
0081b420   ti_sysbios_family_c64p_Hwi_int1
0081b540   ti_sysbios_family_c64p_Hwi_int10
0081b560   ti_sysbios_family_c64p_Hwi_int11
0081b580   ti_sysbios_family_c64p_Hwi_int12
0081b5a0   ti_sysbios_family_c64p_Hwi_int13
0081b5c0   ti_sysbios_family_c64p_Hwi_int14
0081b5e0   ti_sysbios_family_c64p_Hwi_int15
0081b440   ti_sysbios_family_c64p_Hwi_int2
0081b460   ti_sysbios_family_c64p_Hwi_int3
0081b480   ti_sysbios_family_c64p_Hwi_int4
0081b4a0   ti_sysbios_family_c64p_Hwi_int5
0081b4c0   ti_sysbios_family_c64p_Hwi_int6
0081b4e0   ti_sysbios_family_c64p_Hwi_int7
0081b500   ti_sysbios_family_c64p_Hwi_int8
0081b520   ti_sysbios_family_c64p_Hwi_int9
008125e0   ti_sysbios_family_c64p_Hwi_startup__E
00812600   ti_sysbios_family_c64p_Hwi_switchFromBootStack__E
00812620   ti_sysbios_family_c64p_TimestampProvider_Module_startup__E
00812620   ti_sysbios_family_c64p_TimestampProvider_Module_startup__F
00812640   ti_sysbios_family_c64p_TimestampProvider_get64__E
00812660   ti_sysbios_family_c64p_tci6488_TimerSupport_enable__E
0080d040   ti_sysbios_family_c66_Cache_Module_startup__E
0080d040   ti_sysbios_family_c66_Cache_Module_startup__F
008193c4   ti_sysbios_family_c66_Cache_initSize__C
00818838   ti_sysbios_family_c66_Cache_marvalues__C
00811a40   ti_sysbios_family_xxx_Hwi_switchToIsrStack
00812420   ti_sysbios_family_xxx_Hwi_switchToTaskStack
00811c00   ti_sysbios_gates_GateHwi_Handle__label__S
00812680   ti_sysbios_gates_GateHwi_Instance_init__F
00819198   ti_sysbios_gates_GateHwi_Module__FXNS__C
0081a728   ti_sysbios_gates_GateHwi_Module__root__V
0081924c   ti_sysbios_gates_GateHwi_Object__DESC__C
0081934c   ti_sysbios_gates_GateHwi_Object__PARAMS__C
00810820   ti_sysbios_gates_GateHwi_Object__create__S
00811c40   ti_sysbios_gates_GateHwi_Object__delete__S
0081b1e8   ti_sysbios_gates_GateHwi_Object__table__V
008126a0   ti_sysbios_gates_GateHwi_enter__E
008126c0   ti_sysbios_gates_GateHwi_leave__E
008126e0   ti_sysbios_gates_GateHwi_query__E
008126e0   ti_sysbios_gates_GateHwi_query__F
0081944c   ti_sysbios_gates_GateMutex_A_badContext__C
00811c80   ti_sysbios_gates_GateMutex_Handle__label__S
00819450   ti_sysbios_gates_GateMutex_Instance_State_sem__O
00812700   ti_sysbios_gates_GateMutex_Instance_finalize__F
00811480   ti_sysbios_gates_GateMutex_Instance_init__F
008191bc   ti_sysbios_gates_GateMutex_Module__FXNS__C
00819454   ti_sysbios_gates_GateMutex_Module__diagsEnabled__C
00819458   ti_sysbios_gates_GateMutex_Module__diagsIncluded__C
0081945c   ti_sysbios_gates_GateMutex_Module__diagsMask__C
00819630   ti_sysbios_gates_GateMutex_Module__id__C
0081a730   ti_sysbios_gates_GateMutex_Module__root__V
0081926c   ti_sysbios_gates_GateMutex_Object__DESC__C
00819364   ti_sysbios_gates_GateMutex_Object__PARAMS__C
008108a0   ti_sysbios_gates_GateMutex_Object__create__S
008114e0   ti_sysbios_gates_GateMutex_Object__delete__S
0081b0d8   ti_sysbios_gates_GateMutex_Object__table__V
0080bc00   ti_sysbios_gates_GateMutex_enter__E
00811cc0   ti_sysbios_gates_GateMutex_leave__E
00812720   ti_sysbios_gates_GateMutex_query__E
00812720   ti_sysbios_gates_GateMutex_query__F
00819460   ti_sysbios_hal_Hwi_E_stackOverflow__C
00812740   ti_sysbios_hal_Hwi_HwiProxy_Module__startupDone__S
008125c0   ti_sysbios_hal_Hwi_HwiProxy_clearInterrupt__E
00811b80   ti_sysbios_hal_Hwi_HwiProxy_disableInterrupt__E
00811bc0   ti_sysbios_hal_Hwi_HwiProxy_enableInterrupt__E
008107a0   ti_sysbios_hal_Hwi_HwiProxy_getStackInfo__E
008125e0   ti_sysbios_hal_Hwi_HwiProxy_startup__E
00812600   ti_sysbios_hal_Hwi_HwiProxy_switchFromBootStack__E
00819632   ti_sysbios_hal_Hwi_Module__id__C
0081a738   ti_sysbios_hal_Hwi_Module__root__V
00812760   ti_sysbios_hal_Hwi_Module_startup__E
00812760   ti_sysbios_hal_Hwi_Module_startup__F
0081b1d8   ti_sysbios_hal_Hwi_Object__table__V
00810920   ti_sysbios_hal_Hwi_checkStack
008125c0   ti_sysbios_hal_Hwi_clearInterrupt__E
00811b80   ti_sysbios_hal_Hwi_disableInterrupt__E
00811bc0   ti_sysbios_hal_Hwi_enableInterrupt__E
008107a0   ti_sysbios_hal_Hwi_getStackInfo__E
008109a0   ti_sysbios_hal_Hwi_initStack
008125e0   ti_sysbios_hal_Hwi_startup__E
00812600   ti_sysbios_hal_Hwi_switchFromBootStack__E
0081a740   ti_sysbios_hal_Timer_Module__root__V
00811d00   ti_sysbios_hal_Timer_Module__startupDone__F
00811d00   ti_sysbios_hal_Timer_Module__startupDone__S
00812780   ti_sysbios_hal_Timer_Module_startup__E
00812780   ti_sysbios_hal_Timer_Module_startup__F
0081b1e0   ti_sysbios_hal_Timer_Object__table__V
008127a0   ti_sysbios_hal_Timer_TimerProxy_Module__startupDone__S
008127c0   ti_sysbios_hal_Timer_TimerProxy_getPeriod__E
0080e8a0   ti_sysbios_hal_Timer_TimerProxy_startup__E
0080e8a0   ti_sysbios_hal_Timer_startup__E
00819464   ti_sysbios_heaps_HeapMem_A_align__C
00819468   ti_sysbios_heaps_HeapMem_A_heapSize__C
0081946c   ti_sysbios_heaps_HeapMem_A_invalidFree__C
00819470   ti_sysbios_heaps_HeapMem_A_zeroBlock__C
00819474   ti_sysbios_heaps_HeapMem_E_memory__C
00811d40   ti_sysbios_heaps_HeapMem_Handle__label__S
00812c20   ti_sysbios_heaps_HeapMem_Instance_State_0_buf__A
00808820   ti_sysbios_heaps_HeapMem_Instance_init__F
008127e0   ti_sysbios_heaps_HeapMem_Module_GateProxy_enter__E
00812800   ti_sysbios_heaps_HeapMem_Module_GateProxy_leave__E
00812720   ti_sysbios_heaps_HeapMem_Module_GateProxy_query__E
00819148   ti_sysbios_heaps_HeapMem_Module__FXNS__C
00819478   ti_sysbios_heaps_HeapMem_Module__diagsEnabled__C
0081947c   ti_sysbios_heaps_HeapMem_Module__diagsIncluded__C
00819480   ti_sysbios_heaps_HeapMem_Module__diagsMask__C
00819484   ti_sysbios_heaps_HeapMem_Module__gateObj__C
00819634   ti_sysbios_heaps_HeapMem_Module__id__C
0081a748   ti_sysbios_heaps_HeapMem_Module__root__V
0081928c   ti_sysbios_heaps_HeapMem_Object__DESC__C
008191e0   ti_sysbios_heaps_HeapMem_Object__PARAMS__C
00819488   ti_sysbios_heaps_HeapMem_Object__count__C
00810a20   ti_sysbios_heaps_HeapMem_Object__create__S
00811d80   ti_sysbios_heaps_HeapMem_Object__delete__S
00811dc0   ti_sysbios_heaps_HeapMem_Object__get__S
0081b188   ti_sysbios_heaps_HeapMem_Object__table__V
008033c0   ti_sysbios_heaps_HeapMem_alloc__E
00804020   ti_sysbios_heaps_HeapMem_free__E
0080f3a0   ti_sysbios_heaps_HeapMem_getStats__E
0080fe60   ti_sysbios_heaps_HeapMem_init__I
00812820   ti_sysbios_heaps_HeapMem_isBlocking__E
0081948c   ti_sysbios_heaps_HeapMem_reqAlign__C
00819490   ti_sysbios_knl_Clock_A_badThreadType__C
00807560   ti_sysbios_knl_Clock_Instance_init__F
00819494   ti_sysbios_knl_Clock_LM_begin__C
00819498   ti_sysbios_knl_Clock_LM_tick__C
0081949c   ti_sysbios_knl_Clock_LW_delayed__C
008194a0   ti_sysbios_knl_Clock_Module_State_clockQ__O
008194a4   ti_sysbios_knl_Clock_Module__diagsEnabled__C
008194a8   ti_sysbios_knl_Clock_Module__diagsIncluded__C
008194ac   ti_sysbios_knl_Clock_Module__diagsMask__C
00819636   ti_sysbios_knl_Clock_Module__id__C
00819638   ti_sysbios_knl_Clock_Module__loggerDefined__C
008194b0   ti_sysbios_knl_Clock_Module__loggerFxn1__C
008194b4   ti_sysbios_knl_Clock_Module__loggerFxn2__C
008194b8   ti_sysbios_knl_Clock_Module__loggerObj__C
0081a750   ti_sysbios_knl_Clock_Module__root__V
0081a758   ti_sysbios_knl_Clock_Module__state__V
00811540   ti_sysbios_knl_Clock_Module_startup__E
00811540   ti_sysbios_knl_Clock_Module_startup__F
008192ac   ti_sysbios_knl_Clock_Object__DESC__C
00819204   ti_sysbios_knl_Clock_Object__PARAMS__C
0080ff00   ti_sysbios_knl_Clock_Object__create__S
00812840   ti_sysbios_knl_Clock_Params__init__S
00810aa0   ti_sysbios_knl_Clock_doTick__I
00812860   ti_sysbios_knl_Clock_getTicks__E
0080f460   ti_sysbios_knl_Clock_logTick__E
00808b00   ti_sysbios_knl_Clock_workFunc__E
008194c0   ti_sysbios_knl_Idle_coreList__A
008193d8   ti_sysbios_knl_Idle_coreList__C
008194c8   ti_sysbios_knl_Idle_funcList__A
008193e0   ti_sysbios_knl_Idle_funcList__C
00812880   ti_sysbios_knl_Idle_loop__E
0080ffa0   ti_sysbios_knl_Idle_run__E
008128a0   ti_sysbios_knl_Queue_Instance_init__F
0081a780   ti_sysbios_knl_Queue_Module__root__V
008192cc   ti_sysbios_knl_Queue_Object__DESC__C
0081937c   ti_sysbios_knl_Queue_Object__PARAMS__C
00810b20   ti_sysbios_knl_Queue_Object__create__S
008128c0   ti_sysbios_knl_Queue_Object__destruct__S
008128e0   ti_sysbios_knl_Queue_Object__get__S
00812900   ti_sysbios_knl_Queue_empty__E
008194bc   ti_sysbios_knl_Semaphore_A_badContext__C
008194c4   ti_sysbios_knl_Semaphore_A_noEvents__C
008194cc   ti_sysbios_knl_Semaphore_A_overflow__C
008194d0   ti_sysbios_knl_Semaphore_A_pendTaskDisabled__C
008194d4   ti_sysbios_knl_Semaphore_Instance_State_pendQ__O
00812920   ti_sysbios_knl_Semaphore_Instance_finalize__F
0080d180   ti_sysbios_knl_Semaphore_Instance_init__F
008194d8   ti_sysbios_knl_Semaphore_LM_pend__C
008194dc   ti_sysbios_knl_Semaphore_LM_post__C
008194e0   ti_sysbios_knl_Semaphore_Module__diagsEnabled__C
008194e4   ti_sysbios_knl_Semaphore_Module__diagsIncluded__C
008194e8   ti_sysbios_knl_Semaphore_Module__diagsMask__C
0081963a   ti_sysbios_knl_Semaphore_Module__id__C
0081963c   ti_sysbios_knl_Semaphore_Module__loggerDefined__C
008194ec   ti_sysbios_knl_Semaphore_Module__loggerFxn2__C
008194f0   ti_sysbios_knl_Semaphore_Module__loggerFxn4__C
008194f4   ti_sysbios_knl_Semaphore_Module__loggerObj__C
0081a788   ti_sysbios_knl_Semaphore_Module__root__V
008192ec   ti_sysbios_knl_Semaphore_Object__DESC__C
00819228   ti_sysbios_knl_Semaphore_Object__PARAMS__C
00810ba0   ti_sysbios_knl_Semaphore_Object__create__S
00811e00   ti_sysbios_knl_Semaphore_Object__destruct__S
00810c20   ti_sysbios_knl_Semaphore_pendTimeout__I
00803a20   ti_sysbios_knl_Semaphore_pend__E
00809520   ti_sysbios_knl_Semaphore_post__E
008194f8   ti_sysbios_knl_Swi_LD_end__C
008194fc   ti_sysbios_knl_Swi_LM_begin__C
00819500   ti_sysbios_knl_Swi_LM_post__C
0081ad50   ti_sysbios_knl_Swi_Module_State_0_readyQ__A
00819504   ti_sysbios_knl_Swi_Module__diagsEnabled__C
00819508   ti_sysbios_knl_Swi_Module__diagsIncluded__C
0081950c   ti_sysbios_knl_Swi_Module__diagsMask__C
0081963e   ti_sysbios_knl_Swi_Module__id__C
00819640   ti_sysbios_knl_Swi_Module__loggerDefined__C
00819510   ti_sysbios_knl_Swi_Module__loggerFxn1__C
00819514   ti_sysbios_knl_Swi_Module__loggerFxn4__C
[...]
008120c0   xdc_runtime_LoggerBuf_write1__F
00812100   xdc_runtime_LoggerBuf_write2__E
00812100   xdc_runtime_LoggerBuf_write2__F
00812140   xdc_runtime_Memory_free__E
00812140   xdc_runtime_Memory_free__F
00812180   xdc_runtime_Registry_findById__E
00812180   xdc_runtime_Registry_findById__F
008121c0   xdc_runtime_System_abort__E
008121c0   xdc_runtime_System_abort__F
00812200   xdc_runtime_System_aprintf__E
00812240   xdc_runtime_System_printf__E
00812280   xdc_runtime_Text_ropeText__E
00812280   xdc_runtime_Text_ropeText__F
008122c0   __c6xabi_errno_addr
008122e0   __c6xabi_negll
00812300   __c6xabi_trunc
00812320   __cxa_atexit
00812340   __cxa_ia64_exit
00812360   __xdc__init
008123a0   _nop
008123c0   _register_lock
008123e0   _register_unlock
00812400   ti_sysbios_family_c62_TaskSupport_glue
00812420   ti_sysbios_family_xxx_Hwi_switchToTaskStack
00812460   C$$EXIT
00812460   abort
00812480   atexit
008124a0   __TI_decompress_none
008124c0   __TI_decompress_rle24
008124e0   ti_sysbios_BIOS_RtsGateProxy_enter__E
00812500   ti_sysbios_BIOS_RtsGateProxy_leave__E
00812520   ti_sysbios_BIOS_nullFunc__I
00812540   ti_sysbios_BIOS_setThreadType__E
00812560   ti_sysbios_BIOS_start__E
00812580   ti_sysbios_family_c62_TaskSupport_Module__startupDone__S
008125a0   ti_sysbios_family_c62_TaskSupport_checkStack__E
008125a0   ti_sysbios_knl_Task_SupportProxy_checkStack__E
008125c0   ti_sysbios_family_c64p_Hwi_clearInterrupt__E
008125c0   ti_sysbios_hal_Hwi_HwiProxy_clearInterrupt__E
008125c0   ti_sysbios_hal_Hwi_clearInterrupt__E
008125e0   ti_sysbios_family_c64p_Hwi_startup__E
008125e0   ti_sysbios_hal_Hwi_HwiProxy_startup__E
008125e0   ti_sysbios_hal_Hwi_startup__E
00812600   ti_sysbios_family_c64p_Hwi_switchFromBootStack__E
00812600   ti_sysbios_hal_Hwi_HwiProxy_switchFromBootStack__E
00812600   ti_sysbios_hal_Hwi_switchFromBootStack__E
00812620   ti_sysbios_family_c64p_TimestampProvider_Module_startup__E
00812620   ti_sysbios_family_c64p_TimestampProvider_Module_startup__F
00812640   ti_sysbios_family_c64p_TimestampProvider_get64__E
00812640   xdc_runtime_LoggerBuf_TimestampProxy_get64__E
00812660   ti_sysbios_family_c64p_tci6488_TimerSupport_enable__E
00812660   ti_sysbios_timers_timer64_Timer_TimerSupportProxy_enable__E
00812680   ti_sysbios_gates_GateHwi_Instance_init__F
008126a0   ti_sysbios_gates_GateHwi_enter__E
008126c0   ti_sysbios_gates_GateHwi_leave__E
008126e0   ti_sysbios_gates_GateHwi_query__E
008126e0   ti_sysbios_gates_GateHwi_query__F
008126e0   xdc_runtime_LoggerBuf_Module_GateProxy_query__E
008126e0   xdc_runtime_Main_Module_GateProxy_query__E
008126e0   xdc_runtime_System_Module_GateProxy_query__E
00812700   ti_sysbios_gates_GateMutex_Instance_finalize__F
00812720   ti_sysbios_BIOS_RtsGateProxy_query__E
00812720   ti_sysbios_gates_GateMutex_query__E
00812720   ti_sysbios_gates_GateMutex_query__F
00812720   ti_sysbios_heaps_HeapMem_Module_GateProxy_query__E
00812740   ti_sysbios_hal_Hwi_HwiProxy_Module__startupDone__S
00812760   ti_sysbios_hal_Hwi_Module_startup__E
00812760   ti_sysbios_hal_Hwi_Module_startup__F
00812780   ti_sysbios_hal_Timer_Module_startup__E
00812780   ti_sysbios_hal_Timer_Module_startup__F
008127a0   ti_sysbios_hal_Timer_TimerProxy_Module__startupDone__S
008127c0   ti_sysbios_hal_Timer_TimerProxy_getPeriod__E
008127e0   ti_sysbios_heaps_HeapMem_Module_GateProxy_enter__E
00812800   ti_sysbios_heaps_HeapMem_Module_GateProxy_leave__E
00812820   ti_sysbios_heaps_HeapMem_isBlocking__E
00812840   ti_sysbios_knl_Clock_Params__init__S
00812860   ti_sysbios_knl_Clock_getTicks__E
00812880   ti_sysbios_knl_Idle_loop__E
008128a0   ti_sysbios_knl_Queue_Instance_init__F
008128c0   ti_sysbios_knl_Queue_Object__destruct__S
008128e0   ti_sysbios_knl_Queue_Object__get__S
00812900   ti_sysbios_knl_Queue_empty__E
00812920   ti_sysbios_knl_Semaphore_Instance_finalize__F
00812940   ti_sysbios_knl_Swi_disable__E
00812960   ti_sysbios_knl_Task_SupportProxy_Module__startupDone__S
00812980   ti_sysbios_knl_Task_disable__E
008129a0   ti_sysbios_knl_Task_startup__E
008129c0   xdc_runtime_Gate_enterSystem__E
008129c0   xdc_runtime_Gate_enterSystem__F
00812a20   xdc_runtime_LoggerBuf_Module_GateProxy_enter__E
00812a40   xdc_runtime_LoggerBuf_Module_GateProxy_leave__E
00812a60   xdc_runtime_LoggerBuf_disable__E
00812a60   xdc_runtime_LoggerBuf_disable__F
00812a80   xdc_runtime_LoggerBuf_enable__E
00812a80   xdc_runtime_LoggerBuf_enable__F
00812aa0   xdc_runtime_Memory_HeapProxy_alloc__E
00812ac0   xdc_runtime_Memory_HeapProxy_free__E
00812ae0   xdc_runtime_Startup_exec__I
00812b00   xdc_runtime_Startup_reset__I
00812b20   xdc_runtime_SysMin_ready__E
00812b20   xdc_runtime_SysMin_ready__F
00812b20   xdc_runtime_System_SupportProxy_ready__E
00812b40   xdc_runtime_System_Module_GateProxy_enter__E
00812b60   xdc_runtime_System_Module_GateProxy_leave__E
00812b80   xdc_runtime_System_Module_startup__E
00812b80   xdc_runtime_System_Module_startup__F
00812ba0   xdc_runtime_System_exit__E
00812ba0   xdc_runtime_System_exit__F
00812bc0   xdc_runtime_System_lastFxn__I
00812be0   xdc_runtime_System_snprintf_va__E
00812be0   xdc_runtime_System_snprintf_va__F
00812be0   xdc_runtime_System_vsnprintf__E
00812be0   xdc_runtime_System_vsnprintf__F
00812c00   xdc_runtime_Text_visitRope__I
00812c20   ti_sysbios_heaps_HeapMem_Instance_State_0_buf__A
00814c20   ti_sysbios_knl_Task_Instance_State_0_hookEnv__A
00814c28   ti_sysbios_knl_Task_Instance_State_1_hookEnv__A
00814c30   ti_sysbios_knl_Task_Instance_State_2_hookEnv__A
00814c38   xdc_runtime_LoggerBuf_Instance_State_0_entryArr__A
00815038   xdc_runtime_SysMin_Module_State_0_outbuf__A
00815438   ti_sysbios_knl_Task_Instance_State_0_stack__A
00815c38   ti_sysbios_knl_Task_Instance_State_1_stack__A
00816438   ti_sysbios_knl_Task_Instance_State_2_stack__A
00816c38   _tmpnams
00816d78   gtz_out
00816da0   xdc_runtime_Text_charTab__A
0081834e   ti_sysbios_BIOS_Module__id__C
00818838   ti_sysbios_family_c66_Cache_marvalues__C
00818c38   _ctypes_
00818d3a   ti_sysbios_family_c64p_Exception_Module__id__C
00818d3c   ti_sysbios_BIOS_Module__diagsEnabled__C
00818d40   xdc_runtime_Text_nodeTab__A
008190a8   xdc_runtime_LoggerBuf_Module__FXNS__C
008190e4   ti_sysbios_BIOS_Module__diagsIncluded__C
008190e8   xdc_runtime_Startup_sfxnTab__A
00819148   ti_sysbios_heaps_HeapMem_Module__FXNS__C
00819170   xdc_runtime_LoggerBuf_Object__PARAMS__C
00819198   ti_sysbios_gates_GateHwi_Module__FXNS__C
008191bc   ti_sysbios_gates_GateMutex_Module__FXNS__C
008191e0   ti_sysbios_heaps_HeapMem_Object__PARAMS__C
00819204   ti_sysbios_knl_Clock_Object__PARAMS__C
00819228   ti_sysbios_knl_Semaphore_Object__PARAMS__C
0081924c   ti_sysbios_gates_GateHwi_Object__DESC__C
0081926c   ti_sysbios_gates_GateMutex_Object__DESC__C
0081928c   ti_sysbios_heaps_HeapMem_Object__DESC__C
008192ac   ti_sysbios_knl_Clock_Object__DESC__C
008192cc   ti_sysbios_knl_Queue_Object__DESC__C
008192ec   ti_sysbios_knl_Semaphore_Object__DESC__C
0081930c   xdc_runtime_LoggerBuf_Object__DESC__C
0081932c   ti_sysbios_BIOS_Module__diagsMask__C
00819330   xdc_runtime_Startup_sfxnRts__A
0081934a   ti_sysbios_family_c64p_Exception_useInternalBuffer__C
0081934c   ti_sysbios_gates_GateHwi_Object__PARAMS__C
00819364   ti_sysbios_gates_GateMutex_Object__PARAMS__C
0081937c   ti_sysbios_knl_Queue_Object__PARAMS__C
00819394   ti_sysbios_BIOS_installedErrorHook__C
00819398   ti_sysbios_knl_Task_hooks__A
008193c2   ti_sysbios_family_c64p_Hwi_Module__id__C
008193c4   ti_sysbios_family_c66_Cache_initSize__C
008193d8   ti_sysbios_knl_Idle_coreList__C
008193e0   ti_sysbios_knl_Idle_funcList__C
008193e8   ti_sysbios_knl_Task_hooks__C
008193f0   xdc_runtime_Startup_firstFxns__A
008193f8   xdc_runtime_Startup_firstFxns__C
00819400   xdc_runtime_Startup_lastFxns__C
00819416   ti_sysbios_family_c64p_Hwi_Module__loggerDefined__C
00819418   ti_sysbios_family_c64p_Exception_E_exceptionMin__C
0081941c   ti_sysbios_family_c64p_Exception_exceptionHook__C
00819420   ti_sysbios_family_c64p_Exception_externalHook__C
00819424   ti_sysbios_family_c64p_Exception_internalHook__C
00819428   ti_sysbios_family_c64p_Exception_nmiHook__C
0081942c   ti_sysbios_family_c64p_Hwi_LD_end__C
00819430   ti_sysbios_family_c64p_Hwi_LM_begin__C
00819434   ti_sysbios_family_c64p_Hwi_Module__diagsEnabled__C
00819438   ti_sysbios_family_c64p_Hwi_Module__diagsIncluded__C
0081943c   ti_sysbios_family_c64p_Hwi_Module__diagsMask__C
00819440   ti_sysbios_family_c64p_Hwi_Module__loggerFxn1__C
00819444   ti_sysbios_family_c64p_Hwi_Module__loggerFxn8__C
00819448   ti_sysbios_family_c64p_Hwi_Module__loggerObj__C
0081944c   ti_sysbios_gates_GateMutex_A_badContext__C
00819450   ti_sysbios_gates_GateMutex_Instance_State_sem__O
00819454   ti_sysbios_gates_GateMutex_Module__diagsEnabled__C
00819458   ti_sysbios_gates_GateMutex_Module__diagsIncluded__C
0081945c   ti_sysbios_gates_GateMutex_Module__diagsMask__C
00819460   ti_sysbios_hal_Hwi_E_stackOverflow__C
00819464   ti_sysbios_heaps_HeapMem_A_align__C
00819468   ti_sysbios_heaps_HeapMem_A_heapSize__C
0081946c   ti_sysbios_heaps_HeapMem_A_invalidFree__C
00819470   ti_sysbios_heaps_HeapMem_A_zeroBlock__C
00819474   ti_sysbios_heaps_HeapMem_E_memory__C
00819478   ti_sysbios_heaps_HeapMem_Module__diagsEnabled__C
0081947c   ti_sysbios_heaps_HeapMem_Module__diagsIncluded__C
00819480   ti_sysbios_heaps_HeapMem_Module__diagsMask__C
00819484   ti_sysbios_heaps_HeapMem_Module__gateObj__C
00819488   ti_sysbios_heaps_HeapMem_Object__count__C
0081948c   ti_sysbios_heaps_HeapMem_reqAlign__C
00819490   ti_sysbios_knl_Clock_A_badThreadType__C
00819494   ti_sysbios_knl_Clock_LM_begin__C
00819498   ti_sysbios_knl_Clock_LM_tick__C
0081949c   ti_sysbios_knl_Clock_LW_delayed__C
008194a0   ti_sysbios_knl_Clock_Module_State_clockQ__O
008194a4   ti_sysbios_knl_Clock_Module__diagsEnabled__C
008194a8   ti_sysbios_knl_Clock_Module__diagsIncluded__C
008194ac   ti_sysbios_knl_Clock_Module__diagsMask__C
008194b0   ti_sysbios_knl_Clock_Module__loggerFxn1__C
008194b4   ti_sysbios_knl_Clock_Module__loggerFxn2__C
008194b8   ti_sysbios_knl_Clock_Module__loggerObj__C
008194bc   ti_sysbios_knl_Semaphore_A_badContext__C
008194c0   ti_sysbios_knl_Idle_coreList__A
008194c4   ti_sysbios_knl_Semaphore_A_noEvents__C
008194c8   ti_sysbios_knl_Idle_funcList__A
008194cc   ti_sysbios_knl_Semaphore_A_overflow__C
008194d0   ti_sysbios_knl_Semaphore_A_pendTaskDisabled__C
008194d4   ti_sysbios_knl_Semaphore_Instance_State_pendQ__O
008194d8   ti_sysbios_knl_Semaphore_LM_pend__C
008194dc   ti_sysbios_knl_Semaphore_LM_post__C
008194e0   ti_sysbios_knl_Semaphore_Module__diagsEnabled__C
008194e4   ti_sysbios_knl_Semaphore_Module__diagsIncluded__C
008194e8   ti_sysbios_knl_Semaphore_Module__diagsMask__C
008194ec   ti_sysbios_knl_Semaphore_Module__loggerFxn2__C
008194f0   ti_sysbios_knl_Semaphore_Module__loggerFxn4__C
008194f4   ti_sysbios_knl_Semaphore_Module__loggerObj__C
008194f8   ti_sysbios_knl_Swi_LD_end__C
008194fc   ti_sysbios_knl_Swi_LM_begin__C
00819500   ti_sysbios_knl_Swi_LM_post__C
00819504   ti_sysbios_knl_Swi_Module__diagsEnabled__C
00819508   ti_sysbios_knl_Swi_Module__diagsIncluded__C
0081950c   ti_sysbios_knl_Swi_Module__diagsMask__C
00819510   ti_sysbios_knl_Swi_Module__loggerFxn1__C
00819514   ti_sysbios_knl_Swi_Module__loggerFxn4__C
00819518   ti_sysbios_knl_Swi_Module__loggerObj__C
0081951c   ti_sysbios_knl_Swi_Object__count__C
00819520   ti_sysbios_knl_Task_A_badTimeout__C
00819524   ti_sysbios_knl_Task_A_sleepTaskDisabled__C
00819528   ti_sysbios_knl_Task_E_spOutOfBounds__C
0081952c   ti_sysbios_knl_Task_E_stackOverflow__C
00819530   ti_sysbios_knl_Task_LD_block__C
00819534   ti_sysbios_knl_Task_LD_exit__C
00819538   ti_sysbios_knl_Task_LD_ready__C
0081953c   ti_sysbios_knl_Task_LM_sleep__C
00819540   ti_sysbios_knl_Task_LM_switch__C
00819544   ti_sysbios_knl_Task_Module_State_inactiveQ__O
00819548   ti_sysbios_knl_Task_Module__diagsEnabled__C
0081954c   ti_sysbios_knl_Task_Module__diagsIncluded__C
00819550   ti_sysbios_knl_Task_Module__diagsMask__C
00819554   ti_sysbios_knl_Task_Module__loggerFxn2__C
00819558   ti_sysbios_knl_Task_Module__loggerFxn4__C
0081955c   ti_sysbios_knl_Task_Module__loggerObj__C
00819560   ti_sysbios_knl_Task_Object__count__C
00819564   ti_sysbios_knl_Task_allBlockedFunc__C
00819568   ti_sysbios_knl_Task_numConstructedTasks__C
0081956c   ti_sysbios_timers_timer64_Timer_A_notAvailable__C
00819570   ti_sysbios_timers_timer64_Timer_E_cannotSupport__C
00819574   ti_sysbios_timers_timer64_Timer_Module__diagsEnabled__C
00819578   ti_sysbios_timers_timer64_Timer_Module__diagsIncluded__C
0081957c   ti_sysbios_timers_timer64_Timer_Module__diagsMask__C
00819580   ti_sysbios_timers_timer64_Timer_anyMask__C
00819584   ti_sysbios_timers_timer64_Timer_freqDivisor__C
00819588   ti_sysbios_timers_timer64_Timer_numLocalTimers__C
0081958c   ti_sysbios_timers_timer64_Timer_numTimerDevices__C
00819590   xdc_runtime_Assert_E_assertFailed__C
00819594   xdc_runtime_Core_A_initializedParams__C
00819598   xdc_runtime_Core_Module__diagsEnabled__C
0081959c   xdc_runtime_Core_Module__diagsIncluded__C
008195a0   xdc_runtime_Core_Module__diagsMask__C
008195a4   xdc_runtime_Error_E_memory__C
008195a8   xdc_runtime_Error_Module__diagsEnabled__C
008195ac   xdc_runtime_Error_Module__diagsIncluded__C
008195b0   xdc_runtime_Error_Module__diagsMask__C
008195b4   xdc_runtime_Error_Module__loggerFxn8__C
008195b8   xdc_runtime_Error_Module__loggerObj__C
008195bc   xdc_runtime_Error_policy__C
008195c0   xdc_runtime_Error_raiseHook__C
008195c4   xdc_runtime_IFilterLogger_Interface__BASE__C
008195c8   xdc_runtime_IGateProvider_Interface__BASE__C
008195cc   xdc_runtime_IHeap_Interface__BASE__C
008195d0   xdc_runtime_ILogger_Interface__BASE__C
008195d4   xdc_runtime_IModule_Interface__BASE__C
008195d8   xdc_runtime_Log_L_error__C
008195dc   xdc_runtime_LoggerBuf_E_badLevel__C
008195e0   xdc_runtime_LoggerBuf_Module__gateObj__C
008195e4   xdc_runtime_LoggerBuf_Object__count__C
008195e8   xdc_runtime_LoggerBuf_statusLogger__C
008195ec   xdc_runtime_Memory_defaultHeapInstance__C
008195f0   xdc_runtime_Startup_execImpl__C
008195f4   xdc_runtime_Startup_maxPasses__C
008195f8   xdc_runtime_Startup_lastFxns__A
008195fc   xdc_runtime_Startup_sfxnRts__C
00819600   xdc_runtime_Startup_sfxnTab__C
00819604   xdc_runtime_SysMin_bufSize__C
00819608   xdc_runtime_SysMin_outputFunc__C
0081960c   xdc_runtime_System_Module__gateObj__C
00819610   xdc_runtime_System_extendFxn__C
00819614   xdc_runtime_System_maxAtexitHandlers__C
00819618   xdc_runtime_Text_charTab__C
0081961c   xdc_runtime_Text_nameEmpty__C
00819620   xdc_runtime_Text_nameStatic__C
00819624   xdc_runtime_Text_nameUnknown__C
00819628   xdc_runtime_Text_nodeTab__C
0081962c   xdc_runtime_Text_visitRopeFxn__C
00819630   ti_sysbios_gates_GateMutex_Module__id__C
00819632   ti_sysbios_hal_Hwi_Module__id__C
00819634   ti_sysbios_heaps_HeapMem_Module__id__C
00819636   ti_sysbios_knl_Clock_Module__id__C
00819638   ti_sysbios_knl_Clock_Module__loggerDefined__C
0081963a   ti_sysbios_knl_Semaphore_Module__id__C
0081963c   ti_sysbios_knl_Semaphore_Module__loggerDefined__C
0081963e   ti_sysbios_knl_Swi_Module__id__C
00819640   ti_sysbios_knl_Swi_Module__loggerDefined__C
00819642   ti_sysbios_knl_Task_Module__id__C
00819644   ti_sysbios_knl_Task_Module__loggerDefined__C
00819646   ti_sysbios_knl_Task_initStackFlag__C
00819648   ti_sysbios_timers_timer64_Timer_Module__id__C
0081964a   ti_sysbios_timers_timer64_Timer_startupNeeded__C
0081964c   xdc_runtime_Core_Module__id__C
0081964e   xdc_runtime_Error_Module__loggerDefined__C
00819650   xdc_runtime_Error_maxDepth__C
00819652   xdc_runtime_LoggerBuf_Module__id__C
00819654   xdc_runtime_LoggerBuf_filterByLevel__C
00819656   xdc_runtime_Memory_Module__id__C
00819658   xdc_runtime_SysMin_flushAtExit__C
0081965a   xdc_runtime_Text_charCnt__C
0081965c   xdc_runtime_Text_isLoaded__C
0081965e   xdc_runtime_Text_registryModsLastId__C
00819660   xdc_runtime_Text_unnamedModsLastId__C
00819668   _stack
0081a668   __TI_STACK_END
0081a668   ti_sysbios_BIOS_Module__state__V
0081a688   ti_sysbios_family_c64p_Exception_Module__state__V
0081a6b8   ti_sysbios_family_c64p_Hwi_Module__root__V
0081a6c0   ti_sysbios_family_c64p_Hwi_Module__state__V
0081a728   ti_sysbios_gates_GateHwi_Module__root__V
0081a730   ti_sysbios_gates_GateMutex_Module__root__V
0081a738   ti_sysbios_hal_Hwi_Module__root__V
0081a740   ti_sysbios_hal_Timer_Module__root__V
0081a748   ti_sysbios_heaps_HeapMem_Module__root__V
0081a750   ti_sysbios_knl_Clock_Module__root__V
0081a758   ti_sysbios_knl_Clock_Module__state__V
0081a780   ti_sysbios_knl_Queue_Module__root__V
0081a788   ti_sysbios_knl_Semaphore_Module__root__V
0081a790   ti_sysbios_knl_Swi_Module__root__V
0081a798   ti_sysbios_knl_Swi_Module__state__V
0081a7b4   ti_sysbios_knl_Task_Module__root__V
0081a7bc   ti_sysbios_knl_Task_Module__state__V
0081a800   ti_sysbios_timers_timer64_Timer_Module__root__V
0081a808   ti_sysbios_timers_timer64_Timer_Module__state__V
0081a81c   xdc_runtime_Error_Module__state__V
0081a820   xdc_runtime_LoggerBuf_Module__root__V
0081a828   xdc_runtime_LoggerBuf_Module__state__V
0081a830   xdc_runtime_Memory_Module__state__V
0081a834   xdc_runtime_Registry_Module__state__V
0081a83c   xdc_runtime_Startup_Module__state__V
0081a844   xdc_runtime_SysMin_Module__state__V
0081a850   xdc_runtime_System_Module__state__V
0081a85c   xdc_runtime_Text_Module__state__V
0081a864   __xdc__init__addr
0081a868   _ftable
0081aa48   ti_sysbios_timers_timer64_Timer_Module_State_0_device__A
0081abc8   ti_sysbios_knl_Task_Object__table__V
0081ac60   TSK_idle
0081acac   _ft_end
0081ad50   ti_sysbios_knl_Swi_Module_State_0_readyQ__A
0081add0   ti_sysbios_knl_Task_Module_State_0_readyQ__A
0081ae50   ti_sysbios_timers_timer64_Timer_Module_State_0_gctrl__A
0081aed0   ti_sysbios_timers_timer64_Timer_Module_State_0_handles__A
0081af50   ti_sysbios_timers_timer64_Timer_Module_State_0_intFreqs__A
0081b048   ti_sysbios_timers_timer64_Timer_Object__table__V
0081b0d8   ti_sysbios_gates_GateMutex_Object__table__V
0081b118   ti_sysbios_knl_Swi_Object__table__V
0081b148   xdc_runtime_LoggerBuf_Object__table__V
0081b16c   __errno
0081b16c   errno
0081b170   ti_sysbios_family_c64p_Hwi_Object__table__V
0081b188   ti_sysbios_heaps_HeapMem_Object__table__V
0081b1a0   coef
0081b1b0   xdc_runtime_System_Module_State_0_atexitHandlers__A
0081b1c0   _cleanup_ptr
0081b1c4   _dtors_ptr
0081b1c8   __TI_enable_exit_profile_output
0081b1cc   _lock
0081b1d0   _unlock
0081b1d8   ti_sysbios_hal_Hwi_Object__table__V
0081b1e0   ti_sysbios_hal_Timer_Object__table__V
0081b1e8   ti_sysbios_gates_GateHwi_Object__table__V
0081b1f0   ti_sysbios_knl_Task_Module_State_0_idleTask__A
0081b1f8   __CIOBUF_
0081b400   ti_sysbios_family_c64p_Hwi0
0081b400   ti_sysbios_family_c64p_Hwi_int0
0081b420   ti_sysbios_family_c64p_Hwi_int1
0081b440   ti_sysbios_family_c64p_Hwi_int2
0081b460   ti_sysbios_family_c64p_Hwi_int3
0081b480   ti_sysbios_family_c64p_Hwi_int4
0081b4a0   ti_sysbios_family_c64p_Hwi_int5
0081b4c0   ti_sysbios_family_c64p_Hwi_int6
0081b4e0   ti_sysbios_family_c64p_Hwi_int7
0081b500   ti_sysbios_family_c64p_Hwi_int8
0081b520   ti_sysbios_family_c64p_Hwi_int9
0081b540   ti_sysbios_family_c64p_Hwi_int10
0081b560   ti_sysbios_family_c64p_Hwi_int11
0081b580   ti_sysbios_family_c64p_Hwi_int12
0081b5a0   ti_sysbios_family_c64p_Hwi_int13
0081b5c0   ti_sysbios_family_c64p_Hwi_int14
0081b5e0   ti_sysbios_family_c64p_Hwi_int15
0081b600   __TI_STATIC_BASE
0081b600   time1
0081b604   time2
0081b608   digit
0081b60c   freq1
0081b610   freq2
0081b614   mag1
0081b618   mag2
0081b61c   sample
0081bcd0   __TI_Handler_Table_Base
0081bcdc   __TI_Handler_Table_Limit
0081bcf8   __TI_CINIT_Base
0081bd18   __TI_CINIT_Limit
ffffffff   __TI_pprof_out_hndl
ffffffff   __TI_prof_data_size
ffffffff   __TI_prof_data_start
ffffffff   __binit__
ffffffff   __c_args__
ffffffff   binit
UNDEFED    __TI_INITARRAY_Base
UNDEFED    __TI_INITARRAY_Limit

[694 symbols]
