******************************************************************************
               TMS320C6x Linker PC v7.4.4                      
******************************************************************************
>> Linked Thu Apr 01 16:14:49 2021

OUTPUT FILE NAME:   <Sys_bios_2021_lab1.out>
ENTRY POINT SYMBOL: "_c_int00"  address: 00813180


MEMORY CONFIGURATION

         name            origin    length      used     unused   attr    fill
----------------------  --------  ---------  --------  --------  ----  --------
  L2SRAM                00800000   00080000  00021774  0005e88c  RW X
  MSMCSRAM              0c000000   00400000  00000000  00400000  RW X
  DDR2                  80000000   10000000  00000000  10000000  RWIX


SEGMENT ALLOCATION MAP

run origin  load origin   length   init length attrs members
----------  ----------- ---------- ----------- ----- -------
00800000    00800000    00017280   00017280    r-x
  00800000    00800000    00017280   00017280    r-x .text
00817280    00817280    00003f80   00000000    rw-
  00817280    00817280    00003f80   00000000    rw- .far
0081b200    0081b200    00003aa4   00003aa4    r--
  0081b200    0081b200    00003aa4   00003aa4    r-- .const
0081eca8    0081eca8    00001000   00000000    rw-
  0081eca8    0081eca8    00001000   00000000    rw- .stack
0081fca8    0081fca8    00000dfc   00000dfc    rw-
  0081fca8    0081fca8    00000dfc   00000dfc    rw- .fardata
00820aa8    00820aa8    00000120   00000000    rw-
  00820aa8    00820aa8    00000120   00000000    rw- .cio
00820bc8    00820bc8    00000028   00000028    r--
  00820bc8    00820bc8    00000028   00000028    r-- .switch.1
00820c00    00820c00    00000288   00000288    r-x
  00820c00    00820c00    00000200   00000200    r-x .vecs
  00820e00    00820e00    00000088   00000088    r-- .switch.2
00820e88    00820e88    00000034   00000000    rw-
  00820e88    00820e88    00000034   00000000    rw- .bss
00820ebc    00820ebc    00000068   00000068    rw-
  00820ebc    00820ebc    00000068   00000068    rw- .neardata
00820f24    00820f24    00000868   00000868    r--
  00820f24    00820f24    00000868   00000868    r-- .cinit


SECTION ALLOCATION MAP

 output                                  attributes/
section   page    origin      length       input sections
--------  ----  ----------  ----------   ----------------
.init_array 
*          0    00800000    00000000     UNINITIALIZED

xdc.meta   0    00800000    000000f0     COPY SECTION
                  00800000    000000f0     Sys_BIOs_config_pe66.oe66 (xdc.meta)

.text      0    00800000    00017280     
                  00800000    00000b80     main_gtz.obj (.text)
                  00800b80    00000940     rts6600_elf.lib : _scanfi.obj (.text:_scanfi)
                  008014c0    000008a0     sysbios.ae66 : BIOS.obj (.text:ti_sysbios_family_c64p_Exception_handler__I)
                  00801d60    000008a0     util.obj (.text)
                  00802600    000008a0     ti.targets.rts6000.ae66 : System.oe66 (.text:xdc_runtime_System_doPrint__I)
                  00802ea0    000006a0     rts6600_elf.lib : _scanfi.obj (.text:_sset_arg)
                  00803540    00000600     sysbios.ae66 : BIOS.obj (.text:ti_sysbios_heaps_HeapMem_alloc__E)
                  00803b40    00000600                  : BIOS.obj (.text:ti_sysbios_knl_Semaphore_pend__E)
                  00804140    000005e0                  : BIOS.obj (.text:ti_sysbios_heaps_HeapMem_free__E)
                  00804720    000005c0     rts6600_elf.lib : divd.obj (.text:__c6xabi_divd)
                  00804ce0    000005a0     sysbios.ae66 : BIOS.obj (.text:ti_sysbios_timers_timer64_Timer_Module_startup__F)
                  00805280    00000520     rts6600_elf.lib : strtod.obj (.text:strtod)
                  008057a0    00000520                     : strtold.obj (.text:strtold)
                  00805cc0    00000500     sysbios.ae66 : BIOS.obj (.text:ti_sysbios_utils_Load_update__E)
                  008061c0    000004c0     rts6600_elf.lib : _scanfi.obj (.text:_sproc_int)
                  00806680    00000480                     : strtoll.obj (.text:strtoll)
                  00806b00    00000420     sysbios.ae66 : BIOS.obj (.text:ti_sysbios_knl_Task_sleep__E)
                  00806f20    00000420                  : BIOS.obj (.text:ti_sysbios_utils_Load_logLoads__I)
                  00807340    00000400     rts6600_elf.lib : strtoull.obj (.text:strtoull)
                  00807740    000003c0                     : strtol.obj (.text:strtol)
                  00807b00    00000340                     : _scanfi.obj (.text:_sget_conv)
                  00807e40    00000320                     : strtoul.obj (.text:strtoul)
                  00808160    00000300     sysbios.ae66 : BIOS.obj (.text:ti_sysbios_family_c64p_Hwi_dispatchC__I)
                  00808460    000002e0     rts6600_elf.lib : _scanfi.obj (.text:_sproc_float)
                  00808740    000002e0     sysbios.ae66 : BIOS.obj (.text:ti_sysbios_heaps_HeapMem_Instance_init__F)
                  00808a20    000002c0     ti.uia.runtime.ae66 : LoggerProbePoint.oe66 (.text:ti_uia_runtime_LoggerProbePoint_write8__E)
                  00808ce0    000002c0                         : LoggerStopMode.oe66 (.text:ti_uia_runtime_LoggerStopMode_write8__E)
                  00808fa0    000002a0     sysbios.ae66 : BIOS.obj (.text:ti_sysbios_knl_Clock_Instance_init__F)
                  00809240    000002a0                  : BIOS.obj (.text:ti_sysbios_knl_Clock_workFunc__E)
                  008094e0    000002a0                  : BIOS.obj (.text:ti_sysbios_timers_timer64_Timer_deviceConfig__I)
                  00809780    00000280     rts6600_elf.lib : sin.obj (.text:sin)
                  00809a00    00000280     ti.uia.runtime.ae66 : LoggerStopMode.oe66 (.text:ti_uia_runtime_LoggerStopMode_writeMemoryRange__E)
                  00809c80    00000280     ti.targets.rts6000.ae66 : Error.oe66 (.text:xdc_runtime_Error_raiseX__F)
                  00809f00    00000260     sysbios.ae66 : BIOS.obj (.text:ti_sysbios_family_c64p_Exception_internalHandler__I)
                  0080a160    00000260                  : BIOS.obj (.text:ti_sysbios_knl_Semaphore_post__E)
                  0080a3c0    00000260     ti.uia.runtime.ae66 : LoggerProbePoint.oe66 (.text:ti_uia_runtime_LoggerProbePoint_write4__E)
                  0080a620    00000260                         : LoggerProbePoint.oe66 (.text:ti_uia_runtime_LoggerProbePoint_writeMemoryRange__E)
                  0080a880    00000260     ti.targets.rts6000.ae66 : Startup.oe66 (.text:xdc_runtime_Startup_startMods__I)
                  0080aae0    00000260     Sys_BIOs_config_pe66.oe66 (.text:xdc_runtime_System_printfExtend__I)
                  0080ad40    00000240     rts6600_elf.lib : imath64.obj (.text:__c6xabi_divull)
                  0080af80    00000240     sysbios.ae66 : BIOS.obj (.text:ti_sysbios_knl_Task_exit__E)
                  0080b1c0    00000240     ti.uia.runtime.ae66 : LoggerProbePoint.oe66 (.text:ti_uia_runtime_LoggerProbePoint_write0__E)
                  0080b400    00000240                         : LoggerProbePoint.oe66 (.text:ti_uia_runtime_LoggerProbePoint_write1__E)
                  0080b640    00000240                         : LoggerProbePoint.oe66 (.text:ti_uia_runtime_LoggerProbePoint_write2__E)
                  0080b880    00000240                         : LoggerStopMode.oe66 (.text:ti_uia_runtime_LoggerStopMode_write4__E)
                  0080bac0    00000240     ti.targets.rts6000.ae66 : LoggerBuf.oe66 (.text:xdc_runtime_LoggerBuf_write8__F)
                  0080bd00    00000220     sysbios.ae66 : BIOS.obj (.text:ti_sysbios_knl_Swi_run__I)
                  0080bf20    00000220                  : BIOS.obj (.text:ti_sysbios_knl_Task_schedule__I)
                  0080c140    00000220                  : BIOS.obj (.text:ti_sysbios_knl_Task_startCore__E)
                  0080c360    00000220     ti.targets.rts6000.ae66 : Core-mem.oe66 (.text:xdc_runtime_Core_createObject__I)
                  0080c580    00000200     sysbios.ae66 : c64p_Hwi_disp_always.obj (.text:_ti_sysbios_family_c64p_Hwi_dispatchAlways)
                  0080c780    00000200     rts6600_elf.lib : setvbuf.obj (.text:setvbuf)
                  0080c980    00000200     sysbios.ae66 : BIOS.obj (.text:ti_sysbios_utils_Load_taskDeleteHook__E)
                  0080cb80    000001e0                  : BIOS.obj (.text:ti_sysbios_family_c64p_Exception_externalHandler__I)
                  0080cd60    000001e0                  : BIOS.obj (.text:ti_sysbios_knl_Task_checkStacks__E)
                  0080cf40    000001e0                  : BIOS.obj (.text:ti_sysbios_knl_Task_postInit__I)
                  0080d120    000001e0                  : BIOS.obj (.text:ti_sysbios_timers_timer64_Timer_getFreq__E)
                  0080d300    000001e0                  : BIOS.obj (.text:ti_sysbios_utils_Load_idleFxn__E)
                  0080d4e0    000001c0                  : BIOS.obj (.text:ti_sysbios_family_c64p_Exception_decodeMpfsr__I)
                  0080d6a0    000001c0                  : BIOS.obj (.text:ti_sysbios_gates_GateMutex_enter__E)
                  0080d860    000001c0                  : BIOS.obj (.text:ti_sysbios_timers_timer64_Timer_setPeriodMicroSecs__E)
                  0080da20    000001c0     ti.targets.rts6000.ae66 : Text.oe66 (.text:xdc_runtime_Text_putSite__F)
                  0080dbe0    000001a0     rts6600_elf.lib : trgdrv.obj (.text:HOSTrename)
                  0080dd80    000001a0                     : _scanfi.obj (.text:_sproc_str)
                  0080df20    000001a0     sysbios.ae66 : BIOS.obj (.text:ti_sysbios_timers_timer64_Timer_start__E)
                  0080e0c0    000001a0     ti.targets.rts6000.ae66 : LoggerBuf.oe66 (.text:xdc_runtime_LoggerBuf_write4__F)
                  0080e260    00000180     rts6600_elf.lib : copy_decompress_rle.obj (.text:__TI_decompress_rle_core)
                  0080e3e0    00000180                     : fscanf.obj (.text:_chkmbc)
                  0080e560    00000180     sysbios.ae66 : c64p_Exception_asm.obj (.text)
                  0080e6e0    00000180                  : BIOS.obj (.text:ti_sysbios_knl_Swi_schedule__I)
                  0080e860    00000180                  : BIOS.obj (.text:ti_sysbios_knl_Task_unblockI__E)
                  0080e9e0    00000160     rts6600_elf.lib : _scanfi.obj (.text:_sproc_lb)
                  0080eb40    00000160     sysbios.ae66 : BIOS.obj (.text:ti_sysbios_utils_Load_taskCreateHook__E)
                  0080eca0    00000140     boot.ae66 : autoinit.oe66 (.text:_auto_init_elf)
                  0080ede0    00000140     rts6600_elf.lib : fgetc.obj (.text:fgetc)
                  0080ef20    00000140                     : lowlev.obj (.text:getdevice)
                  0080f060    00000140     sysbios.ae66 : BIOS.obj (.text:ti_sysbios_family_c64p_Exception_Module_startup__F)
                  0080f1a0    00000140                  : BIOS.obj (.text:ti_sysbios_family_c64p_Hwi_Module_startup__F)
                  0080f2e0    00000140                  : BIOS.obj (.text:ti_sysbios_family_c66_Cache_Module_startup__F)
                  0080f420    00000140                  : BIOS.obj (.text:ti_sysbios_knl_Semaphore_Instance_init__F)
                  0080f560    00000140                  : BIOS.obj (.text:ti_sysbios_knl_Swi_post__E)
                  0080f6a0    00000140                  : BIOS.obj (.text:ti_sysbios_knl_Task_Module_startup__F)
                  0080f7e0    00000140                  : BIOS.obj (.text:ti_sysbios_knl_Task_blockI__E)
                  0080f920    00000140     rts6600_elf.lib : ungetc.obj (.text:ungetc)
                  0080fa60    00000140     ti.targets.rts6000.ae66 : Text.oe66 (.text:xdc_runtime_Text_putLab__F)
                  0080fba0    00000120     rts6600_elf.lib : _bufread.obj (.text:_buff_read)
                  0080fcc0    00000120                     : fclose.obj (.text:_closefile)
                  0080fde0    00000120                     : _scanfi.obj (.text:_sget_scanset)
                  0080ff00    00000120     sysbios.ae66 : BIOS.obj (.text:ti_sysbios_BIOS_rtsUnlock__I)
                  00810020    00000120                  : BIOS.obj (.text:ti_sysbios_knl_Clock_startI__E)
                  00810140    00000120     ti.uia.runtime.ae66 : LoggerProbePoint.oe66 (.text:ti_uia_runtime_LoggerProbePoint_setFilterLevel__E)
                  00810260    00000120                         : LoggerStopMode.oe66 (.text:ti_uia_runtime_LoggerStopMode_setFilterLevel__E)
                  00810380    00000120                         : QueueDescriptor.oe66 (.text:ti_uia_runtime_QueueDescriptor_addToList__E)
                  008104a0    00000120     ti.targets.rts6000.ae66 : LoggerBuf.oe66 (.text:xdc_runtime_LoggerBuf_setFilterLevel__F)
                  008105c0    00000120                             : Text.oe66 (.text:xdc_runtime_Text_putMod__F)
                  008106e0    00000100     rts6600_elf.lib : trgdrv.obj (.text:HOSTlseek)
                  008107e0    00000100     sysbios.ae66 : BIOS.obj (.text:ti_sysbios_knl_Swi_restoreHwi__E)
                  008108e0    00000100                  : BIOS.obj (.text:ti_sysbios_timers_timer64_Timer_initDevice__I)
                  008109e0    00000100                  : BIOS.obj (.text:ti_sysbios_utils_Load_addTask__E)
                  00810ae0    00000100     ti.uia.runtime.ae66 : LoggerProbePoint.oe66 (.text:ti_uia_runtime_LoggerProbePoint_getFilterLevel__E)
                  00810be0    00000100                         : LoggerStopMode.oe66 (.text:ti_uia_runtime_LoggerStopMode_getContents__E)
                  00810ce0    00000100                         : LoggerStopMode.oe66 (.text:ti_uia_runtime_LoggerStopMode_getFilterLevel__E)
                  00810de0    00000100     ti.targets.rts6000.ae66 : Core-mem.oe66 (.text:xdc_runtime_Core_deleteObject__I)
                  00810ee0    00000100                             : LoggerBuf.oe66 (.text:xdc_runtime_LoggerBuf_getFilterLevel__F)
                  00810fe0    00000100                             : Startup.oe66 (.text:xdc_runtime_Startup_exec__F)
                  008110e0    00000100                             : Text.oe66 (.text:xdc_runtime_Text_visitRope2__I)
                  008111e0    000000e0     rts6600_elf.lib : trgdrv.obj (.text:HOSTopen)
                  008112c0    000000e0                     : atoi.obj (.text:atoi)
                  008113a0    000000e0                     : lowlev.obj (.text:close)
                  00811480    000000e0                     : copy_zero_init.obj (.text:decompress:ZI:__TI_zero_init)
                  00811560    000000e0                     : memset.obj (.text:memset)
                  00811640    000000e0                     : fscanf.obj (.text:scanf)
                  00811720    000000e0     sysbios.ae66 : BIOS.obj (.text:ti_sysbios_knl_Clock_start__E)
                  00811800    000000e0     Sys_BIOs_config_pe66.oe66 (.text:ti_uia_runtime_LoggerProbePoint_Object__create__S)
                  008118e0    000000e0     ti.uia.runtime.ae66 : LoggerProbePoint.oe66 (.text:ti_uia_runtime_LoggerProbePoint_getContents__E)
                  008119c0    000000e0                         : LoggerProbePoint.oe66 (.text:ti_uia_runtime_LoggerProbePoint_writeBlockOfMemory__I)
                  00811aa0    000000e0     Sys_BIOs_config_pe66.oe66 (.text:ti_uia_runtime_LoggerStopMode_Object__create__S)
                  00811b80    000000e0     ti.uia.runtime.ae66 : LoggerStopMode.oe66 (.text:ti_uia_runtime_LoggerStopMode_writeBlockOfMemory__I)
                  00811c60    000000e0                         : QueueDescriptor.oe66 (.text:ti_uia_runtime_QueueDescriptor_removeFromList__E)
                  00811d40    000000e0     ti.targets.rts6000.ae66 : Error.oe66 (.text:xdc_runtime_Error_print__F)
                  00811e20    000000e0     Sys_BIOs_config_pe66.oe66 (.text:xdc_runtime_LoggerBuf_Object__create__S)
                  00811f00    000000e0     ti.targets.rts6000.ae66 : Memory.oe66 (.text:xdc_runtime_Memory_alloc__F)
                  00811fe0    000000c0     rts6600_elf.lib : trgdrv.obj (.text:HOSTread)
                  008120a0    000000c0                     : trgdrv.obj (.text:HOSTunlink)
                  00812160    000000c0                     : trgdrv.obj (.text:HOSTwrite)
                  00812220    000000c0                     : dtor_list.obj (.text:_Z11__TI_atexitPFYvPvES_S_)
                  008122e0    000000c0                     : dtor_list.obj (.text:__cxa_finalize)
                  008123a0    000000c0                     : divu.obj (.text:__divu)
                  00812460    000000c0                     : fflush.obj (.text:_doflush)
                  00812520    000000c0                     : _io_perm.obj (.text:_rd_ok)
                  008125e0    000000c0                     : exit.obj (.text:exit)
                  008126a0    000000c0     sysbios.ae66 : BIOS.obj (.text:ti_sysbios_BIOS_errorRaiseHook__I)
                  00812760    000000c0                  : BIOS.obj (.text:ti_sysbios_heaps_HeapMem_getStats__E)
                  00812820    000000c0                  : BIOS.obj (.text:ti_sysbios_knl_Clock_logTick__E)
                  008128e0    000000c0                  : BIOS.obj (.text:ti_sysbios_knl_Task_allBlockedFunction__I)
                  008129a0    000000c0                  : BIOS.obj (.text:ti_sysbios_timers_timer64_Timer_startup__E)
                  00812a60    000000c0                  : BIOS.obj (.text:ti_sysbios_utils_Load_taskSwitchHook__E)
                  00812b20    000000c0     ti.uia.runtime.ae66 : LoggerProbePoint.oe66 (.text:ti_uia_runtime_LoggerProbePoint_Instance_init__F)
                  00812be0    000000c0                         : LoggerProbePoint.oe66 (.text:ti_uia_runtime_LoggerProbePoint_Module_startup__F)
                  00812ca0    000000c0                         : LoggerStopMode.oe66 (.text:ti_uia_runtime_LoggerStopMode_Instance_init__F)
                  00812d60    000000c0                         : LoggerStopMode.oe66 (.text:ti_uia_runtime_LoggerStopMode_Module_startup__F)
                  00812e20    000000c0     ti.targets.rts6000.ae66 : LoggerBuf.oe66 (.text:xdc_runtime_LoggerBuf_Instance_init__F)
                  00812ee0    000000c0                             : System.oe66 (.text:xdc_runtime_System_formatNum__I)
                  00812fa0    000000a0     rts6600_elf.lib : trgdrv.obj (.text:HOSTclose)
                  00813040    000000a0                     : round.obj (.text:__c6xabi_nround)
                  008130e0    000000a0                     : remu.obj (.text:__remu)
                  00813180    000000a0     boot.ae66 : boot.oe66 (.text:_c_int00)
                  00813220    000000a0     rts6600_elf.lib : fopen.obj (.text:_cleanup)
                  008132c0    000000a0                     : lowlev.obj (.text:finddevice)
                  00813360    000000a0                     : memcpy64.obj (.text:memcpy)
                  00813400    000000a0                     : modf.obj (.text:modf)
                  008134a0    000000a0                     : lowlev.obj (.text:read)
                  00813540    000000a0     sysbios.ae66 : BIOS.obj (.text:ti_sysbios_family_c64p_Hwi_getStackInfo__E)
                  008135e0    000000a0                  : BIOS.obj (.text:ti_sysbios_heaps_HeapMem_init__I)
                  00813680    000000a0     Sys_BIOs_config_pe66.oe66 (.text:ti_sysbios_knl_Clock_Object__create__S)
                  00813720    000000a0     sysbios.ae66 : BIOS.obj (.text:ti_sysbios_knl_Idle_run__E)
                  008137c0    000000a0                  : BIOS.obj (.text:ti_sysbios_knl_Semaphore_pendTimeout__I)
                  00813860    000000a0                  : BIOS.obj (.text:ti_sysbios_knl_Task_processVitalTaskFlag__I)
                  00813900    000000a0                  : BIOS.obj (.text:ti_sysbios_timers_timer64_Timer_stop__E)
                  008139a0    000000a0     ti.uia.runtime.ae66 : LoggerProbePoint.oe66 (.text:ti_uia_runtime_LoggerProbePoint_readBlockOfMemory__I)
                  00813a40    000000a0                         : LoggerStopMode.oe66 (.text:ti_uia_runtime_LoggerStopMode_readBlockOfMemory__I)
                  00813ae0    000000a0     rts6600_elf.lib : lowlev.obj (.text:write)
                  00813b80    000000a0     ti.targets.rts6000.ae66 : Assert.oe66 (.text:xdc_runtime_Assert_raise__I)
                  00813c20    000000a0                             : LoggerBuf.oe66 (.text:xdc_runtime_LoggerBuf_Module_startup__F)
                  00813cc0    000000a0                             : SysMin.oe66 (.text:xdc_runtime_SysMin_abort__F)
                  00813d60    000000a0                             : SysMin.oe66 (.text:xdc_runtime_SysMin_flush__F)
                  00813e00    000000a0                             : SysMin.oe66 (.text:xdc_runtime_SysMin_putch__F)
                  00813ea0    000000a0                             : Text.oe66 (.text:xdc_runtime_Text_xprintf__I)
                  00813f40    00000080     rts6600_elf.lib : llshift.obj (.text:__c6xabi_llshl)
                  00813fc0    00000080     sysbios.ae66 : c62_TaskSupport_asm.obj (.text:_ti_sysbios_family_c62_TaskSupport_swap__E)
                  00814040    00000080     Sys_BIOs_config_pe66.oe66 (.text:malloc)
                  008140c0    00000080     rts6600_elf.lib : trgmsg.obj (.text:readmsg)
                  00814140    00000080     Sys_BIOs_config_pe66.oe66 (.text:ti_sysbios_BIOS_exitFunc__I)
                  008141c0    00000080     sysbios.ae66 : BIOS.obj (.text:ti_sysbios_BIOS_registerRTSLock__I)
                  00814240    00000080     Sys_BIOs_config_pe66.oe66 (.text:ti_sysbios_gates_GateHwi_Object__create__S)
                  008142c0    00000080     Sys_BIOs_config_pe66.oe66 (.text:ti_sysbios_gates_GateMutex_Object__create__S)
                  00814340    00000080     sysbios.ae66 : BIOS.obj (.text:ti_sysbios_hal_Hwi_checkStack:ti_sysbios_hal_Hwi_checkStack)
                  008143c0    00000080                  : BIOS.obj (.text:ti_sysbios_hal_Hwi_initStack:ti_sysbios_hal_Hwi_initStack)
                  00814440    00000080     Sys_BIOs_config_pe66.oe66 (.text:ti_sysbios_heaps_HeapMem_Object__create__S)
                  008144c0    00000080     sysbios.ae66 : BIOS.obj (.text:ti_sysbios_knl_Clock_Module_startup__F)
                  00814540    00000080     Sys_BIOs_config_pe66.oe66 (.text:ti_sysbios_knl_Clock_doTick__I)
                  008145c0    00000080     sysbios.ae66 : BIOS.obj (.text:ti_sysbios_knl_Clock_getTicks__E)
                  00814640    00000080     Sys_BIOs_config_pe66.oe66 (.text:ti_sysbios_knl_Queue_Object__create__S)
                  008146c0    00000080     Sys_BIOs_config_pe66.oe66 (.text:ti_sysbios_knl_Semaphore_Object__create__S)
                  00814740    00000080     sysbios.ae66 : BIOS.obj (.text:ti_sysbios_knl_Swi_startup__E)
                  008147c0    00000080                  : BIOS.obj (.text:ti_sysbios_knl_Task_restore__E)
                  00814840    00000080                  : BIOS.obj (.text:ti_sysbios_timers_timer64_Timer_getCount__E)
                  008148c0    00000080                  : BIOS.obj (.text:ti_sysbios_timers_timer64_Timer_getPeriod__E)
                  00814940    00000080     ti.uia.runtime.ae66 : LoggerProbePoint.oe66 (.text:ti_uia_runtime_LoggerProbePoint_disable__E)
                  008149c0    00000080                         : LoggerProbePoint.oe66 (.text:ti_uia_runtime_LoggerProbePoint_enable__E)
                  00814a40    00000080                         : LoggerProbePoint.oe66 (.text:ti_uia_runtime_LoggerProbePoint_filterOutEvent__I)
                  00814ac0    00000080                         : LoggerProbePoint.oe66 (.text:ti_uia_runtime_LoggerProbePoint_reset__F)
                  00814b40    00000080                         : LoggerStopMode.oe66 (.text:ti_uia_runtime_LoggerStopMode_disable__E)
                  00814bc0    00000080                         : LoggerStopMode.oe66 (.text:ti_uia_runtime_LoggerStopMode_enable__E)
                  00814c40    00000080                         : LoggerStopMode.oe66 (.text:ti_uia_runtime_LoggerStopMode_filterOutEvent__I)
                  00814cc0    00000080                         : LoggerStopMode.oe66 (.text:ti_uia_runtime_LoggerStopMode_reset__F)
                  00814d40    00000080     rts6600_elf.lib : lowlev.obj (.text:unlink)
                  00814dc0    00000080     ti.targets.rts6000.ae66 : Core-label.oe66 (.text:xdc_runtime_Core_assignLabel__I)
                  00814e40    00000080                             : Core-params.oe66 (.text:xdc_runtime_Core_assignParams__I)
                  00814ec0    00000080                             : LoggerBuf.oe66 (.text:xdc_runtime_LoggerBuf_filterOutEvent__I)
                  00814f40    00000080     Sys_BIOs_config_pe66.oe66 (.text:xdc_runtime_SysMin_output__I)
                  00814fc0    00000080     ti.targets.rts6000.ae66 : System.oe66 (.text:xdc_runtime_System_atexit__F)
                  00815040    00000080                             : System.oe66 (.text:xdc_runtime_System_putchar__I)
                  008150c0    00000080                             : System.oe66 (.text:xdc_runtime_System_rtsExit__I)
                  00815140    00000080                             : Text.oe66 (.text:xdc_runtime_Text_printVisFxn__I)
                  008151c0    00000060     rts6600_elf.lib : frcmpyd_div.obj (.text:__c6xabi_frcmpyd_div)
                  00815220    00000060                     : llshift.obj (.text:__c6xabi_llshru)
                  00815280    00000060                     : imath64.obj (.text:__c6xabi_remull)
                  008152e0    00000060                     : imath64.obj (.text:_subcull)
                  00815340    00000060     sysbios.ae66 : BIOS.obj (.text:ti_sysbios_BIOS_rtsLock__I)
                  008153a0    00000060                  : BIOS.obj (.text:ti_sysbios_family_c62_TaskSupport_start__E)
                  00815400    00000060                  : BIOS.obj (.text:ti_sysbios_gates_GateMutex_Instance_init__F)
                  00815460    00000060     Sys_BIOs_config_pe66.oe66 (.text:ti_sysbios_gates_GateMutex_Object__delete__S)
                  008154c0    00000060     sysbios.ae66 : BIOS.obj (.text:ti_sysbios_knl_Swi_Module_startup__F)
                  00815520    00000060                  : BIOS.obj (.text:ti_sysbios_knl_Task_enter__I)
                  00815580    00000060                  : BIOS.obj (.text:ti_sysbios_knl_Task_sleepTimeout__I)
                  008155e0    00000060     ti.uia.runtime.ae66 : LogSync.oe66 (.text:ti_uia_runtime_LogSync_Module_startup__F)
                  00815640    00000060                         : LoggerProbePoint.oe66 (.text:ti_uia_runtime_LoggerProbePoint_Instance_finalize__F)
                  008156a0    00000060     Sys_BIOs_config_pe66.oe66 (.text:ti_uia_runtime_LoggerProbePoint_Object__delete__S)
                  00815700    00000060     ti.uia.runtime.ae66 : LoggerStopMode.oe66 (.text:ti_uia_runtime_LoggerStopMode_Instance_finalize__F)
                  00815760    00000060     Sys_BIOs_config_pe66.oe66 (.text:ti_uia_runtime_LoggerStopMode_Object__delete__S)
                  008157c0    00000060     rts6600_elf.lib : trgmsg.obj (.text:writemsg)
                  00815820    00000060     Sys_BIOs_config_pe66.oe66 (.text:xdc_runtime_LoggerBuf_Object__delete__S)
                  00815880    00000060     ti.targets.rts6000.ae66 : Memory.oe66 (.text:xdc_runtime_Memory_calloc__F)
                  008158e0    00000060                             : SysMin.oe66 (.text:xdc_runtime_SysMin_Module_startup__F)
                  00815940    00000060                             : SysMin.oe66 (.text:xdc_runtime_SysMin_exit__F)
                  008159a0    00000060                             : System.oe66 (.text:xdc_runtime_System_avprintf__F)
                  00815a00    00000060                             : System.oe66 (.text:xdc_runtime_System_vprintf__F)
                  00815a60    00000060                             : Text.oe66 (.text:xdc_runtime_Text_cordText__F)
                  00815ac0    00000040     rts6600_elf.lib : args_main.obj (.text:_args_main)
                  00815b00    00000040     sysbios.ae66 : c62_TaskSupport_asm.obj (.text:_ti_sysbios_family_c62_TaskSupport_buildTaskStack)
                  00815b40    00000040                  : c64p_Hwi_asm_switch.obj (.text:_ti_sysbios_family_xxx_Hwi_switchToIsrStack)
                  00815b80    00000040     Sys_BIOs_config_pe66.oe66 (.text:free)
                  00815bc0    00000040     Sys_BIOs_config_pe66.oe66 (.text:ti_sysbios_BIOS_startFunc__I)
                  00815c00    00000040     Sys_BIOs_config_pe66.oe66 (.text:ti_sysbios_family_c64p_Hwi_Module__startupDone__F)
                  00815c40    00000040     sysbios.ae66 : BIOS.obj (.text:ti_sysbios_family_c64p_Hwi_disableInterrupt__E)
                  00815c80    00000040                  : BIOS.obj (.text:ti_sysbios_family_c64p_Hwi_enableInterrupt__E)
                  00815cc0    00000040     Sys_BIOs_config_pe66.oe66 (.text:ti_sysbios_gates_GateHwi_Handle__label__S)
                  00815d00    00000040     Sys_BIOs_config_pe66.oe66 (.text:ti_sysbios_gates_GateHwi_Object__delete__S)
                  00815d40    00000040     Sys_BIOs_config_pe66.oe66 (.text:ti_sysbios_gates_GateMutex_Handle__label__S)
                  00815d80    00000040     sysbios.ae66 : BIOS.obj (.text:ti_sysbios_gates_GateMutex_leave__E)
                  00815dc0    00000040     Sys_BIOs_config_pe66.oe66 (.text:ti_sysbios_hal_Timer_Module__startupDone__F)
                  00815e00    00000040     Sys_BIOs_config_pe66.oe66 (.text:ti_sysbios_heaps_HeapMem_Handle__label__S)
                  00815e40    00000040     Sys_BIOs_config_pe66.oe66 (.text:ti_sysbios_heaps_HeapMem_Object__delete__S)
                  00815e80    00000040     Sys_BIOs_config_pe66.oe66 (.text:ti_sysbios_heaps_HeapMem_Object__get__S)
                  00815ec0    00000040     Sys_BIOs_config_pe66.oe66 (.text:ti_sysbios_knl_Semaphore_Object__destruct__S)
                  00815f00    00000040     Sys_BIOs_config_pe66.oe66 (.text:ti_sysbios_knl_Swi_Object__get__S)
                  00815f40    00000040     Sys_BIOs_config_pe66.oe66 (.text:ti_sysbios_knl_Task_Object__get__S)
                  00815f80    00000040     Sys_BIOs_config_pe66.oe66 (.text:ti_sysbios_timers_timer64_Timer_Module__startupDone__F)
                  00815fc0    00000040     Sys_BIOs_config_pe66.oe66 (.text:ti_uia_family_c66_TimestampC66XGlobal_Module__startupDone__F)
                  00816000    00000040     Sys_BIOs_config_pe66.oe66 (.text:ti_uia_runtime_LoggerProbePoint_Handle__label__S)
                  00816040    00000040     Sys_BIOs_config_pe66.oe66 (.text:ti_uia_runtime_LoggerProbePoint_Object__get__S)
                  00816080    00000040     Sys_BIOs_config_pe66.oe66 (.text:ti_uia_runtime_LoggerStopMode_Handle__label__S)
                  008160c0    00000040     Sys_BIOs_config_pe66.oe66 (.text:ti_uia_runtime_LoggerStopMode_Object__get__S)
                  00816100    00000040     ti.uia.runtime.ae66 : LoggerStopMode.oe66 (.text:ti_uia_runtime_LoggerStopMode_write0__E)
                  00816140    00000040                         : LoggerStopMode.oe66 (.text:ti_uia_runtime_LoggerStopMode_write1__E)
                  00816180    00000040                         : LoggerStopMode.oe66 (.text:ti_uia_runtime_LoggerStopMode_write2__E)
                  008161c0    00000040                         : QueueDescriptor.oe66 (.text:ti_uia_runtime_QueueDescriptor_initHeader__E)
                  00816200    00000040     ti.targets.rts6000.ae66 : Error.oe66 (.text:xdc_runtime_Error_check__F)
                  00816240    00000040                             : Error.oe66 (.text:xdc_runtime_Error_init__F)
                  00816280    00000040                             : Gate.oe66 (.text:xdc_runtime_Gate_leaveSystem__F)
                  008162c0    00000040     Sys_BIOs_config_pe66.oe66 (.text:xdc_runtime_LoggerBuf_Handle__label__S)
                  00816300    00000040     ti.targets.rts6000.ae66 : LoggerBuf.oe66 (.text:xdc_runtime_LoggerBuf_Instance_finalize__F)
                  00816340    00000040     Sys_BIOs_config_pe66.oe66 (.text:xdc_runtime_LoggerBuf_Object__get__S)
                  00816380    00000040     ti.targets.rts6000.ae66 : LoggerBuf.oe66 (.text:xdc_runtime_LoggerBuf_write0__F)
                  008163c0    00000040                             : LoggerBuf.oe66 (.text:xdc_runtime_LoggerBuf_write1__F)
                  00816400    00000040                             : LoggerBuf.oe66 (.text:xdc_runtime_LoggerBuf_write2__F)
                  00816440    00000040                             : Memory.oe66 (.text:xdc_runtime_Memory_free__F)
                  00816480    00000040                             : Registry.oe66 (.text:xdc_runtime_Registry_findById__F)
                  008164c0    00000040                             : System.oe66 (.text:xdc_runtime_System_abort__F)
                  00816500    00000040     Sys_BIOs_config_pe66.oe66 (.text:xdc_runtime_System_aprintf__E)
                  00816540    00000040     Sys_BIOs_config_pe66.oe66 (.text:xdc_runtime_System_printf__E)
                  00816580    00000040     ti.targets.rts6000.ae66 : Text.oe66 (.text:xdc_runtime_Text_ropeText__F)
                  008165c0    00000020     rts6600_elf.lib : errno.obj (.text:__c6xabi_errno_addr)
                  008165e0    00000020                     : negll.obj (.text:__c6xabi_negll)
                  00816600    00000020                     : trunc.obj (.text:__c6xabi_trunc)
                  00816620    00000020                     : dtor_list.obj (.text:__cxa_atexit)
                  00816640    00000020                     : dtor_list.obj (.text:__cxa_ia64_exit)
                  00816660    00000020     ti.targets.rts6000.ae66 : xdc_noinit.oe66 (.text:__xdc__init)
                  00816680    00000020     rts6600_elf.lib : fscanf.obj (.text:_inpchar)
                  008166a0    00000020                     : _lock.obj (.text:_nop)
                  008166c0    00000020                     : _lock.obj (.text:_register_lock)
                  008166e0    00000020                     : _lock.obj (.text:_register_unlock)
                  00816700    00000020     sysbios.ae66 : c62_TaskSupport_asm.obj (.text:_ti_sysbios_family_c62_TaskSupport_glue)
                  00816720    00000020                  : c64p_Hwi_asm_switch.obj (.text:_ti_sysbios_family_xxx_Hwi_switchToTaskStack)
                  00816740    00000020     rts6600_elf.lib : fscanf.obj (.text:_uninpchar)
                  00816760    00000020                     : exit.obj (.text:abort)
                  00816780    00000020                     : dtor_list.obj (.text:atexit)
                  008167a0    00000020                     : copy_decompress_none.obj (.text:decompress:none:__TI_decompress_none)
                  008167c0    00000020                     : copy_decompress_rle.obj (.text:decompress:rle24:__TI_decompress_rle24)
                  008167e0    00000020     Sys_BIOs_config_pe66.oe66 (.text:ti_sysbios_BIOS_RtsGateProxy_enter__E)
                  00816800    00000020     Sys_BIOs_config_pe66.oe66 (.text:ti_sysbios_BIOS_RtsGateProxy_leave__E)
                  00816820    00000020     sysbios.ae66 : BIOS.obj (.text:ti_sysbios_BIOS_getCpuFreq__E)
                  00816840    00000020                  : BIOS.obj (.text:ti_sysbios_BIOS_nullFunc__I)
                  00816860    00000020                  : BIOS.obj (.text:ti_sysbios_BIOS_setThreadType__E)
                  00816880    00000020                  : BIOS.obj (.text:ti_sysbios_BIOS_start__E)
                  008168a0    00000020     Sys_BIOs_config_pe66.oe66 (.text:ti_sysbios_family_c62_TaskSupport_Module__startupDone__S)
                  008168c0    00000020     sysbios.ae66 : BIOS.obj (.text:ti_sysbios_family_c62_TaskSupport_checkStack__E)
                  008168e0    00000020                  : BIOS.obj (.text:ti_sysbios_family_c64p_Hwi_clearInterrupt__E)
                  00816900    00000020                  : BIOS.obj (.text:ti_sysbios_family_c64p_Hwi_startup__E)
                  00816920    00000020                  : BIOS.obj (.text:ti_sysbios_family_c64p_Hwi_switchFromBootStack__E)
                  00816940    00000020                  : BIOS.obj (.text:ti_sysbios_family_c64p_TimestampProvider_Module_startup__F)
                  00816960    00000020                  : BIOS.obj (.text:ti_sysbios_family_c64p_TimestampProvider_get32__E)
                  00816980    00000020                  : BIOS.obj (.text:ti_sysbios_family_c64p_TimestampProvider_get64__E)
                  008169a0    00000020                  : BIOS.obj (.text:ti_sysbios_family_c64p_tci6488_TimerSupport_enable__E)
                  008169c0    00000020                  : BIOS.obj (.text:ti_sysbios_gates_GateHwi_Instance_init__F)
                  008169e0    00000020                  : BIOS.obj (.text:ti_sysbios_gates_GateHwi_enter__E)
                  00816a00    00000020                  : BIOS.obj (.text:ti_sysbios_gates_GateHwi_leave__E)
                  00816a20    00000020                  : BIOS.obj (.text:ti_sysbios_gates_GateHwi_query__F)
                  00816a40    00000020                  : BIOS.obj (.text:ti_sysbios_gates_GateMutex_Instance_finalize__F)
                  00816a60    00000020                  : BIOS.obj (.text:ti_sysbios_gates_GateMutex_query__F)
                  00816a80    00000020     Sys_BIOs_config_pe66.oe66 (.text:ti_sysbios_hal_Hwi_HwiProxy_Module__startupDone__S)
                  00816aa0    00000020     sysbios.ae66 : BIOS.obj (.text:ti_sysbios_hal_Hwi_Module_startup__F)
                  00816ac0    00000020                  : BIOS.obj (.text:ti_sysbios_hal_Timer_Module_startup__F)
                  00816ae0    00000020     Sys_BIOs_config_pe66.oe66 (.text:ti_sysbios_hal_Timer_TimerProxy_Module__startupDone__S)
                  00816b00    00000020     Sys_BIOs_config_pe66.oe66 (.text:ti_sysbios_hal_Timer_TimerProxy_getExpiredCounts__E)
                  00816b20    00000020     Sys_BIOs_config_pe66.oe66 (.text:ti_sysbios_hal_Timer_TimerProxy_getPeriod__E)
                  00816b40    00000020     Sys_BIOs_config_pe66.oe66 (.text:ti_sysbios_hal_Timer_TimerProxy_setNextTick__E)
                  00816b60    00000020     Sys_BIOs_config_pe66.oe66 (.text:ti_sysbios_heaps_HeapMem_Module_GateProxy_enter__E)
                  00816b80    00000020     Sys_BIOs_config_pe66.oe66 (.text:ti_sysbios_heaps_HeapMem_Module_GateProxy_leave__E)
                  00816ba0    00000020     sysbios.ae66 : BIOS.obj (.text:ti_sysbios_heaps_HeapMem_isBlocking__E)
                  00816bc0    00000020     Sys_BIOs_config_pe66.oe66 (.text:ti_sysbios_knl_Clock_Params__init__S)
                  00816be0    00000020     sysbios.ae66 : BIOS.obj (.text:ti_sysbios_knl_Idle_loop__E)
                  00816c00    00000020                  : BIOS.obj (.text:ti_sysbios_knl_Queue_Instance_init__F)
                  00816c20    00000020     Sys_BIOs_config_pe66.oe66 (.text:ti_sysbios_knl_Queue_Object__destruct__S)
                  00816c40    00000020     Sys_BIOs_config_pe66.oe66 (.text:ti_sysbios_knl_Queue_Object__get__S)
                  00816c60    00000020     sysbios.ae66 : BIOS.obj (.text:ti_sysbios_knl_Queue_empty__E)
                  00816c80    00000020                  : BIOS.obj (.text:ti_sysbios_knl_Semaphore_Instance_finalize__F)
                  00816ca0    00000020                  : BIOS.obj (.text:ti_sysbios_knl_Swi_disable__E)
                  00816cc0    00000020     Sys_BIOs_config_pe66.oe66 (.text:ti_sysbios_knl_Task_Object__first__S)
                  00816ce0    00000020     Sys_BIOs_config_pe66.oe66 (.text:ti_sysbios_knl_Task_Object__next__S)
                  00816d00    00000020     Sys_BIOs_config_pe66.oe66 (.text:ti_sysbios_knl_Task_SupportProxy_Module__startupDone__S)
                  00816d20    00000020     sysbios.ae66 : BIOS.obj (.text:ti_sysbios_knl_Task_disable__E)
                  00816d40    00000020                  : BIOS.obj (.text:ti_sysbios_knl_Task_startup__E)
                  00816d60    00000020                  : BIOS.obj (.text:ti_sysbios_timers_timer64_Timer_setNextTick__E)
                  00816d80    00000020                  : BIOS.obj (.text:ti_sysbios_utils_Load_taskRegHook__E)
                  00816da0    00000020     ti.uia.family.c66.ae66 : TimestampC66XGlobal.oe66 (.text:ti_uia_family_c66_TimestampC66XGlobal_Module_startup__F)
                  00816dc0    00000020     Sys_BIOs_config_pe66.oe66 (.text:ti_uia_runtime_LogSync_CpuTimestampProxy_Module__startupDone__S)
                  00816de0    00000020     Sys_BIOs_config_pe66.oe66 (.text:ti_uia_runtime_LogSync_GlobalTimestampProxy_Module__startupDone__S)
                  00816e00    00000020     ti.uia.runtime.ae66 : LoggerProbePoint.oe66 (.text:ti_uia_runtime_LoggerProbePoint_getFreeSize__E)
                  00816e20    00000020                         : LoggerProbePoint.oe66 (.text:ti_uia_runtime_LoggerProbePoint_getInstanceId__E)
                  00816e40    00000020                         : LoggerProbePoint.oe66 (.text:ti_uia_runtime_LoggerProbePoint_getMaxLength__E)
                  00816e60    00000020                         : LoggerProbePoint.oe66 (.text:ti_uia_runtime_LoggerProbePoint_getPriority__E)
                  00816e80    00000020                         : LoggerProbePoint.oe66 (.text:ti_uia_runtime_LoggerProbePoint_getTransferType__F)
                  00816ea0    00000020                         : LoggerProbePoint.oe66 (.text:ti_uia_runtime_LoggerProbePoint_getUnreadSize__E)
                  00816ec0    00000020                         : LoggerProbePoint.oe66 (.text:ti_uia_runtime_LoggerProbePoint_isEmpty__E)
                  00816ee0    00000020                         : LoggerProbePoint.oe66 (.text:ti_uia_runtime_LoggerProbePoint_setPriority__E)
                  00816f00    00000020                         : LoggerStopMode.oe66 (.text:ti_uia_runtime_LoggerStopMode_getFreeSize__E)
                  00816f20    00000020                         : LoggerStopMode.oe66 (.text:ti_uia_runtime_LoggerStopMode_getInstanceId__E)
                  00816f40    00000020                         : LoggerStopMode.oe66 (.text:ti_uia_runtime_LoggerStopMode_getMaxLength__E)
                  00816f60    00000020                         : LoggerStopMode.oe66 (.text:ti_uia_runtime_LoggerStopMode_getPriority__E)
                  00816f80    00000020                         : LoggerStopMode.oe66 (.text:ti_uia_runtime_LoggerStopMode_getTransferType__F)
                  00816fa0    00000020                         : LoggerStopMode.oe66 (.text:ti_uia_runtime_LoggerStopMode_getUnreadSize__E)
                  00816fc0    00000020                         : LoggerStopMode.oe66 (.text:ti_uia_runtime_LoggerStopMode_isEmpty__E)
                  00816fe0    00000020                         : LoggerStopMode.oe66 (.text:ti_uia_runtime_LoggerStopMode_setPriority__E)
                  00817000    00000020     ti.targets.rts6000.ae66 : Gate.oe66 (.text:xdc_runtime_Gate_enterSystem__F)
                  00817020    00000020     Sys_BIOs_config_pe66.oe66 (.text:xdc_runtime_IHeap_alloc)
                  00817040    00000020     Sys_BIOs_config_pe66.oe66 (.text:xdc_runtime_IHeap_free)
                  00817060    00000020     Sys_BIOs_config_pe66.oe66 (.text:xdc_runtime_LoggerBuf_Module_GateProxy_enter__E)
                  00817080    00000020     Sys_BIOs_config_pe66.oe66 (.text:xdc_runtime_LoggerBuf_Module_GateProxy_leave__E)
                  008170a0    00000020     ti.targets.rts6000.ae66 : LoggerBuf.oe66 (.text:xdc_runtime_LoggerBuf_disable__F)
                  008170c0    00000020                             : LoggerBuf.oe66 (.text:xdc_runtime_LoggerBuf_enable__F)
                  008170e0    00000020     Sys_BIOs_config_pe66.oe66 (.text:xdc_runtime_Memory_HeapProxy_alloc__E)
                  00817100    00000020     Sys_BIOs_config_pe66.oe66 (.text:xdc_runtime_Memory_HeapProxy_free__E)
                  00817120    00000020     Sys_BIOs_config_pe66.oe66 (.text:xdc_runtime_Startup_exec__I)
                  00817140    00000020     Sys_BIOs_config_pe66.oe66 (.text:xdc_runtime_Startup_reset__I)
                  00817160    00000020     ti.targets.rts6000.ae66 : SysMin.oe66 (.text:xdc_runtime_SysMin_ready__F)
                  00817180    00000020     Sys_BIOs_config_pe66.oe66 (.text:xdc_runtime_System_Module_GateProxy_enter__E)
                  008171a0    00000020     Sys_BIOs_config_pe66.oe66 (.text:xdc_runtime_System_Module_GateProxy_leave__E)
                  008171c0    00000020     ti.targets.rts6000.ae66 : System.oe66 (.text:xdc_runtime_System_Module_startup__F)
                  008171e0    00000020                             : System.oe66 (.text:xdc_runtime_System_exit__F)
                  00817200    00000020                             : System.oe66 (.text:xdc_runtime_System_lastFxn__I)
                  00817220    00000020                             : System.oe66 (.text:xdc_runtime_System_vsnprintf__F)
                  00817240    00000020     Sys_BIOs_config_pe66.oe66 (.text:xdc_runtime_Text_visitRope__I)
                  00817260    00000020     Sys_BIOs_config_pe66.oe66 (.text:xdc_runtime_Timestamp_Module__startupDone__S)

.far       0    00817280    00003f80     UNINITIALIZED
                  00817280    00002618     Sys_BIOs_config_pe66.oe66 (.far)
                  00819898    00001800     Sys_BIOs_config_pe66.oe66 (.far:taskStackSection)
                  0081b098    00000140     rts6600_elf.lib : defs.obj (.far)
                  0081b1d8    00000020     util.obj (.far)
                  0081b1f8    00000008     rts6600_elf.lib : trgdrv.obj (.far)

.const     0    0081b200    00003aa4     
                  0081b200    000021b1     Sys_BIOs_config_pe66.oe66 (.const:xdc_runtime_Text_charTab__A)
                  0081d3b1    00000683     sysbios.ae66 : BIOS.obj (.const:.string)
                  0081da34    00000004     ti.targets.rts6000.ae66 : Assert.oe66 (.const:.string)
                  0081da38    00000400     Sys_BIOs_config_pe66.oe66 (.const:ti_sysbios_family_c66_Cache_marvalues__C)
                  0081de38    00000224     util.obj (.const:.string)
                  0081e05c    00000004     Sys_BIOs_config_pe66.oe66 (.const:ti_sysbios_BIOS_Module__diagsEnabled__C)
                  0081e060    00000128     Sys_BIOs_config_pe66.oe66 (.const:xdc_runtime_Text_nodeTab__A)
                  0081e188    00000101     rts6600_elf.lib : ctype.obj (.const:.string:_ctypes_)
                  0081e289    00000001     --HOLE-- [fill = 0]
                  0081e28a    00000002     Sys_BIOs_config_pe66.oe66 (.const:ti_sysbios_BIOS_Module__id__C)
                  0081e28c    00000060     Sys_BIOs_config_pe66.oe66 (.const:ti_uia_runtime_LoggerProbePoint_Module__FXNS__C)
                  0081e2ec    00000060     Sys_BIOs_config_pe66.oe66 (.const:ti_uia_runtime_LoggerStopMode_Module__FXNS__C)
                  0081e34c    00000058     ti.targets.rts6000.ae66 : Error.oe66 (.const:.string)
                  0081e3a4    00000004     Sys_BIOs_config_pe66.oe66 (.const:ti_sysbios_BIOS_Module__diagsIncluded__C)
                  0081e3a8    00000050     rts6600_elf.lib : strtod.obj (.const:digits)
                  0081e3f8    00000050                     : strtold.obj (.const:digits)
                  0081e448    00000048                     : strtod.obj (.const:powerof10)
                  0081e490    00000048                     : strtold.obj (.const:powerof10)
                  0081e4d8    00000047     Sys_BIOs_config_pe66.oe66 (.const:.string)
                  0081e51f    00000001     --HOLE-- [fill = 0]
                  0081e520    00000044     Sys_BIOs_config_pe66.oe66 (.const:xdc_runtime_Startup_sfxnTab__A)
                  0081e564    00000040     ti.targets.rts6000.ae66 : Text.oe66 (.const:.string)
                  0081e5a4    0000003c     Sys_BIOs_config_pe66.oe66 (.const:xdc_runtime_LoggerBuf_Module__FXNS__C)
                  0081e5e0    00000034     Sys_BIOs_config_pe66.oe66 (.const:ti_uia_runtime_LoggerProbePoint_Object__PARAMS__C)
                  0081e614    00000034     Sys_BIOs_config_pe66.oe66 (.const:ti_uia_runtime_LoggerStopMode_Object__PARAMS__C)
                  0081e648    00000030     Sys_BIOs_config_pe66.oe66 (.const:ti_sysbios_knl_Task_hooks__A)
                  0081e678    0000002c     ti.targets.rts6000.ae66 : Startup.oe66 (.const:.string)
                  0081e6a4    00000028     Sys_BIOs_config_pe66.oe66 (.const:ti_sysbios_heaps_HeapMem_Module__FXNS__C)
                  0081e6cc    00000028     Sys_BIOs_config_pe66.oe66 (.const:xdc_runtime_LoggerBuf_Object__PARAMS__C)
                  0081e6f4    00000024     Sys_BIOs_config_pe66.oe66 (.const:ti_sysbios_gates_GateHwi_Module__FXNS__C)
                  0081e718    00000024     Sys_BIOs_config_pe66.oe66 (.const:ti_sysbios_gates_GateMutex_Module__FXNS__C)
                  0081e73c    00000024     Sys_BIOs_config_pe66.oe66 (.const:ti_sysbios_heaps_HeapMem_Object__PARAMS__C)
                  0081e760    00000024     Sys_BIOs_config_pe66.oe66 (.const:ti_sysbios_knl_Clock_Object__PARAMS__C)
                  0081e784    00000024     Sys_BIOs_config_pe66.oe66 (.const:ti_sysbios_knl_Semaphore_Object__PARAMS__C)
                  0081e7a8    00000022     Sys_BIOs_config_pe66.oe66 (.const:xdc_runtime_Startup_sfxnRts__A)
                  0081e7ca    00000002     Sys_BIOs_config_pe66.oe66 (.const:ti_sysbios_family_c64p_Exception_Module__id__C)
                  0081e7cc    00000020     Sys_BIOs_config_pe66.oe66 (.const:ti_sysbios_gates_GateHwi_Object__DESC__C)
                  0081e7ec    00000020     Sys_BIOs_config_pe66.oe66 (.const:ti_sysbios_gates_GateMutex_Object__DESC__C)
                  0081e80c    00000020     Sys_BIOs_config_pe66.oe66 (.const:ti_sysbios_heaps_HeapMem_Object__DESC__C)
                  0081e82c    00000020     Sys_BIOs_config_pe66.oe66 (.const:ti_sysbios_knl_Clock_Object__DESC__C)
                  0081e84c    00000020     Sys_BIOs_config_pe66.oe66 (.const:ti_sysbios_knl_Queue_Object__DESC__C)
                  0081e86c    00000020     Sys_BIOs_config_pe66.oe66 (.const:ti_sysbios_knl_Semaphore_Object__DESC__C)
                  0081e88c    00000020     Sys_BIOs_config_pe66.oe66 (.const:ti_uia_runtime_LoggerProbePoint_Object__DESC__C)
                  0081e8ac    00000020     Sys_BIOs_config_pe66.oe66 (.const:ti_uia_runtime_LoggerStopMode_Object__DESC__C)
                  0081e8cc    00000020     Sys_BIOs_config_pe66.oe66 (.const:xdc_runtime_LoggerBuf_Object__DESC__C)
                  0081e8ec    00000018     Sys_BIOs_config_pe66.oe66 (.const:ti_sysbios_gates_GateHwi_Object__PARAMS__C)
                  0081e904    00000018     Sys_BIOs_config_pe66.oe66 (.const:ti_sysbios_gates_GateMutex_Object__PARAMS__C)
                  0081e91c    00000018     Sys_BIOs_config_pe66.oe66 (.const:ti_sysbios_knl_Queue_Object__PARAMS__C)
                  0081e934    00000014     main_gtz.obj (.const:.string)
                  0081e948    00000008     ti.targets.rts6000.ae66 : System.oe66 (.const:.string)
                  0081e950    00000011                             : System.oe66 (.const:digtohex)
                  0081e961    00000001     --HOLE-- [fill = 0]
                  0081e962    00000002     Sys_BIOs_config_pe66.oe66 (.const:ti_sysbios_family_c64p_Exception_enableExternalMPC__C)
                  0081e964    0000000c     Sys_BIOs_config_pe66.oe66 (.const:ti_sysbios_family_c66_Cache_initSize__C)
                  0081e970    00000008     Sys_BIOs_config_pe66.oe66 (.const:ti_sysbios_knl_Idle_coreList__A)
                  0081e978    00000008     Sys_BIOs_config_pe66.oe66 (.const:ti_sysbios_knl_Idle_coreList__C)
                  0081e980    00000008     Sys_BIOs_config_pe66.oe66 (.const:ti_sysbios_knl_Idle_funcList__A)
                  0081e988    00000008     Sys_BIOs_config_pe66.oe66 (.const:ti_sysbios_knl_Idle_funcList__C)
                  0081e990    00000008     Sys_BIOs_config_pe66.oe66 (.const:ti_sysbios_knl_Task_hooks__C)
                  0081e998    00000008     Sys_BIOs_config_pe66.oe66 (.const:xdc_runtime_Startup_firstFxns__A)
                  0081e9a0    00000008     Sys_BIOs_config_pe66.oe66 (.const:xdc_runtime_Startup_firstFxns__C)
                  0081e9a8    00000008     Sys_BIOs_config_pe66.oe66 (.const:xdc_runtime_Startup_lastFxns__C)
                  0081e9b0    00000007     rts6600_elf.lib : _scanfi.obj (.const:.string:flit$1)
                  0081e9b7    00000001     --HOLE-- [fill = 0]
                  0081e9b8    00000006                     : _scanfi.obj (.const:.string:barr$2)
                  0081e9be    00000002     Sys_BIOs_config_pe66.oe66 (.const:ti_sysbios_family_c64p_Exception_enablePrint__C)
                  0081e9c0    00000004     Sys_BIOs_config_pe66.oe66 (.const:ti_sysbios_BIOS_Module__diagsMask__C)
                  0081e9c4    00000004     Sys_BIOs_config_pe66.oe66 (.const:ti_sysbios_BIOS_installedErrorHook__C)
                  0081e9c8    00000004     Sys_BIOs_config_pe66.oe66 (.const:ti_sysbios_family_c64p_Exception_E_exceptionMax__C)
                  0081e9cc    00000004     Sys_BIOs_config_pe66.oe66 (.const:ti_sysbios_family_c64p_Exception_E_exceptionMin__C)
                  0081e9d0    00000004     Sys_BIOs_config_pe66.oe66 (.const:ti_sysbios_family_c64p_Exception_exceptionHook__C)
                  0081e9d4    00000004     Sys_BIOs_config_pe66.oe66 (.const:ti_sysbios_family_c64p_Exception_externalHook__C)
                  0081e9d8    00000004     Sys_BIOs_config_pe66.oe66 (.const:ti_sysbios_family_c64p_Exception_internalHook__C)
                  0081e9dc    00000004     Sys_BIOs_config_pe66.oe66 (.const:ti_sysbios_family_c64p_Exception_nmiHook__C)
                  0081e9e0    00000004     Sys_BIOs_config_pe66.oe66 (.const:ti_sysbios_family_c64p_Hwi_LD_end__C)
                  0081e9e4    00000004     Sys_BIOs_config_pe66.oe66 (.const:ti_sysbios_family_c64p_Hwi_LM_begin__C)
                  0081e9e8    00000004     Sys_BIOs_config_pe66.oe66 (.const:ti_sysbios_family_c64p_Hwi_Module__diagsEnabled__C)
                  0081e9ec    00000004     Sys_BIOs_config_pe66.oe66 (.const:ti_sysbios_family_c64p_Hwi_Module__diagsIncluded__C)
                  0081e9f0    00000004     Sys_BIOs_config_pe66.oe66 (.const:ti_sysbios_family_c64p_Hwi_Module__diagsMask__C)
                  0081e9f4    00000004     Sys_BIOs_config_pe66.oe66 (.const:ti_sysbios_family_c64p_Hwi_Module__loggerFxn1__C)
                  0081e9f8    00000004     Sys_BIOs_config_pe66.oe66 (.const:ti_sysbios_family_c64p_Hwi_Module__loggerFxn8__C)
                  0081e9fc    00000004     Sys_BIOs_config_pe66.oe66 (.const:ti_sysbios_family_c64p_Hwi_Module__loggerObj__C)
                  0081ea00    00000004     Sys_BIOs_config_pe66.oe66 (.const:ti_sysbios_gates_GateMutex_A_badContext__C)
                  0081ea04    00000004     Sys_BIOs_config_pe66.oe66 (.const:ti_sysbios_gates_GateMutex_Instance_State_sem__O)
                  0081ea08    00000004     Sys_BIOs_config_pe66.oe66 (.const:ti_sysbios_gates_GateMutex_Module__diagsEnabled__C)
                  0081ea0c    00000004     Sys_BIOs_config_pe66.oe66 (.const:ti_sysbios_gates_GateMutex_Module__diagsIncluded__C)
                  0081ea10    00000004     Sys_BIOs_config_pe66.oe66 (.const:ti_sysbios_gates_GateMutex_Module__diagsMask__C)
                  0081ea14    00000004     Sys_BIOs_config_pe66.oe66 (.const:ti_sysbios_hal_Hwi_E_stackOverflow__C)
                  0081ea18    00000004     Sys_BIOs_config_pe66.oe66 (.const:ti_sysbios_heaps_HeapMem_A_align__C)
                  0081ea1c    00000004     Sys_BIOs_config_pe66.oe66 (.const:ti_sysbios_heaps_HeapMem_A_heapSize__C)
                  0081ea20    00000004     Sys_BIOs_config_pe66.oe66 (.const:ti_sysbios_heaps_HeapMem_A_invalidFree__C)
                  0081ea24    00000004     Sys_BIOs_config_pe66.oe66 (.const:ti_sysbios_heaps_HeapMem_A_zeroBlock__C)
                  0081ea28    00000004     Sys_BIOs_config_pe66.oe66 (.const:ti_sysbios_heaps_HeapMem_E_memory__C)
                  0081ea2c    00000004     Sys_BIOs_config_pe66.oe66 (.const:ti_sysbios_heaps_HeapMem_Module__diagsEnabled__C)
                  0081ea30    00000004     Sys_BIOs_config_pe66.oe66 (.const:ti_sysbios_heaps_HeapMem_Module__diagsIncluded__C)
                  0081ea34    00000004     Sys_BIOs_config_pe66.oe66 (.const:ti_sysbios_heaps_HeapMem_Module__diagsMask__C)
                  0081ea38    00000004     Sys_BIOs_config_pe66.oe66 (.const:ti_sysbios_heaps_HeapMem_Module__gateObj__C)
                  0081ea3c    00000004     Sys_BIOs_config_pe66.oe66 (.const:ti_sysbios_heaps_HeapMem_Object__count__C)
                  0081ea40    00000004     Sys_BIOs_config_pe66.oe66 (.const:ti_sysbios_heaps_HeapMem_reqAlign__C)
                  0081ea44    00000004     Sys_BIOs_config_pe66.oe66 (.const:ti_sysbios_knl_Clock_A_badThreadType__C)
                  0081ea48    00000004     Sys_BIOs_config_pe66.oe66 (.const:ti_sysbios_knl_Clock_LM_begin__C)
                  0081ea4c    00000004     Sys_BIOs_config_pe66.oe66 (.const:ti_sysbios_knl_Clock_LM_tick__C)
                  0081ea50    00000004     Sys_BIOs_config_pe66.oe66 (.const:ti_sysbios_knl_Clock_LW_delayed__C)
                  0081ea54    00000004     Sys_BIOs_config_pe66.oe66 (.const:ti_sysbios_knl_Clock_Module_State_clockQ__O)
                  0081ea58    00000004     Sys_BIOs_config_pe66.oe66 (.const:ti_sysbios_knl_Clock_Module__diagsEnabled__C)
                  0081ea5c    00000004     Sys_BIOs_config_pe66.oe66 (.const:ti_sysbios_knl_Clock_Module__diagsIncluded__C)
                  0081ea60    00000004     Sys_BIOs_config_pe66.oe66 (.const:ti_sysbios_knl_Clock_Module__diagsMask__C)
                  0081ea64    00000004     Sys_BIOs_config_pe66.oe66 (.const:ti_sysbios_knl_Clock_Module__loggerFxn1__C)
                  0081ea68    00000004     Sys_BIOs_config_pe66.oe66 (.const:ti_sysbios_knl_Clock_Module__loggerFxn2__C)
                  0081ea6c    00000004     Sys_BIOs_config_pe66.oe66 (.const:ti_sysbios_knl_Clock_Module__loggerObj__C)
                  0081ea70    00000004     Sys_BIOs_config_pe66.oe66 (.const:ti_sysbios_knl_Clock_tickMode__C)
                  0081ea74    00000004     Sys_BIOs_config_pe66.oe66 (.const:ti_sysbios_knl_Clock_tickSource__C)
                  0081ea78    00000004     Sys_BIOs_config_pe66.oe66 (.const:ti_sysbios_knl_Semaphore_A_badContext__C)
                  0081ea7c    00000004     Sys_BIOs_config_pe66.oe66 (.const:ti_sysbios_knl_Semaphore_A_noEvents__C)
                  0081ea80    00000004     Sys_BIOs_config_pe66.oe66 (.const:ti_sysbios_knl_Semaphore_A_overflow__C)
                  0081ea84    00000004     Sys_BIOs_config_pe66.oe66 (.const:ti_sysbios_knl_Semaphore_A_pendTaskDisabled__C)
                  0081ea88    00000004     Sys_BIOs_config_pe66.oe66 (.const:ti_sysbios_knl_Semaphore_Instance_State_pendQ__O)
                  0081ea8c    00000004     Sys_BIOs_config_pe66.oe66 (.const:ti_sysbios_knl_Semaphore_LM_pend__C)
                  0081ea90    00000004     Sys_BIOs_config_pe66.oe66 (.const:ti_sysbios_knl_Semaphore_LM_post__C)
                  0081ea94    00000004     Sys_BIOs_config_pe66.oe66 (.const:ti_sysbios_knl_Semaphore_Module__diagsEnabled__C)
                  0081ea98    00000004     Sys_BIOs_config_pe66.oe66 (.const:ti_sysbios_knl_Semaphore_Module__diagsIncluded__C)
                  0081ea9c    00000004     Sys_BIOs_config_pe66.oe66 (.const:ti_sysbios_knl_Semaphore_Module__diagsMask__C)
                  0081eaa0    00000004     Sys_BIOs_config_pe66.oe66 (.const:ti_sysbios_knl_Semaphore_Module__loggerFxn2__C)
                  0081eaa4    00000004     Sys_BIOs_config_pe66.oe66 (.const:ti_sysbios_knl_Semaphore_Module__loggerFxn4__C)
                  0081eaa8    00000004     Sys_BIOs_config_pe66.oe66 (.const:ti_sysbios_knl_Semaphore_Module__loggerObj__C)
                  0081eaac    00000004     Sys_BIOs_config_pe66.oe66 (.const:ti_sysbios_knl_Swi_LD_end__C)
                  0081eab0    00000004     Sys_BIOs_config_pe66.oe66 (.const:ti_sysbios_knl_Swi_LM_begin__C)
                  0081eab4    00000004     Sys_BIOs_config_pe66.oe66 (.const:ti_sysbios_knl_Swi_LM_post__C)
                  0081eab8    00000004     Sys_BIOs_config_pe66.oe66 (.const:ti_sysbios_knl_Swi_Module__diagsEnabled__C)
                  0081eabc    00000004     Sys_BIOs_config_pe66.oe66 (.const:ti_sysbios_knl_Swi_Module__diagsIncluded__C)
                  0081eac0    00000004     Sys_BIOs_config_pe66.oe66 (.const:ti_sysbios_knl_Swi_Module__diagsMask__C)
                  0081eac4    00000004     Sys_BIOs_config_pe66.oe66 (.const:ti_sysbios_knl_Swi_Module__loggerFxn1__C)
                  0081eac8    00000004     Sys_BIOs_config_pe66.oe66 (.const:ti_sysbios_knl_Swi_Module__loggerFxn4__C)
                  0081eacc    00000004     Sys_BIOs_config_pe66.oe66 (.const:ti_sysbios_knl_Swi_Module__loggerObj__C)
                  0081ead0    00000004     Sys_BIOs_config_pe66.oe66 (.const:ti_sysbios_knl_Swi_Object__count__C)
                  0081ead4    00000004     Sys_BIOs_config_pe66.oe66 (.const:ti_sysbios_knl_Task_A_badTimeout__C)
                  0081ead8    00000004     Sys_BIOs_config_pe66.oe66 (.const:ti_sysbios_knl_Task_A_sleepTaskDisabled__C)
                  0081eadc    00000004     Sys_BIOs_config_pe66.oe66 (.const:ti_sysbios_knl_Task_E_spOutOfBounds__C)
                  0081eae0    00000004     Sys_BIOs_config_pe66.oe66 (.const:ti_sysbios_knl_Task_E_stackOverflow__C)
                  0081eae4    00000004     Sys_BIOs_config_pe66.oe66 (.const:ti_sysbios_knl_Task_LD_block__C)
                  0081eae8    00000004     Sys_BIOs_config_pe66.oe66 (.const:ti_sysbios_knl_Task_LD_exit__C)
                  0081eaec    00000004     Sys_BIOs_config_pe66.oe66 (.const:ti_sysbios_knl_Task_LD_ready__C)
                  0081eaf0    00000004     Sys_BIOs_config_pe66.oe66 (.const:ti_sysbios_knl_Task_LM_sleep__C)
                  0081eaf4    00000004     Sys_BIOs_config_pe66.oe66 (.const:ti_sysbios_knl_Task_LM_switch__C)
                  0081eaf8    00000004     Sys_BIOs_config_pe66.oe66 (.const:ti_sysbios_knl_Task_Module_State_inactiveQ__O)
                  0081eafc    00000004     Sys_BIOs_config_pe66.oe66 (.const:ti_sysbios_knl_Task_Module_State_terminatedQ__O)
                  0081eb00    00000004     Sys_BIOs_config_pe66.oe66 (.const:ti_sysbios_knl_Task_Module__diagsEnabled__C)
                  0081eb04    00000004     Sys_BIOs_config_pe66.oe66 (.const:ti_sysbios_knl_Task_Module__diagsIncluded__C)
                  0081eb08    00000004     Sys_BIOs_config_pe66.oe66 (.const:ti_sysbios_knl_Task_Module__diagsMask__C)
                  0081eb0c    00000004     Sys_BIOs_config_pe66.oe66 (.const:ti_sysbios_knl_Task_Module__loggerFxn2__C)
                  0081eb10    00000004     Sys_BIOs_config_pe66.oe66 (.const:ti_sysbios_knl_Task_Module__loggerFxn4__C)
                  0081eb14    00000004     Sys_BIOs_config_pe66.oe66 (.const:ti_sysbios_knl_Task_Module__loggerObj__C)
                  0081eb18    00000004     Sys_BIOs_config_pe66.oe66 (.const:ti_sysbios_knl_Task_Object__count__C)
                  0081eb1c    00000004     Sys_BIOs_config_pe66.oe66 (.const:ti_sysbios_knl_Task_Object__heap__C)
                  0081eb20    00000004     Sys_BIOs_config_pe66.oe66 (.const:ti_sysbios_knl_Task_allBlockedFunc__C)
                  0081eb24    00000004     Sys_BIOs_config_pe66.oe66 (.const:ti_sysbios_knl_Task_numConstructedTasks__C)
                  0081eb28    00000004     Sys_BIOs_config_pe66.oe66 (.const:ti_sysbios_timers_timer64_Timer_A_notAvailable__C)
                  0081eb2c    00000004     Sys_BIOs_config_pe66.oe66 (.const:ti_sysbios_timers_timer64_Timer_E_cannotSupport__C)
                  0081eb30    00000004     Sys_BIOs_config_pe66.oe66 (.const:ti_sysbios_timers_timer64_Timer_Module__diagsEnabled__C)
                  0081eb34    00000004     Sys_BIOs_config_pe66.oe66 (.const:ti_sysbios_timers_timer64_Timer_Module__diagsIncluded__C)
                  0081eb38    00000004     Sys_BIOs_config_pe66.oe66 (.const:ti_sysbios_timers_timer64_Timer_Module__diagsMask__C)
                  0081eb3c    00000004     Sys_BIOs_config_pe66.oe66 (.const:ti_sysbios_timers_timer64_Timer_anyMask__C)
                  0081eb40    00000004     Sys_BIOs_config_pe66.oe66 (.const:ti_sysbios_timers_timer64_Timer_freqDivisor__C)
                  0081eb44    00000004     Sys_BIOs_config_pe66.oe66 (.const:ti_sysbios_timers_timer64_Timer_numLocalTimers__C)
                  0081eb48    00000004     Sys_BIOs_config_pe66.oe66 (.const:ti_sysbios_timers_timer64_Timer_numTimerDevices__C)
                  0081eb4c    00000004     Sys_BIOs_config_pe66.oe66 (.const:ti_sysbios_utils_Load_LS_cpuLoad__C)
                  0081eb50    00000004     Sys_BIOs_config_pe66.oe66 (.const:ti_sysbios_utils_Load_LS_hwiLoad__C)
                  0081eb54    00000004     Sys_BIOs_config_pe66.oe66 (.const:ti_sysbios_utils_Load_LS_swiLoad__C)
                  0081eb58    00000004     Sys_BIOs_config_pe66.oe66 (.const:ti_sysbios_utils_Load_LS_taskLoad__C)
                  0081eb5c    00000004     Sys_BIOs_config_pe66.oe66 (.const:ti_sysbios_utils_Load_Module_State_taskList__O)
                  0081eb60    00000004     Sys_BIOs_config_pe66.oe66 (.const:ti_sysbios_utils_Load_Module__diagsEnabled__C)
                  0081eb64    00000004     Sys_BIOs_config_pe66.oe66 (.const:ti_sysbios_utils_Load_Module__diagsIncluded__C)
                  0081eb68    00000004     Sys_BIOs_config_pe66.oe66 (.const:ti_sysbios_utils_Load_Module__diagsMask__C)
                  0081eb6c    00000004     Sys_BIOs_config_pe66.oe66 (.const:ti_sysbios_utils_Load_Module__loggerFxn1__C)
                  0081eb70    00000004     Sys_BIOs_config_pe66.oe66 (.const:ti_sysbios_utils_Load_Module__loggerFxn2__C)
                  0081eb74    00000004     Sys_BIOs_config_pe66.oe66 (.const:ti_sysbios_utils_Load_Module__loggerFxn4__C)
                  0081eb78    00000004     Sys_BIOs_config_pe66.oe66 (.const:ti_sysbios_utils_Load_Module__loggerObj__C)
                  0081eb7c    00000004     Sys_BIOs_config_pe66.oe66 (.const:ti_sysbios_utils_Load_postUpdate__C)
                  0081eb80    00000004     Sys_BIOs_config_pe66.oe66 (.const:ti_sysbios_utils_Load_windowInMs__C)
                  0081eb84    00000004     Sys_BIOs_config_pe66.oe66 (.const:ti_uia_family_c66_TimestampC66XGlobal_timerBaseAdrs__C)
                  0081eb88    00000004     Sys_BIOs_config_pe66.oe66 (.const:ti_uia_runtime_ILoggerSnapshot_Interface__BASE__C)
                  0081eb8c    00000004     Sys_BIOs_config_pe66.oe66 (.const:ti_uia_runtime_IUIATransfer_Interface__BASE__C)
                  0081eb90    00000004     Sys_BIOs_config_pe66.oe66 (.const:ti_uia_runtime_LoggerProbePoint_E_badLevel__C)
                  0081eb94    00000004     Sys_BIOs_config_pe66.oe66 (.const:ti_uia_runtime_LoggerProbePoint_Object__count__C)
                  0081eb98    00000004     Sys_BIOs_config_pe66.oe66 (.const:ti_uia_runtime_LoggerProbePoint_overflowLogger__C)
                  0081eb9c    00000004     Sys_BIOs_config_pe66.oe66 (.const:ti_uia_runtime_LoggerProbePoint_statusLogger__C)
                  0081eba0    00000004     Sys_BIOs_config_pe66.oe66 (.const:ti_uia_runtime_LoggerStopMode_E_badLevel__C)
                  0081eba4    00000004     Sys_BIOs_config_pe66.oe66 (.const:ti_uia_runtime_LoggerStopMode_Object__count__C)
                  0081eba8    00000004     Sys_BIOs_config_pe66.oe66 (.const:ti_uia_runtime_LoggerStopMode_overflowLogger__C)
                  0081ebac    00000004     Sys_BIOs_config_pe66.oe66 (.const:ti_uia_runtime_LoggerStopMode_statusLogger__C)
                  0081ebb0    00000004     Sys_BIOs_config_pe66.oe66 (.const:xdc_runtime_Assert_E_assertFailed__C)
                  0081ebb4    00000004     Sys_BIOs_config_pe66.oe66 (.const:xdc_runtime_Core_A_initializedParams__C)
                  0081ebb8    00000004     Sys_BIOs_config_pe66.oe66 (.const:xdc_runtime_Core_Module__diagsEnabled__C)
                  0081ebbc    00000004     Sys_BIOs_config_pe66.oe66 (.const:xdc_runtime_Core_Module__diagsIncluded__C)
                  0081ebc0    00000004     Sys_BIOs_config_pe66.oe66 (.const:xdc_runtime_Core_Module__diagsMask__C)
                  0081ebc4    00000004     Sys_BIOs_config_pe66.oe66 (.const:xdc_runtime_Error_E_memory__C)
                  0081ebc8    00000004     Sys_BIOs_config_pe66.oe66 (.const:xdc_runtime_Error_Module__diagsEnabled__C)
                  0081ebcc    00000004     Sys_BIOs_config_pe66.oe66 (.const:xdc_runtime_Error_Module__diagsIncluded__C)
                  0081ebd0    00000004     Sys_BIOs_config_pe66.oe66 (.const:xdc_runtime_Error_Module__diagsMask__C)
                  0081ebd4    00000004     Sys_BIOs_config_pe66.oe66 (.const:xdc_runtime_Error_Module__loggerFxn8__C)
                  0081ebd8    00000004     Sys_BIOs_config_pe66.oe66 (.const:xdc_runtime_Error_Module__loggerObj__C)
                  0081ebdc    00000004     Sys_BIOs_config_pe66.oe66 (.const:xdc_runtime_Error_policy__C)
                  0081ebe0    00000004     Sys_BIOs_config_pe66.oe66 (.const:xdc_runtime_Error_raiseHook__C)
                  0081ebe4    00000004     Sys_BIOs_config_pe66.oe66 (.const:xdc_runtime_IFilterLogger_Interface__BASE__C)
                  0081ebe8    00000004     Sys_BIOs_config_pe66.oe66 (.const:xdc_runtime_IGateProvider_Interface__BASE__C)
                  0081ebec    00000004     Sys_BIOs_config_pe66.oe66 (.const:xdc_runtime_IHeap_Interface__BASE__C)
                  0081ebf0    00000004     Sys_BIOs_config_pe66.oe66 (.const:xdc_runtime_ILogger_Interface__BASE__C)
                  0081ebf4    00000004     Sys_BIOs_config_pe66.oe66 (.const:xdc_runtime_IModule_Interface__BASE__C)
                  0081ebf8    00000004     Sys_BIOs_config_pe66.oe66 (.const:xdc_runtime_Log_L_error__C)
                  0081ebfc    00000004     Sys_BIOs_config_pe66.oe66 (.const:xdc_runtime_LoggerBuf_E_badLevel__C)
                  0081ec00    00000004     Sys_BIOs_config_pe66.oe66 (.const:xdc_runtime_LoggerBuf_Module__gateObj__C)
                  0081ec04    00000004     Sys_BIOs_config_pe66.oe66 (.const:xdc_runtime_LoggerBuf_Object__count__C)
                  0081ec08    00000004     Sys_BIOs_config_pe66.oe66 (.const:xdc_runtime_LoggerBuf_statusLogger__C)
                  0081ec0c    00000004     Sys_BIOs_config_pe66.oe66 (.const:xdc_runtime_Memory_defaultHeapInstance__C)
                  0081ec10    00000004     Sys_BIOs_config_pe66.oe66 (.const:xdc_runtime_Startup_execImpl__C)
                  0081ec14    00000004     Sys_BIOs_config_pe66.oe66 (.const:xdc_runtime_Startup_maxPasses__C)
                  0081ec18    00000004     Sys_BIOs_config_pe66.oe66 (.const:xdc_runtime_Startup_lastFxns__A)
                  0081ec1c    00000004     Sys_BIOs_config_pe66.oe66 (.const:xdc_runtime_Startup_sfxnRts__C)
                  0081ec20    00000004     Sys_BIOs_config_pe66.oe66 (.const:xdc_runtime_Startup_sfxnTab__C)
                  0081ec24    00000004     Sys_BIOs_config_pe66.oe66 (.const:xdc_runtime_SysMin_bufSize__C)
                  0081ec28    00000004     Sys_BIOs_config_pe66.oe66 (.const:xdc_runtime_SysMin_outputFunc__C)
                  0081ec2c    00000004     Sys_BIOs_config_pe66.oe66 (.const:xdc_runtime_System_Module__gateObj__C)
                  0081ec30    00000004     Sys_BIOs_config_pe66.oe66 (.const:xdc_runtime_System_extendFxn__C)
                  0081ec34    00000004     Sys_BIOs_config_pe66.oe66 (.const:xdc_runtime_System_maxAtexitHandlers__C)
                  0081ec38    00000004     Sys_BIOs_config_pe66.oe66 (.const:xdc_runtime_Text_charTab__C)
                  0081ec3c    00000004     Sys_BIOs_config_pe66.oe66 (.const:xdc_runtime_Text_nameEmpty__C)
                  0081ec40    00000004     Sys_BIOs_config_pe66.oe66 (.const:xdc_runtime_Text_nameStatic__C)
                  0081ec44    00000004     Sys_BIOs_config_pe66.oe66 (.const:xdc_runtime_Text_nameUnknown__C)
                  0081ec48    00000004     Sys_BIOs_config_pe66.oe66 (.const:xdc_runtime_Text_nodeTab__C)
                  0081ec4c    00000004     Sys_BIOs_config_pe66.oe66 (.const:xdc_runtime_Text_visitRopeFxn__C)
                  0081ec50    00000002     Sys_BIOs_config_pe66.oe66 (.const:ti_sysbios_family_c64p_Exception_useInternalBuffer__C)
                  0081ec52    00000002     Sys_BIOs_config_pe66.oe66 (.const:ti_sysbios_family_c64p_Hwi_Module__id__C)
                  0081ec54    00000002     Sys_BIOs_config_pe66.oe66 (.const:ti_sysbios_family_c64p_Hwi_Module__loggerDefined__C)
                  0081ec56    00000002     Sys_BIOs_config_pe66.oe66 (.const:ti_sysbios_gates_GateMutex_Module__id__C)
                  0081ec58    00000002     Sys_BIOs_config_pe66.oe66 (.const:ti_sysbios_hal_Hwi_Module__id__C)
                  0081ec5a    00000002     Sys_BIOs_config_pe66.oe66 (.const:ti_sysbios_heaps_HeapMem_Module__id__C)
                  0081ec5c    00000002     Sys_BIOs_config_pe66.oe66 (.const:ti_sysbios_knl_Clock_Module__id__C)
                  0081ec5e    00000002     Sys_BIOs_config_pe66.oe66 (.const:ti_sysbios_knl_Clock_Module__loggerDefined__C)
                  0081ec60    00000002     Sys_BIOs_config_pe66.oe66 (.const:ti_sysbios_knl_Semaphore_Module__id__C)
                  0081ec62    00000002     Sys_BIOs_config_pe66.oe66 (.const:ti_sysbios_knl_Semaphore_Module__loggerDefined__C)
                  0081ec64    00000002     Sys_BIOs_config_pe66.oe66 (.const:ti_sysbios_knl_Swi_Module__id__C)
                  0081ec66    00000002     Sys_BIOs_config_pe66.oe66 (.const:ti_sysbios_knl_Swi_Module__loggerDefined__C)
                  0081ec68    00000002     Sys_BIOs_config_pe66.oe66 (.const:ti_sysbios_knl_Task_Module__id__C)
                  0081ec6a    00000002     Sys_BIOs_config_pe66.oe66 (.const:ti_sysbios_knl_Task_Module__loggerDefined__C)
                  0081ec6c    00000002     Sys_BIOs_config_pe66.oe66 (.const:ti_sysbios_knl_Task_deleteTerminatedTasks__C)
                  0081ec6e    00000002     Sys_BIOs_config_pe66.oe66 (.const:ti_sysbios_knl_Task_initStackFlag__C)
                  0081ec70    00000002     Sys_BIOs_config_pe66.oe66 (.const:ti_sysbios_timers_timer64_Timer_Module__id__C)
                  0081ec72    00000002     Sys_BIOs_config_pe66.oe66 (.const:ti_sysbios_timers_timer64_Timer_startupNeeded__C)
                  0081ec74    00000002     Sys_BIOs_config_pe66.oe66 (.const:ti_sysbios_utils_Load_Module__id__C)
                  0081ec76    00000002     Sys_BIOs_config_pe66.oe66 (.const:ti_sysbios_utils_Load_Module__loggerDefined__C)
                  0081ec78    00000002     Sys_BIOs_config_pe66.oe66 (.const:ti_sysbios_utils_Load_autoAddTasks__C)
                  0081ec7a    00000002     Sys_BIOs_config_pe66.oe66 (.const:ti_sysbios_utils_Load_hwiEnabled__C)
                  0081ec7c    00000002     Sys_BIOs_config_pe66.oe66 (.const:ti_sysbios_utils_Load_swiEnabled__C)
                  0081ec7e    00000002     Sys_BIOs_config_pe66.oe66 (.const:ti_sysbios_utils_Load_taskEnabled__C)
                  0081ec80    00000002     Sys_BIOs_config_pe66.oe66 (.const:ti_sysbios_utils_Load_updateInIdle__C)
                  0081ec82    00000002     Sys_BIOs_config_pe66.oe66 (.const:ti_uia_runtime_LoggerProbePoint_Module__id__C)
                  0081ec84    00000002     Sys_BIOs_config_pe66.oe66 (.const:ti_uia_runtime_LoggerProbePoint_filterByLevel__C)
                  0081ec86    00000002     Sys_BIOs_config_pe66.oe66 (.const:ti_uia_runtime_LoggerProbePoint_isTimestampEnabled__C)
                  0081ec88    00000002     Sys_BIOs_config_pe66.oe66 (.const:ti_uia_runtime_LoggerStopMode_Module__id__C)
                  0081ec8a    00000002     Sys_BIOs_config_pe66.oe66 (.const:ti_uia_runtime_LoggerStopMode_filterByLevel__C)
                  0081ec8c    00000002     Sys_BIOs_config_pe66.oe66 (.const:ti_uia_runtime_LoggerStopMode_isTimestampEnabled__C)
                  0081ec8e    00000002     Sys_BIOs_config_pe66.oe66 (.const:xdc_runtime_Core_Module__id__C)
                  0081ec90    00000002     Sys_BIOs_config_pe66.oe66 (.const:xdc_runtime_Error_Module__loggerDefined__C)
                  0081ec92    00000002     Sys_BIOs_config_pe66.oe66 (.const:xdc_runtime_Error_maxDepth__C)
                  0081ec94    00000002     Sys_BIOs_config_pe66.oe66 (.const:xdc_runtime_LoggerBuf_Module__id__C)
                  0081ec96    00000002     Sys_BIOs_config_pe66.oe66 (.const:xdc_runtime_LoggerBuf_filterByLevel__C)
                  0081ec98    00000002     Sys_BIOs_config_pe66.oe66 (.const:xdc_runtime_Memory_Module__id__C)
                  0081ec9a    00000002     Sys_BIOs_config_pe66.oe66 (.const:xdc_runtime_SysMin_flushAtExit__C)
                  0081ec9c    00000002     Sys_BIOs_config_pe66.oe66 (.const:xdc_runtime_Text_charCnt__C)
                  0081ec9e    00000002     Sys_BIOs_config_pe66.oe66 (.const:xdc_runtime_Text_isLoaded__C)
                  0081eca0    00000002     Sys_BIOs_config_pe66.oe66 (.const:xdc_runtime_Text_registryModsLastId__C)
                  0081eca2    00000002     Sys_BIOs_config_pe66.oe66 (.const:xdc_runtime_Text_unnamedModsLastId__C)

.stack     0    0081eca8    00001000     UNINITIALIZED
                  0081eca8    00000008     boot.ae66 : boot.oe66 (.stack)
                  0081ecb0    00000ff8     --HOLE--

.fardata   0    0081fca8    00000dfc     
                  0081fca8    000002e0     Sys_BIOs_config_pe66.oe66 (.fardata)
                  0081ff88    000001e0     rts6600_elf.lib : defs.obj (.fardata:_ftable)
                  00820168    00000180     Sys_BIOs_config_pe66.oe66 (.fardata:ti_sysbios_timers_timer64_Timer_Module_State_0_device__A)
                  008202e8    00000114     Sys_BIOs_config_pe66.oe66 (.fardata:ti_uia_runtime_LoggerProbePoint_Object__table__V)
                  008203fc    00000004     rts6600_elf.lib : defs.obj (.fardata)
                  00820400    000000f0     Sys_BIOs_config_pe66.oe66 (.fardata:ti_sysbios_knl_Task_Object__table__V)
                  008204f0    000000a0     rts6600_elf.lib : lowlev.obj (.fardata:_stream)
                  00820590    00000080     Sys_BIOs_config_pe66.oe66 (.fardata:ti_sysbios_knl_Swi_Module_State_0_readyQ__A)
                  00820610    00000080     Sys_BIOs_config_pe66.oe66 (.fardata:ti_sysbios_knl_Task_Module_State_0_readyQ__A)
                  00820690    00000080     Sys_BIOs_config_pe66.oe66 (.fardata:ti_sysbios_timers_timer64_Timer_Module_State_0_gctrl__A)
                  00820710    00000080     Sys_BIOs_config_pe66.oe66 (.fardata:ti_sysbios_timers_timer64_Timer_Module_State_0_handles__A)
                  00820790    00000080     Sys_BIOs_config_pe66.oe66 (.fardata:ti_sysbios_timers_timer64_Timer_Module_State_0_intFreqs__A)
                  00820810    00000078     rts6600_elf.lib : lowlev.obj (.fardata:_device)
                  00820888    0000005c     Sys_BIOs_config_pe66.oe66 (.fardata:ti_uia_runtime_LoggerStopMode_Object__table__V)
                  008208e4    00000004     rts6600_elf.lib : dtor_list.obj (.fardata)
                  008208e8    0000004c     Sys_BIOs_config_pe66.oe66 (.fardata:ti_sysbios_timers_timer64_Timer_Object__table__V)
[...]
008170a0   xdc_runtime_LoggerBuf_disable__E
008170a0   xdc_runtime_LoggerBuf_disable__F
008170c0   xdc_runtime_LoggerBuf_enable__E
008170c0   xdc_runtime_LoggerBuf_enable__F
008170e0   xdc_runtime_Memory_HeapProxy_alloc__E
00817100   xdc_runtime_Memory_HeapProxy_free__E
00817120   xdc_runtime_Startup_exec__I
00817140   xdc_runtime_Startup_reset__I
00817160   xdc_runtime_SysMin_ready__E
00817160   xdc_runtime_SysMin_ready__F
00817160   xdc_runtime_System_SupportProxy_ready__E
00817180   xdc_runtime_System_Module_GateProxy_enter__E
008171a0   xdc_runtime_System_Module_GateProxy_leave__E
008171c0   xdc_runtime_System_Module_startup__E
008171c0   xdc_runtime_System_Module_startup__F
008171e0   xdc_runtime_System_exit__E
008171e0   xdc_runtime_System_exit__F
00817200   xdc_runtime_System_lastFxn__I
00817220   xdc_runtime_System_snprintf_va__E
00817220   xdc_runtime_System_snprintf_va__F
00817220   xdc_runtime_System_vsnprintf__E
00817220   xdc_runtime_System_vsnprintf__F
00817240   xdc_runtime_Text_visitRope__I
00817260   xdc_runtime_Timestamp_Module__startupDone__S
00817280   ti_sysbios_heaps_HeapMem_Instance_State_0_buf__A
00818280   ti_sysbios_knl_Task_Instance_State_0_hookEnv__A
00818288   ti_sysbios_knl_Task_Instance_State_1_hookEnv__A
00818290   ti_sysbios_knl_Task_Instance_State_2_hookEnv__A
00818298   ti_uia_runtime_LoggerProbePoint_Instance_State_0_bufferArray__A
00818518   ti_uia_runtime_LoggerProbePoint_Instance_State_1_bufferArray__A
00818998   ti_uia_runtime_LoggerProbePoint_Instance_State_2_bufferArray__A
00818e18   ti_uia_runtime_LoggerStopMode_Instance_State_0_bufferArray__A
00819098   xdc_runtime_LoggerBuf_Instance_State_0_entryArr__A
00819498   xdc_runtime_SysMin_Module_State_0_outbuf__A
00819898   ti_sysbios_knl_Task_Instance_State_0_stack__A
0081a098   ti_sysbios_knl_Task_Instance_State_1_stack__A
0081a898   ti_sysbios_knl_Task_Instance_State_2_stack__A
0081b098   _tmpnams
0081b1d8   gtz_out
0081b200   xdc_runtime_Text_charTab__A
0081da38   ti_sysbios_family_c66_Cache_marvalues__C
0081e05c   ti_sysbios_BIOS_Module__diagsEnabled__C
0081e060   xdc_runtime_Text_nodeTab__A
0081e188   _ctypes_
0081e28a   ti_sysbios_BIOS_Module__id__C
0081e28c   ti_uia_runtime_LoggerProbePoint_Module__FXNS__C
0081e2ec   ti_uia_runtime_LoggerStopMode_Module__FXNS__C
0081e3a4   ti_sysbios_BIOS_Module__diagsIncluded__C
0081e520   xdc_runtime_Startup_sfxnTab__A
0081e5a4   xdc_runtime_LoggerBuf_Module__FXNS__C
0081e5e0   ti_uia_runtime_LoggerProbePoint_Object__PARAMS__C
0081e614   ti_uia_runtime_LoggerStopMode_Object__PARAMS__C
0081e648   ti_sysbios_knl_Task_hooks__A
0081e6a4   ti_sysbios_heaps_HeapMem_Module__FXNS__C
0081e6cc   xdc_runtime_LoggerBuf_Object__PARAMS__C
0081e6f4   ti_sysbios_gates_GateHwi_Module__FXNS__C
0081e718   ti_sysbios_gates_GateMutex_Module__FXNS__C
0081e73c   ti_sysbios_heaps_HeapMem_Object__PARAMS__C
0081e760   ti_sysbios_knl_Clock_Object__PARAMS__C
0081e784   ti_sysbios_knl_Semaphore_Object__PARAMS__C
0081e7a8   xdc_runtime_Startup_sfxnRts__A
0081e7ca   ti_sysbios_family_c64p_Exception_Module__id__C
0081e7cc   ti_sysbios_gates_GateHwi_Object__DESC__C
0081e7ec   ti_sysbios_gates_GateMutex_Object__DESC__C
0081e80c   ti_sysbios_heaps_HeapMem_Object__DESC__C
0081e82c   ti_sysbios_knl_Clock_Object__DESC__C
0081e84c   ti_sysbios_knl_Queue_Object__DESC__C
0081e86c   ti_sysbios_knl_Semaphore_Object__DESC__C
0081e88c   ti_uia_runtime_LoggerProbePoint_Object__DESC__C
0081e8ac   ti_uia_runtime_LoggerStopMode_Object__DESC__C
0081e8cc   xdc_runtime_LoggerBuf_Object__DESC__C
0081e8ec   ti_sysbios_gates_GateHwi_Object__PARAMS__C
0081e904   ti_sysbios_gates_GateMutex_Object__PARAMS__C
0081e91c   ti_sysbios_knl_Queue_Object__PARAMS__C
0081e962   ti_sysbios_family_c64p_Exception_enableExternalMPC__C
0081e964   ti_sysbios_family_c66_Cache_initSize__C
0081e970   ti_sysbios_knl_Idle_coreList__A
0081e978   ti_sysbios_knl_Idle_coreList__C
0081e980   ti_sysbios_knl_Idle_funcList__A
0081e988   ti_sysbios_knl_Idle_funcList__C
0081e990   ti_sysbios_knl_Task_hooks__C
0081e998   xdc_runtime_Startup_firstFxns__A
0081e9a0   xdc_runtime_Startup_firstFxns__C
0081e9a8   xdc_runtime_Startup_lastFxns__C
0081e9be   ti_sysbios_family_c64p_Exception_enablePrint__C
0081e9c0   ti_sysbios_BIOS_Module__diagsMask__C
0081e9c4   ti_sysbios_BIOS_installedErrorHook__C
0081e9c8   ti_sysbios_family_c64p_Exception_E_exceptionMax__C
0081e9cc   ti_sysbios_family_c64p_Exception_E_exceptionMin__C
0081e9d0   ti_sysbios_family_c64p_Exception_exceptionHook__C
0081e9d4   ti_sysbios_family_c64p_Exception_externalHook__C
0081e9d8   ti_sysbios_family_c64p_Exception_internalHook__C
0081e9dc   ti_sysbios_family_c64p_Exception_nmiHook__C
0081e9e0   ti_sysbios_family_c64p_Hwi_LD_end__C
0081e9e4   ti_sysbios_family_c64p_Hwi_LM_begin__C
0081e9e8   ti_sysbios_family_c64p_Hwi_Module__diagsEnabled__C
0081e9ec   ti_sysbios_family_c64p_Hwi_Module__diagsIncluded__C
0081e9f0   ti_sysbios_family_c64p_Hwi_Module__diagsMask__C
0081e9f4   ti_sysbios_family_c64p_Hwi_Module__loggerFxn1__C
0081e9f8   ti_sysbios_family_c64p_Hwi_Module__loggerFxn8__C
0081e9fc   ti_sysbios_family_c64p_Hwi_Module__loggerObj__C
0081ea00   ti_sysbios_gates_GateMutex_A_badContext__C
0081ea04   ti_sysbios_gates_GateMutex_Instance_State_sem__O
0081ea08   ti_sysbios_gates_GateMutex_Module__diagsEnabled__C
0081ea0c   ti_sysbios_gates_GateMutex_Module__diagsIncluded__C
0081ea10   ti_sysbios_gates_GateMutex_Module__diagsMask__C
0081ea14   ti_sysbios_hal_Hwi_E_stackOverflow__C
0081ea18   ti_sysbios_heaps_HeapMem_A_align__C
0081ea1c   ti_sysbios_heaps_HeapMem_A_heapSize__C
0081ea20   ti_sysbios_heaps_HeapMem_A_invalidFree__C
0081ea24   ti_sysbios_heaps_HeapMem_A_zeroBlock__C
0081ea28   ti_sysbios_heaps_HeapMem_E_memory__C
0081ea2c   ti_sysbios_heaps_HeapMem_Module__diagsEnabled__C
0081ea30   ti_sysbios_heaps_HeapMem_Module__diagsIncluded__C
0081ea34   ti_sysbios_heaps_HeapMem_Module__diagsMask__C
0081ea38   ti_sysbios_heaps_HeapMem_Module__gateObj__C
0081ea3c   ti_sysbios_heaps_HeapMem_Object__count__C
0081ea40   ti_sysbios_heaps_HeapMem_reqAlign__C
0081ea44   ti_sysbios_knl_Clock_A_badThreadType__C
0081ea48   ti_sysbios_knl_Clock_LM_begin__C
0081ea4c   ti_sysbios_knl_Clock_LM_tick__C
0081ea50   ti_sysbios_knl_Clock_LW_delayed__C
0081ea54   ti_sysbios_knl_Clock_Module_State_clockQ__O
0081ea58   ti_sysbios_knl_Clock_Module__diagsEnabled__C
0081ea5c   ti_sysbios_knl_Clock_Module__diagsIncluded__C
0081ea60   ti_sysbios_knl_Clock_Module__diagsMask__C
0081ea64   ti_sysbios_knl_Clock_Module__loggerFxn1__C
0081ea68   ti_sysbios_knl_Clock_Module__loggerFxn2__C
0081ea6c   ti_sysbios_knl_Clock_Module__loggerObj__C
0081ea70   ti_sysbios_knl_Clock_tickMode__C
0081ea74   ti_sysbios_knl_Clock_tickSource__C
0081ea78   ti_sysbios_knl_Semaphore_A_badContext__C
0081ea7c   ti_sysbios_knl_Semaphore_A_noEvents__C
0081ea80   ti_sysbios_knl_Semaphore_A_overflow__C
0081ea84   ti_sysbios_knl_Semaphore_A_pendTaskDisabled__C
0081ea88   ti_sysbios_knl_Semaphore_Instance_State_pendQ__O
0081ea8c   ti_sysbios_knl_Semaphore_LM_pend__C
0081ea90   ti_sysbios_knl_Semaphore_LM_post__C
0081ea94   ti_sysbios_knl_Semaphore_Module__diagsEnabled__C
0081ea98   ti_sysbios_knl_Semaphore_Module__diagsIncluded__C
0081ea9c   ti_sysbios_knl_Semaphore_Module__diagsMask__C
0081eaa0   ti_sysbios_knl_Semaphore_Module__loggerFxn2__C
0081eaa4   ti_sysbios_knl_Semaphore_Module__loggerFxn4__C
0081eaa8   ti_sysbios_knl_Semaphore_Module__loggerObj__C
0081eaac   ti_sysbios_knl_Swi_LD_end__C
0081eab0   ti_sysbios_knl_Swi_LM_begin__C
0081eab4   ti_sysbios_knl_Swi_LM_post__C
0081eab8   ti_sysbios_knl_Swi_Module__diagsEnabled__C
0081eabc   ti_sysbios_knl_Swi_Module__diagsIncluded__C
0081eac0   ti_sysbios_knl_Swi_Module__diagsMask__C
0081eac4   ti_sysbios_knl_Swi_Module__loggerFxn1__C
0081eac8   ti_sysbios_knl_Swi_Module__loggerFxn4__C
0081eacc   ti_sysbios_knl_Swi_Module__loggerObj__C
0081ead0   ti_sysbios_knl_Swi_Object__count__C
0081ead4   ti_sysbios_knl_Task_A_badTimeout__C
0081ead8   ti_sysbios_knl_Task_A_sleepTaskDisabled__C
0081eadc   ti_sysbios_knl_Task_E_spOutOfBounds__C
0081eae0   ti_sysbios_knl_Task_E_stackOverflow__C
0081eae4   ti_sysbios_knl_Task_LD_block__C
0081eae8   ti_sysbios_knl_Task_LD_exit__C
0081eaec   ti_sysbios_knl_Task_LD_ready__C
0081eaf0   ti_sysbios_knl_Task_LM_sleep__C
0081eaf4   ti_sysbios_knl_Task_LM_switch__C
0081eaf8   ti_sysbios_knl_Task_Module_State_inactiveQ__O
0081eafc   ti_sysbios_knl_Task_Module_State_terminatedQ__O
0081eb00   ti_sysbios_knl_Task_Module__diagsEnabled__C
0081eb04   ti_sysbios_knl_Task_Module__diagsIncluded__C
0081eb08   ti_sysbios_knl_Task_Module__diagsMask__C
0081eb0c   ti_sysbios_knl_Task_Module__loggerFxn2__C
0081eb10   ti_sysbios_knl_Task_Module__loggerFxn4__C
0081eb14   ti_sysbios_knl_Task_Module__loggerObj__C
0081eb18   ti_sysbios_knl_Task_Object__count__C
0081eb1c   ti_sysbios_knl_Task_Object__heap__C
0081eb20   ti_sysbios_knl_Task_allBlockedFunc__C
0081eb24   ti_sysbios_knl_Task_numConstructedTasks__C
0081eb28   ti_sysbios_timers_timer64_Timer_A_notAvailable__C
0081eb2c   ti_sysbios_timers_timer64_Timer_E_cannotSupport__C
0081eb30   ti_sysbios_timers_timer64_Timer_Module__diagsEnabled__C
0081eb34   ti_sysbios_timers_timer64_Timer_Module__diagsIncluded__C
0081eb38   ti_sysbios_timers_timer64_Timer_Module__diagsMask__C
0081eb3c   ti_sysbios_timers_timer64_Timer_anyMask__C
0081eb40   ti_sysbios_timers_timer64_Timer_freqDivisor__C
0081eb44   ti_sysbios_timers_timer64_Timer_numLocalTimers__C
0081eb48   ti_sysbios_timers_timer64_Timer_numTimerDevices__C
0081eb4c   ti_sysbios_utils_Load_LS_cpuLoad__C
0081eb50   ti_sysbios_utils_Load_LS_hwiLoad__C
0081eb54   ti_sysbios_utils_Load_LS_swiLoad__C
0081eb58   ti_sysbios_utils_Load_LS_taskLoad__C
0081eb5c   ti_sysbios_utils_Load_Module_State_taskList__O
0081eb60   ti_sysbios_utils_Load_Module__diagsEnabled__C
0081eb64   ti_sysbios_utils_Load_Module__diagsIncluded__C
0081eb68   ti_sysbios_utils_Load_Module__diagsMask__C
0081eb6c   ti_sysbios_utils_Load_Module__loggerFxn1__C
0081eb70   ti_sysbios_utils_Load_Module__loggerFxn2__C
0081eb74   ti_sysbios_utils_Load_Module__loggerFxn4__C
0081eb78   ti_sysbios_utils_Load_Module__loggerObj__C
0081eb7c   ti_sysbios_utils_Load_postUpdate__C
0081eb80   ti_sysbios_utils_Load_windowInMs__C
0081eb84   ti_uia_family_c66_TimestampC66XGlobal_timerBaseAdrs__C
0081eb88   ti_uia_runtime_ILoggerSnapshot_Interface__BASE__C
0081eb8c   ti_uia_runtime_IUIATransfer_Interface__BASE__C
0081eb90   ti_uia_runtime_LoggerProbePoint_E_badLevel__C
0081eb94   ti_uia_runtime_LoggerProbePoint_Object__count__C
0081eb98   ti_uia_runtime_LoggerProbePoint_overflowLogger__C
0081eb9c   ti_uia_runtime_LoggerProbePoint_statusLogger__C
0081eba0   ti_uia_runtime_LoggerStopMode_E_badLevel__C
0081eba4   ti_uia_runtime_LoggerStopMode_Object__count__C
0081eba8   ti_uia_runtime_LoggerStopMode_overflowLogger__C
0081ebac   ti_uia_runtime_LoggerStopMode_statusLogger__C
0081ebb0   xdc_runtime_Assert_E_assertFailed__C
0081ebb4   xdc_runtime_Core_A_initializedParams__C
0081ebb8   xdc_runtime_Core_Module__diagsEnabled__C
0081ebbc   xdc_runtime_Core_Module__diagsIncluded__C
0081ebc0   xdc_runtime_Core_Module__diagsMask__C
0081ebc4   xdc_runtime_Error_E_memory__C
0081ebc8   xdc_runtime_Error_Module__diagsEnabled__C
0081ebcc   xdc_runtime_Error_Module__diagsIncluded__C
0081ebd0   xdc_runtime_Error_Module__diagsMask__C
0081ebd4   xdc_runtime_Error_Module__loggerFxn8__C
0081ebd8   xdc_runtime_Error_Module__loggerObj__C
0081ebdc   xdc_runtime_Error_policy__C
0081ebe0   xdc_runtime_Error_raiseHook__C
0081ebe4   xdc_runtime_IFilterLogger_Interface__BASE__C
0081ebe8   xdc_runtime_IGateProvider_Interface__BASE__C
0081ebec   xdc_runtime_IHeap_Interface__BASE__C
0081ebf0   xdc_runtime_ILogger_Interface__BASE__C
0081ebf4   xdc_runtime_IModule_Interface__BASE__C
0081ebf8   xdc_runtime_Log_L_error__C
0081ebfc   xdc_runtime_LoggerBuf_E_badLevel__C
0081ec00   xdc_runtime_LoggerBuf_Module__gateObj__C
0081ec04   xdc_runtime_LoggerBuf_Object__count__C
0081ec08   xdc_runtime_LoggerBuf_statusLogger__C
0081ec0c   xdc_runtime_Memory_defaultHeapInstance__C
0081ec10   xdc_runtime_Startup_execImpl__C
0081ec14   xdc_runtime_Startup_maxPasses__C
0081ec18   xdc_runtime_Startup_lastFxns__A
0081ec1c   xdc_runtime_Startup_sfxnRts__C
0081ec20   xdc_runtime_Startup_sfxnTab__C
0081ec24   xdc_runtime_SysMin_bufSize__C
0081ec28   xdc_runtime_SysMin_outputFunc__C
0081ec2c   xdc_runtime_System_Module__gateObj__C
0081ec30   xdc_runtime_System_extendFxn__C
0081ec34   xdc_runtime_System_maxAtexitHandlers__C
0081ec38   xdc_runtime_Text_charTab__C
0081ec3c   xdc_runtime_Text_nameEmpty__C
0081ec40   xdc_runtime_Text_nameStatic__C
0081ec44   xdc_runtime_Text_nameUnknown__C
0081ec48   xdc_runtime_Text_nodeTab__C
0081ec4c   xdc_runtime_Text_visitRopeFxn__C
0081ec50   ti_sysbios_family_c64p_Exception_useInternalBuffer__C
0081ec52   ti_sysbios_family_c64p_Hwi_Module__id__C
0081ec54   ti_sysbios_family_c64p_Hwi_Module__loggerDefined__C
0081ec56   ti_sysbios_gates_GateMutex_Module__id__C
0081ec58   ti_sysbios_hal_Hwi_Module__id__C
0081ec5a   ti_sysbios_heaps_HeapMem_Module__id__C
0081ec5c   ti_sysbios_knl_Clock_Module__id__C
0081ec5e   ti_sysbios_knl_Clock_Module__loggerDefined__C
0081ec60   ti_sysbios_knl_Semaphore_Module__id__C
0081ec62   ti_sysbios_knl_Semaphore_Module__loggerDefined__C
0081ec64   ti_sysbios_knl_Swi_Module__id__C
0081ec66   ti_sysbios_knl_Swi_Module__loggerDefined__C
0081ec68   ti_sysbios_knl_Task_Module__id__C
0081ec6a   ti_sysbios_knl_Task_Module__loggerDefined__C
0081ec6c   ti_sysbios_knl_Task_deleteTerminatedTasks__C
0081ec6e   ti_sysbios_knl_Task_initStackFlag__C
0081ec70   ti_sysbios_timers_timer64_Timer_Module__id__C
0081ec72   ti_sysbios_timers_timer64_Timer_startupNeeded__C
0081ec74   ti_sysbios_utils_Load_Module__id__C
0081ec76   ti_sysbios_utils_Load_Module__loggerDefined__C
0081ec78   ti_sysbios_utils_Load_autoAddTasks__C
0081ec7a   ti_sysbios_utils_Load_hwiEnabled__C
0081ec7c   ti_sysbios_utils_Load_swiEnabled__C
0081ec7e   ti_sysbios_utils_Load_taskEnabled__C
0081ec80   ti_sysbios_utils_Load_updateInIdle__C
0081ec82   ti_uia_runtime_LoggerProbePoint_Module__id__C
0081ec84   ti_uia_runtime_LoggerProbePoint_filterByLevel__C
0081ec86   ti_uia_runtime_LoggerProbePoint_isTimestampEnabled__C
0081ec88   ti_uia_runtime_LoggerStopMode_Module__id__C
0081ec8a   ti_uia_runtime_LoggerStopMode_filterByLevel__C
0081ec8c   ti_uia_runtime_LoggerStopMode_isTimestampEnabled__C
0081ec8e   xdc_runtime_Core_Module__id__C
0081ec90   xdc_runtime_Error_Module__loggerDefined__C
0081ec92   xdc_runtime_Error_maxDepth__C
0081ec94   xdc_runtime_LoggerBuf_Module__id__C
0081ec96   xdc_runtime_LoggerBuf_filterByLevel__C
0081ec98   xdc_runtime_Memory_Module__id__C
0081ec9a   xdc_runtime_SysMin_flushAtExit__C
0081ec9c   xdc_runtime_Text_charCnt__C
0081ec9e   xdc_runtime_Text_isLoaded__C
0081eca0   xdc_runtime_Text_registryModsLastId__C
0081eca2   xdc_runtime_Text_unnamedModsLastId__C
0081eca8   _stack
0081fca8   __TI_STACK_END
0081fca8   ti_sysbios_BIOS_Module__state__V
0081fcc8   ti_sysbios_family_c64p_Exception_Module__state__V
0081fcf8   ti_sysbios_family_c64p_Hwi_Module__root__V
0081fd00   ti_sysbios_family_c64p_Hwi_Module__state__V
0081fd68   ti_sysbios_gates_GateHwi_Module__root__V
0081fd70   ti_sysbios_gates_GateMutex_Module__root__V
0081fd78   ti_sysbios_hal_Hwi_Module__root__V
0081fd80   ti_sysbios_hal_Timer_Module__root__V
0081fd88   ti_sysbios_heaps_HeapMem_Module__root__V
0081fd90   ti_sysbios_knl_Clock_Module__root__V
0081fd98   ti_sysbios_knl_Clock_Module__state__V
0081fdc0   ti_sysbios_knl_Event_Module__root__V
0081fdcc   ti_sysbios_knl_Queue_Module__root__V
0081fdd4   ti_sysbios_knl_Semaphore_Module__root__V
0081fde0   ti_sysbios_knl_Swi_Module__root__V
0081fdec   ti_sysbios_knl_Swi_Module__state__V
0081fe08   ti_sysbios_knl_Task_Module__root__V
0081fe14   ti_sysbios_knl_Task_Module__state__V
0081fe58   ti_sysbios_timers_timer64_Timer_Module__root__V
0081fe60   ti_sysbios_timers_timer64_Timer_Module__state__V
0081fe74   ti_sysbios_utils_Load_Module__root__V
0081fe78   ti_sysbios_utils_Load_Module__state__V
0081fef4   ti_uia_family_c66_TimestampC66XGlobal_Module__root__V
0081fefc   ti_uia_runtime_LogSync_Module__root__V
0081ff04   ti_uia_runtime_LogSync_Module__state__V
0081ff10   ti_uia_runtime_LoggerProbePoint_Module__root__V
0081ff18   ti_uia_runtime_LoggerProbePoint_Module__state__V
0081ff20   ti_uia_runtime_LoggerStopMode_Module__root__V
0081ff28   ti_uia_runtime_LoggerStopMode_Module__state__V
0081ff30   ti_uia_runtime_QueueDescriptor_Module__state__V
0081ff3c   xdc_runtime_Error_Module__state__V
0081ff40   xdc_runtime_LoggerBuf_Module__root__V
0081ff48   xdc_runtime_LoggerBuf_Module__state__V
0081ff4e   xdc_runtime_Main_Module__root__V
0081ff50   xdc_runtime_Memory_Module__state__V
0081ff54   xdc_runtime_Registry_Module__state__V
0081ff5c   xdc_runtime_Startup_Module__state__V
0081ff64   xdc_runtime_SysMin_Module__state__V
0081ff70   xdc_runtime_System_Module__state__V
0081ff7c   xdc_runtime_Text_Module__state__V
0081ff84   __xdc__init__addr
0081ff88   _ftable
00820168   ti_sysbios_timers_timer64_Timer_Module_State_0_device__A
008202e8   ti_uia_runtime_LoggerProbePoint_Object__table__V
008203fc   _ft_end
00820400   ti_sysbios_knl_Task_Object__table__V
008204a0   TSK_idle
00820590   ti_sysbios_knl_Swi_Module_State_0_readyQ__A
00820610   ti_sysbios_knl_Task_Module_State_0_readyQ__A
00820690   ti_sysbios_timers_timer64_Timer_Module_State_0_gctrl__A
00820710   ti_sysbios_timers_timer64_Timer_Module_State_0_handles__A
00820790   ti_sysbios_timers_timer64_Timer_Module_State_0_intFreqs__A
00820888   ti_uia_runtime_LoggerStopMode_Object__table__V
008208e8   ti_sysbios_timers_timer64_Timer_Object__table__V
00820934   __errno
00820934   errno
00820978   ti_sysbios_gates_GateMutex_Object__table__V
008209b8   ti_sysbios_knl_Swi_Object__table__V
008209e8   xdc_runtime_LoggerBuf_Object__table__V
00820a10   ti_sysbios_family_c64p_Hwi_Object__table__V
00820a28   ti_sysbios_heaps_HeapMem_Object__table__V
00820a40   coef
00820a50   xdc_runtime_System_Module_State_0_atexitHandlers__A
00820a60   _cleanup_ptr
00820a64   _dtors_ptr
00820a68   __TI_enable_exit_profile_output
00820a6c   _lock
00820a70   _unlock
00820a78   ti_sysbios_hal_Hwi_Object__table__V
00820a80   ti_sysbios_hal_Timer_Object__table__V
00820a88   ti_sysbios_gates_GateHwi_Object__table__V
00820a90   ti_sysbios_knl_Task_Module_State_0_idleTask__A
00820a98   ti_sysbios_utils_Load_Module_State_0_runningTask__A
00820aa0   ti_sysbios_utils_Load_Module_State_0_taskStartTime__A
00820aa8   __CIOBUF_
00820c00   ti_sysbios_family_c64p_Hwi0
00820c00   ti_sysbios_family_c64p_Hwi_int0
00820c20   ti_sysbios_family_c64p_Hwi_int1
00820c40   ti_sysbios_family_c64p_Hwi_int2
00820c60   ti_sysbios_family_c64p_Hwi_int3
00820c80   ti_sysbios_family_c64p_Hwi_int4
00820ca0   ti_sysbios_family_c64p_Hwi_int5
00820cc0   ti_sysbios_family_c64p_Hwi_int6
00820ce0   ti_sysbios_family_c64p_Hwi_int7
00820d00   ti_sysbios_family_c64p_Hwi_int8
00820d20   ti_sysbios_family_c64p_Hwi_int9
00820d40   ti_sysbios_family_c64p_Hwi_int10
00820d60   ti_sysbios_family_c64p_Hwi_int11
00820d80   ti_sysbios_family_c64p_Hwi_int12
00820da0   ti_sysbios_family_c64p_Hwi_int13
00820dc0   ti_sysbios_family_c64p_Hwi_int14
00820de0   ti_sysbios_family_c64p_Hwi_int15
00820e88   __TI_STATIC_BASE
00820e88   time1
00820e8c   time2
00820e90   digit
00820e94   freq1
00820e98   freq2
00820e9c   mag1
00820ea0   mag2
00820ea4   sample
00820f1c   ti_uia_runtime_QueueDescriptor_gPtrToFirstDescriptor
00820f20   ti_uia_runtime_QueueDescriptor_gUpdateCount
00821744   __TI_Handler_Table_Base
00821750   __TI_Handler_Table_Limit
0082176c   __TI_CINIT_Base
0082178c   __TI_CINIT_Limit
ffffffff   __TI_pprof_out_hndl
ffffffff   __TI_prof_data_size
ffffffff   __TI_prof_data_start
ffffffff   __binit__
ffffffff   __c_args__
ffffffff   binit
UNDEFED    __TI_INITARRAY_Base
UNDEFED    __TI_INITARRAY_Limit

[890 symbols]
