******************************************************************************
               TMS320C6x Linker PC v7.4.4                      
******************************************************************************
>> Linked Wed Apr 07 11:12:59 2021

OUTPUT FILE NAME:   <Sys_bios_2021_One_freq.out>
ENTRY POINT SYMBOL: "_c_int00"  address: 0080ce00


MEMORY CONFIGURATION

         name            origin    length      used     unused   attr    fill
----------------------  --------  ---------  --------  --------  ----  --------
  L2SRAM                00800000   00080000  0001a6d8  00065928  RW X
  MSMCSRAM              0c000000   00400000  00000000  00400000  RW X
  DDR2                  80000000   10000000  00000000  10000000  RWIX


SEGMENT ALLOCATION MAP

run origin  load origin   length   init length attrs members
----------  ----------- ---------- ----------- ----- -------
00800000    00800000    00010b60   00010b60    r-x
  00800000    00800000    00010b60   00010b60    r-x .text
00810b60    00810b60    00003e40   00000000    rw-
  00810b60    00810b60    00003e40   00000000    rw- .far
008149a0    008149a0    000036e8   000036e8    r--
  008149a0    008149a0    000036e8   000036e8    r-- .const
00818088    00818088    00001000   00000000    rw-
  00818088    00818088    00001000   00000000    rw- .stack
00819088    00819088    00000b22   00000af4    rw-
  00819088    00819088    00000af4   00000af4    rw- .fardata
  00819b7c    00819b7c    0000002e   00000000    rw- .bss
00819bac    00819bac    0000000c   0000000c    rw-
  00819bac    00819bac    0000000c   0000000c    rw- .neardata
00819c00    00819c00    00000200   00000200    r-x
  00819c00    00819c00    00000200   00000200    r-x .vecs
00819e00    00819e00    00000120   00000000    rw-
  00819e00    00819e00    00000120   00000000    rw- .cio
00819f20    00819f20    00000800   00000800    r--
  00819f20    00819f20    00000800   00000800    r-- .cinit


SECTION ALLOCATION MAP

 output                                  attributes/
section   page    origin      length       input sections
--------  ----  ----------  ----------   ----------------
.init_array 
*          0    00800000    00000000     UNINITIALIZED

xdc.meta   0    00800000    00000100     COPY SECTION
                  00800000    00000100     Sys_BIOs_config_pe66.oe66 (xdc.meta)

.text      0    00800000    00010b60     
                  00800000    000008a0     sysbios.ae66 : BIOS.obj (.text:ti_sysbios_family_c64p_Exception_handler__I)
                  008008a0    000008a0     ti.targets.rts6000.ae66 : System.oe66 (.text:xdc_runtime_System_doPrint__I)
                  00801140    00000600     sysbios.ae66 : BIOS.obj (.text:ti_sysbios_heaps_HeapMem_alloc__E)
                  00801740    00000600                  : BIOS.obj (.text:ti_sysbios_knl_Semaphore_pend__E)
                  00801d40    000005e0                  : BIOS.obj (.text:ti_sysbios_heaps_HeapMem_free__E)
                  00802320    000005a0                  : BIOS.obj (.text:ti_sysbios_timers_timer64_Timer_Module_startup__F)
                  008028c0    00000500                  : BIOS.obj (.text:ti_sysbios_utils_Load_update__E)
                  00802dc0    00000420                  : BIOS.obj (.text:ti_sysbios_knl_Task_sleep__E)
                  008031e0    00000420                  : BIOS.obj (.text:ti_sysbios_utils_Load_logLoads__I)
                  00803600    00000300                  : BIOS.obj (.text:ti_sysbios_family_c64p_Hwi_dispatchC__I)
                  00803900    000002e0                  : BIOS.obj (.text:ti_sysbios_heaps_HeapMem_Instance_init__F)
                  00803be0    000002c0     ti.uia.runtime.ae66 : LoggerProbePoint.oe66 (.text:ti_uia_runtime_LoggerProbePoint_write8__E)
                  00803ea0    000002c0                         : LoggerStopMode.oe66 (.text:ti_uia_runtime_LoggerStopMode_write8__E)
                  00804160    000002a0     sysbios.ae66 : BIOS.obj (.text:ti_sysbios_knl_Clock_Instance_init__F)
                  00804400    000002a0                  : BIOS.obj (.text:ti_sysbios_knl_Clock_workFunc__E)
                  008046a0    000002a0                  : BIOS.obj (.text:ti_sysbios_timers_timer64_Timer_deviceConfig__I)
                  00804940    00000280     rts6600_elf.lib : sin.obj (.text:sin)
                  00804bc0    00000280     ti.uia.runtime.ae66 : LoggerStopMode.oe66 (.text:ti_uia_runtime_LoggerStopMode_writeMemoryRange__E)
                  00804e40    00000280     ti.targets.rts6000.ae66 : Error.oe66 (.text:xdc_runtime_Error_raiseX__F)
                  008050c0    00000260     sysbios.ae66 : BIOS.obj (.text:ti_sysbios_family_c64p_Exception_internalHandler__I)
                  00805320    00000260                  : BIOS.obj (.text:ti_sysbios_knl_Semaphore_post__E)
                  00805580    00000260     ti.uia.runtime.ae66 : LoggerProbePoint.oe66 (.text:ti_uia_runtime_LoggerProbePoint_write4__E)
                  008057e0    00000260                         : LoggerProbePoint.oe66 (.text:ti_uia_runtime_LoggerProbePoint_writeMemoryRange__E)
                  00805a40    00000260     ti.targets.rts6000.ae66 : Startup.oe66 (.text:xdc_runtime_Startup_startMods__I)
                  00805ca0    00000260     Sys_BIOs_config_pe66.oe66 (.text:xdc_runtime_System_printfExtend__I)
                  00805f00    00000240     rts6600_elf.lib : imath64.obj (.text:__c6xabi_divull)
                  00806140    00000240     sysbios.ae66 : BIOS.obj (.text:ti_sysbios_knl_Task_exit__E)
                  00806380    00000240     ti.uia.runtime.ae66 : LoggerProbePoint.oe66 (.text:ti_uia_runtime_LoggerProbePoint_write0__E)
                  008065c0    00000240                         : LoggerProbePoint.oe66 (.text:ti_uia_runtime_LoggerProbePoint_write1__E)
                  00806800    00000240                         : LoggerProbePoint.oe66 (.text:ti_uia_runtime_LoggerProbePoint_write2__E)
                  00806a40    00000240                         : LoggerStopMode.oe66 (.text:ti_uia_runtime_LoggerStopMode_write4__E)
                  00806c80    00000240     ti.targets.rts6000.ae66 : LoggerBuf.oe66 (.text:xdc_runtime_LoggerBuf_write8__F)
                  00806ec0    00000220     main_gtz.obj (.text)
                  008070e0    00000220     sysbios.ae66 : BIOS.obj (.text:ti_sysbios_knl_Swi_run__I)
                  00807300    00000220                  : BIOS.obj (.text:ti_sysbios_knl_Task_schedule__I)
                  00807520    00000220                  : BIOS.obj (.text:ti_sysbios_knl_Task_startCore__E)
                  00807740    00000220     ti.targets.rts6000.ae66 : Core-mem.oe66 (.text:xdc_runtime_Core_createObject__I)
                  00807960    00000200     sysbios.ae66 : c64p_Hwi_disp_always.obj (.text:_ti_sysbios_family_c64p_Hwi_dispatchAlways)
                  00807b60    00000200                  : BIOS.obj (.text:ti_sysbios_utils_Load_taskDeleteHook__E)
                  00807d60    000001e0                  : BIOS.obj (.text:ti_sysbios_family_c64p_Exception_externalHandler__I)
                  00807f40    000001e0                  : BIOS.obj (.text:ti_sysbios_knl_Task_checkStacks__E)
                  00808120    000001e0                  : BIOS.obj (.text:ti_sysbios_knl_Task_postInit__I)
                  00808300    000001e0                  : BIOS.obj (.text:ti_sysbios_timers_timer64_Timer_getFreq__E)
                  008084e0    000001e0                  : BIOS.obj (.text:ti_sysbios_utils_Load_idleFxn__E)
                  008086c0    000001c0                  : BIOS.obj (.text:ti_sysbios_family_c64p_Exception_decodeMpfsr__I)
                  00808880    000001c0                  : BIOS.obj (.text:ti_sysbios_gates_GateMutex_enter__E)
                  00808a40    000001c0                  : BIOS.obj (.text:ti_sysbios_timers_timer64_Timer_setPeriodMicroSecs__E)
                  00808c00    000001c0     ti.targets.rts6000.ae66 : Text.oe66 (.text:xdc_runtime_Text_putSite__F)
                  00808dc0    000001a0     sysbios.ae66 : BIOS.obj (.text:ti_sysbios_timers_timer64_Timer_start__E)
                  00808f60    000001a0     ti.targets.rts6000.ae66 : LoggerBuf.oe66 (.text:xdc_runtime_LoggerBuf_write4__F)
                  00809100    00000180     rts6600_elf.lib : copy_decompress_rle.obj (.text:__TI_decompress_rle_core)
                  00809280    00000180     sysbios.ae66 : c64p_Exception_asm.obj (.text)
                  00809400    00000180                  : BIOS.obj (.text:ti_sysbios_knl_Swi_schedule__I)
                  00809580    00000180                  : BIOS.obj (.text:ti_sysbios_knl_Task_unblockI__E)
                  00809700    00000160                  : BIOS.obj (.text:ti_sysbios_utils_Load_taskCreateHook__E)
                  00809860    00000140     boot.ae66 : autoinit.oe66 (.text:_auto_init_elf)
                  008099a0    00000140     sysbios.ae66 : BIOS.obj (.text:ti_sysbios_family_c64p_Exception_Module_startup__F)
                  00809ae0    00000140                  : BIOS.obj (.text:ti_sysbios_family_c64p_Hwi_Module_startup__F)
                  00809c20    00000140                  : BIOS.obj (.text:ti_sysbios_family_c66_Cache_Module_startup__F)
                  00809d60    00000140                  : BIOS.obj (.text:ti_sysbios_knl_Semaphore_Instance_init__F)
                  00809ea0    00000140                  : BIOS.obj (.text:ti_sysbios_knl_Swi_post__E)
                  00809fe0    00000140                  : BIOS.obj (.text:ti_sysbios_knl_Task_Module_startup__F)
                  0080a120    00000140                  : BIOS.obj (.text:ti_sysbios_knl_Task_blockI__E)
                  0080a260    00000140     ti.targets.rts6000.ae66 : Text.oe66 (.text:xdc_runtime_Text_putLab__F)
                  0080a3a0    00000120     sysbios.ae66 : BIOS.obj (.text:ti_sysbios_BIOS_rtsUnlock__I)
                  0080a4c0    00000120                  : BIOS.obj (.text:ti_sysbios_knl_Clock_startI__E)
                  0080a5e0    00000120     ti.uia.runtime.ae66 : LoggerProbePoint.oe66 (.text:ti_uia_runtime_LoggerProbePoint_setFilterLevel__E)
                  0080a700    00000120                         : LoggerStopMode.oe66 (.text:ti_uia_runtime_LoggerStopMode_setFilterLevel__E)
                  0080a820    00000120                         : QueueDescriptor.oe66 (.text:ti_uia_runtime_QueueDescriptor_addToList__E)
                  0080a940    00000120     ti.targets.rts6000.ae66 : LoggerBuf.oe66 (.text:xdc_runtime_LoggerBuf_setFilterLevel__F)
                  0080aa60    00000120                             : Text.oe66 (.text:xdc_runtime_Text_putMod__F)
                  0080ab80    00000100     sysbios.ae66 : BIOS.obj (.text:ti_sysbios_knl_Swi_restoreHwi__E)
                  0080ac80    00000100                  : BIOS.obj (.text:ti_sysbios_timers_timer64_Timer_initDevice__I)
                  0080ad80    00000100                  : BIOS.obj (.text:ti_sysbios_utils_Load_addTask__E)
                  0080ae80    00000100     ti.uia.runtime.ae66 : LoggerProbePoint.oe66 (.text:ti_uia_runtime_LoggerProbePoint_getFilterLevel__E)
                  0080af80    00000100                         : LoggerStopMode.oe66 (.text:ti_uia_runtime_LoggerStopMode_getContents__E)
                  0080b080    00000100                         : LoggerStopMode.oe66 (.text:ti_uia_runtime_LoggerStopMode_getFilterLevel__E)
                  0080b180    00000100     ti.targets.rts6000.ae66 : Core-mem.oe66 (.text:xdc_runtime_Core_deleteObject__I)
                  0080b280    00000100                             : LoggerBuf.oe66 (.text:xdc_runtime_LoggerBuf_getFilterLevel__F)
                  0080b380    00000100                             : Startup.oe66 (.text:xdc_runtime_Startup_exec__F)
                  0080b480    00000100                             : Text.oe66 (.text:xdc_runtime_Text_visitRope2__I)
                  0080b580    000000e0     rts6600_elf.lib : copy_zero_init.obj (.text:decompress:ZI:__TI_zero_init)
                  0080b660    000000e0                     : memset.obj (.text:memset)
                  0080b740    000000e0     sysbios.ae66 : BIOS.obj (.text:ti_sysbios_knl_Clock_start__E)
                  0080b820    000000e0     Sys_BIOs_config_pe66.oe66 (.text:ti_uia_runtime_LoggerProbePoint_Object__create__S)
                  0080b900    000000e0     ti.uia.runtime.ae66 : LoggerProbePoint.oe66 (.text:ti_uia_runtime_LoggerProbePoint_getContents__E)
                  0080b9e0    000000e0                         : LoggerProbePoint.oe66 (.text:ti_uia_runtime_LoggerProbePoint_writeBlockOfMemory__I)
                  0080bac0    000000e0     Sys_BIOs_config_pe66.oe66 (.text:ti_uia_runtime_LoggerStopMode_Object__create__S)
                  0080bba0    000000e0     ti.uia.runtime.ae66 : LoggerStopMode.oe66 (.text:ti_uia_runtime_LoggerStopMode_writeBlockOfMemory__I)
                  0080bc80    000000e0                         : QueueDescriptor.oe66 (.text:ti_uia_runtime_QueueDescriptor_removeFromList__E)
                  0080bd60    000000e0     ti.targets.rts6000.ae66 : Error.oe66 (.text:xdc_runtime_Error_print__F)
                  0080be40    000000e0     Sys_BIOs_config_pe66.oe66 (.text:xdc_runtime_LoggerBuf_Object__create__S)
                  0080bf20    000000e0     ti.targets.rts6000.ae66 : Memory.oe66 (.text:xdc_runtime_Memory_alloc__F)
                  0080c000    000000c0     rts6600_elf.lib : trgdrv.obj (.text:HOSTwrite)
                  0080c0c0    000000c0                     : dtor_list.obj (.text:_Z11__TI_atexitPFYvPvES_S_)
                  0080c180    000000c0                     : dtor_list.obj (.text:__cxa_finalize)
                  0080c240    000000c0                     : divu.obj (.text:__divu)
                  0080c300    000000c0                     : exit.obj (.text:exit)
                  0080c3c0    000000c0     sysbios.ae66 : BIOS.obj (.text:ti_sysbios_BIOS_errorRaiseHook__I)
                  0080c480    000000c0                  : BIOS.obj (.text:ti_sysbios_heaps_HeapMem_getStats__E)
                  0080c540    000000c0                  : BIOS.obj (.text:ti_sysbios_knl_Clock_logTick__E)
                  0080c600    000000c0                  : BIOS.obj (.text:ti_sysbios_knl_Task_allBlockedFunction__I)
                  0080c6c0    000000c0                  : BIOS.obj (.text:ti_sysbios_timers_timer64_Timer_startup__E)
                  0080c780    000000c0                  : BIOS.obj (.text:ti_sysbios_utils_Load_taskSwitchHook__E)
                  0080c840    000000c0     ti.uia.runtime.ae66 : LoggerProbePoint.oe66 (.text:ti_uia_runtime_LoggerProbePoint_Instance_init__F)
                  0080c900    000000c0                         : LoggerProbePoint.oe66 (.text:ti_uia_runtime_LoggerProbePoint_Module_startup__F)
                  0080c9c0    000000c0                         : LoggerStopMode.oe66 (.text:ti_uia_runtime_LoggerStopMode_Instance_init__F)
                  0080ca80    000000c0                         : LoggerStopMode.oe66 (.text:ti_uia_runtime_LoggerStopMode_Module_startup__F)
                  0080cb40    000000c0     ti.targets.rts6000.ae66 : LoggerBuf.oe66 (.text:xdc_runtime_LoggerBuf_Instance_init__F)
                  0080cc00    000000c0                             : System.oe66 (.text:xdc_runtime_System_formatNum__I)
                  0080ccc0    000000a0     rts6600_elf.lib : round.obj (.text:__c6xabi_nround)
                  0080cd60    000000a0                     : remu.obj (.text:__remu)
                  0080ce00    000000a0     boot.ae66 : boot.oe66 (.text:_c_int00)
                  0080cea0    000000a0     rts6600_elf.lib : memcpy64.obj (.text:memcpy)
                  0080cf40    000000a0                     : modf.obj (.text:modf)
                  0080cfe0    000000a0     sysbios.ae66 : BIOS.obj (.text:ti_sysbios_family_c64p_Hwi_getStackInfo__E)
                  0080d080    000000a0                  : BIOS.obj (.text:ti_sysbios_heaps_HeapMem_init__I)
                  0080d120    000000a0     Sys_BIOs_config_pe66.oe66 (.text:ti_sysbios_knl_Clock_Object__create__S)
                  0080d1c0    000000a0     sysbios.ae66 : BIOS.obj (.text:ti_sysbios_knl_Idle_run__E)
                  0080d260    000000a0                  : BIOS.obj (.text:ti_sysbios_knl_Semaphore_pendTimeout__I)
                  0080d300    000000a0                  : BIOS.obj (.text:ti_sysbios_knl_Task_processVitalTaskFlag__I)
                  0080d3a0    000000a0                  : BIOS.obj (.text:ti_sysbios_timers_timer64_Timer_stop__E)
                  0080d440    000000a0     ti.uia.runtime.ae66 : LoggerProbePoint.oe66 (.text:ti_uia_runtime_LoggerProbePoint_readBlockOfMemory__I)
                  0080d4e0    000000a0                         : LoggerStopMode.oe66 (.text:ti_uia_runtime_LoggerStopMode_readBlockOfMemory__I)
                  0080d580    000000a0     util.obj (.text)
                  0080d620    000000a0     ti.targets.rts6000.ae66 : Assert.oe66 (.text:xdc_runtime_Assert_raise__I)
                  0080d6c0    000000a0                             : LoggerBuf.oe66 (.text:xdc_runtime_LoggerBuf_Module_startup__F)
                  0080d760    000000a0                             : SysMin.oe66 (.text:xdc_runtime_SysMin_abort__F)
                  0080d800    000000a0                             : SysMin.oe66 (.text:xdc_runtime_SysMin_flush__F)
                  0080d8a0    000000a0                             : SysMin.oe66 (.text:xdc_runtime_SysMin_putch__F)
                  0080d940    000000a0                             : Text.oe66 (.text:xdc_runtime_Text_xprintf__I)
                  0080d9e0    00000080     rts6600_elf.lib : llshift.obj (.text:__c6xabi_llshl)
                  0080da60    00000080     sysbios.ae66 : c62_TaskSupport_asm.obj (.text:_ti_sysbios_family_c62_TaskSupport_swap__E)
                  0080dae0    00000080     Sys_BIOs_config_pe66.oe66 (.text:malloc)
                  0080db60    00000080     rts6600_elf.lib : trgmsg.obj (.text:readmsg)
                  0080dbe0    00000080     Sys_BIOs_config_pe66.oe66 (.text:ti_sysbios_BIOS_exitFunc__I)
                  0080dc60    00000080     sysbios.ae66 : BIOS.obj (.text:ti_sysbios_BIOS_registerRTSLock__I)
                  0080dce0    00000080     Sys_BIOs_config_pe66.oe66 (.text:ti_sysbios_gates_GateHwi_Object__create__S)
                  0080dd60    00000080     Sys_BIOs_config_pe66.oe66 (.text:ti_sysbios_gates_GateMutex_Object__create__S)
                  0080dde0    00000080     sysbios.ae66 : BIOS.obj (.text:ti_sysbios_hal_Hwi_checkStack:ti_sysbios_hal_Hwi_checkStack)
                  0080de60    00000080                  : BIOS.obj (.text:ti_sysbios_hal_Hwi_initStack:ti_sysbios_hal_Hwi_initStack)
                  0080dee0    00000080     Sys_BIOs_config_pe66.oe66 (.text:ti_sysbios_heaps_HeapMem_Object__create__S)
                  0080df60    00000080     sysbios.ae66 : BIOS.obj (.text:ti_sysbios_knl_Clock_Module_startup__F)
                  0080dfe0    00000080     Sys_BIOs_config_pe66.oe66 (.text:ti_sysbios_knl_Clock_doTick__I)
                  0080e060    00000080     sysbios.ae66 : BIOS.obj (.text:ti_sysbios_knl_Clock_getTicks__E)
                  0080e0e0    00000080     Sys_BIOs_config_pe66.oe66 (.text:ti_sysbios_knl_Queue_Object__create__S)
                  0080e160    00000080     Sys_BIOs_config_pe66.oe66 (.text:ti_sysbios_knl_Semaphore_Object__create__S)
                  0080e1e0    00000080     sysbios.ae66 : BIOS.obj (.text:ti_sysbios_knl_Swi_startup__E)
                  0080e260    00000080                  : BIOS.obj (.text:ti_sysbios_knl_Task_restore__E)
                  0080e2e0    00000080                  : BIOS.obj (.text:ti_sysbios_timers_timer64_Timer_getCount__E)
                  0080e360    00000080                  : BIOS.obj (.text:ti_sysbios_timers_timer64_Timer_getPeriod__E)
                  0080e3e0    00000080     ti.uia.runtime.ae66 : LoggerProbePoint.oe66 (.text:ti_uia_runtime_LoggerProbePoint_disable__E)
                  0080e460    00000080                         : LoggerProbePoint.oe66 (.text:ti_uia_runtime_LoggerProbePoint_enable__E)
                  0080e4e0    00000080                         : LoggerProbePoint.oe66 (.text:ti_uia_runtime_LoggerProbePoint_filterOutEvent__I)
                  0080e560    00000080                         : LoggerProbePoint.oe66 (.text:ti_uia_runtime_LoggerProbePoint_reset__F)
                  0080e5e0    00000080                         : LoggerStopMode.oe66 (.text:ti_uia_runtime_LoggerStopMode_disable__E)
                  0080e660    00000080                         : LoggerStopMode.oe66 (.text:ti_uia_runtime_LoggerStopMode_enable__E)
                  0080e6e0    00000080                         : LoggerStopMode.oe66 (.text:ti_uia_runtime_LoggerStopMode_filterOutEvent__I)
                  0080e760    00000080                         : LoggerStopMode.oe66 (.text:ti_uia_runtime_LoggerStopMode_reset__F)
                  0080e7e0    00000080     ti.targets.rts6000.ae66 : Core-label.oe66 (.text:xdc_runtime_Core_assignLabel__I)
                  0080e860    00000080                             : Core-params.oe66 (.text:xdc_runtime_Core_assignParams__I)
                  0080e8e0    00000080                             : LoggerBuf.oe66 (.text:xdc_runtime_LoggerBuf_filterOutEvent__I)
                  0080e960    00000080     Sys_BIOs_config_pe66.oe66 (.text:xdc_runtime_SysMin_output__I)
                  0080e9e0    00000080     ti.targets.rts6000.ae66 : System.oe66 (.text:xdc_runtime_System_atexit__F)
                  0080ea60    00000080                             : System.oe66 (.text:xdc_runtime_System_putchar__I)
                  0080eae0    00000080                             : System.oe66 (.text:xdc_runtime_System_rtsExit__I)
                  0080eb60    00000080                             : Text.oe66 (.text:xdc_runtime_Text_printVisFxn__I)
                  0080ebe0    00000060     rts6600_elf.lib : llshift.obj (.text:__c6xabi_llshru)
                  0080ec40    00000060                     : imath64.obj (.text:_subcull)
                  0080eca0    00000060     sysbios.ae66 : BIOS.obj (.text:ti_sysbios_BIOS_rtsLock__I)
                  0080ed00    00000060                  : BIOS.obj (.text:ti_sysbios_family_c62_TaskSupport_start__E)
                  0080ed60    00000060                  : BIOS.obj (.text:ti_sysbios_gates_GateMutex_Instance_init__F)
                  0080edc0    00000060     Sys_BIOs_config_pe66.oe66 (.text:ti_sysbios_gates_GateMutex_Object__delete__S)
                  0080ee20    00000060     sysbios.ae66 : BIOS.obj (.text:ti_sysbios_knl_Swi_Module_startup__F)
                  0080ee80    00000060                  : BIOS.obj (.text:ti_sysbios_knl_Task_enter__I)
                  0080eee0    00000060                  : BIOS.obj (.text:ti_sysbios_knl_Task_sleepTimeout__I)
                  0080ef40    00000060     ti.uia.runtime.ae66 : LogSync.oe66 (.text:ti_uia_runtime_LogSync_Module_startup__F)
                  0080efa0    00000060                         : LoggerProbePoint.oe66 (.text:ti_uia_runtime_LoggerProbePoint_Instance_finalize__F)
                  0080f000    00000060     Sys_BIOs_config_pe66.oe66 (.text:ti_uia_runtime_LoggerProbePoint_Object__delete__S)
                  0080f060    00000060     ti.uia.runtime.ae66 : LoggerStopMode.oe66 (.text:ti_uia_runtime_LoggerStopMode_Instance_finalize__F)
                  0080f0c0    00000060     Sys_BIOs_config_pe66.oe66 (.text:ti_uia_runtime_LoggerStopMode_Object__delete__S)
                  0080f120    00000060     rts6600_elf.lib : trgmsg.obj (.text:writemsg)
                  0080f180    00000060     Sys_BIOs_config_pe66.oe66 (.text:xdc_runtime_LoggerBuf_Object__delete__S)
                  0080f1e0    00000060     ti.targets.rts6000.ae66 : Memory.oe66 (.text:xdc_runtime_Memory_calloc__F)
                  0080f240    00000060                             : SysMin.oe66 (.text:xdc_runtime_SysMin_Module_startup__F)
                  0080f2a0    00000060                             : SysMin.oe66 (.text:xdc_runtime_SysMin_exit__F)
                  0080f300    00000060                             : System.oe66 (.text:xdc_runtime_System_avprintf__F)
                  0080f360    00000060                             : System.oe66 (.text:xdc_runtime_System_vprintf__F)
                  0080f3c0    00000060                             : Text.oe66 (.text:xdc_runtime_Text_cordText__F)
                  0080f420    00000040     rts6600_elf.lib : args_main.obj (.text:_args_main)
                  0080f460    00000040     sysbios.ae66 : c62_TaskSupport_asm.obj (.text:_ti_sysbios_family_c62_TaskSupport_buildTaskStack)
                  0080f4a0    00000040                  : c64p_Hwi_asm_switch.obj (.text:_ti_sysbios_family_xxx_Hwi_switchToIsrStack)
                  0080f4e0    00000040     Sys_BIOs_config_pe66.oe66 (.text:free)
                  0080f520    00000040     Sys_BIOs_config_pe66.oe66 (.text:ti_sysbios_BIOS_startFunc__I)
                  0080f560    00000040     Sys_BIOs_config_pe66.oe66 (.text:ti_sysbios_family_c64p_Hwi_Module__startupDone__F)
                  0080f5a0    00000040     sysbios.ae66 : BIOS.obj (.text:ti_sysbios_family_c64p_Hwi_disableInterrupt__E)
                  0080f5e0    00000040                  : BIOS.obj (.text:ti_sysbios_family_c64p_Hwi_enableInterrupt__E)
                  0080f620    00000040     Sys_BIOs_config_pe66.oe66 (.text:ti_sysbios_gates_GateHwi_Handle__label__S)
                  0080f660    00000040     Sys_BIOs_config_pe66.oe66 (.text:ti_sysbios_gates_GateHwi_Object__delete__S)
                  0080f6a0    00000040     Sys_BIOs_config_pe66.oe66 (.text:ti_sysbios_gates_GateMutex_Handle__label__S)
                  0080f6e0    00000040     sysbios.ae66 : BIOS.obj (.text:ti_sysbios_gates_GateMutex_leave__E)
                  0080f720    00000040     Sys_BIOs_config_pe66.oe66 (.text:ti_sysbios_hal_Timer_Module__startupDone__F)
                  0080f760    00000040     Sys_BIOs_config_pe66.oe66 (.text:ti_sysbios_heaps_HeapMem_Handle__label__S)
                  0080f7a0    00000040     Sys_BIOs_config_pe66.oe66 (.text:ti_sysbios_heaps_HeapMem_Object__delete__S)
                  0080f7e0    00000040     Sys_BIOs_config_pe66.oe66 (.text:ti_sysbios_heaps_HeapMem_Object__get__S)
                  0080f820    00000040     Sys_BIOs_config_pe66.oe66 (.text:ti_sysbios_knl_Semaphore_Object__destruct__S)
                  0080f860    00000040     Sys_BIOs_config_pe66.oe66 (.text:ti_sysbios_knl_Swi_Object__get__S)
                  0080f8a0    00000040     Sys_BIOs_config_pe66.oe66 (.text:ti_sysbios_knl_Task_Object__get__S)
                  0080f8e0    00000040     Sys_BIOs_config_pe66.oe66 (.text:ti_sysbios_timers_timer64_Timer_Module__startupDone__F)
                  0080f920    00000040     Sys_BIOs_config_pe66.oe66 (.text:ti_uia_family_c66_TimestampC66XGlobal_Module__startupDone__F)
                  0080f960    00000040     Sys_BIOs_config_pe66.oe66 (.text:ti_uia_runtime_LoggerProbePoint_Handle__label__S)
                  0080f9a0    00000040     Sys_BIOs_config_pe66.oe66 (.text:ti_uia_runtime_LoggerProbePoint_Object__get__S)
                  0080f9e0    00000040     Sys_BIOs_config_pe66.oe66 (.text:ti_uia_runtime_LoggerStopMode_Handle__label__S)
                  0080fa20    00000040     Sys_BIOs_config_pe66.oe66 (.text:ti_uia_runtime_LoggerStopMode_Object__get__S)
                  0080fa60    00000040     ti.uia.runtime.ae66 : LoggerStopMode.oe66 (.text:ti_uia_runtime_LoggerStopMode_write0__E)
                  0080faa0    00000040                         : LoggerStopMode.oe66 (.text:ti_uia_runtime_LoggerStopMode_write1__E)
                  0080fae0    00000040                         : LoggerStopMode.oe66 (.text:ti_uia_runtime_LoggerStopMode_write2__E)
                  0080fb20    00000040                         : QueueDescriptor.oe66 (.text:ti_uia_runtime_QueueDescriptor_initHeader__E)
                  0080fb60    00000040     ti.targets.rts6000.ae66 : Error.oe66 (.text:xdc_runtime_Error_check__F)
                  0080fba0    00000040                             : Error.oe66 (.text:xdc_runtime_Error_init__F)
                  0080fbe0    00000040                             : Gate.oe66 (.text:xdc_runtime_Gate_leaveSystem__F)
                  0080fc20    00000040     Sys_BIOs_config_pe66.oe66 (.text:xdc_runtime_LoggerBuf_Handle__label__S)
                  0080fc60    00000040     ti.targets.rts6000.ae66 : LoggerBuf.oe66 (.text:xdc_runtime_LoggerBuf_Instance_finalize__F)
                  0080fca0    00000040     Sys_BIOs_config_pe66.oe66 (.text:xdc_runtime_LoggerBuf_Object__get__S)
                  0080fce0    00000040     ti.targets.rts6000.ae66 : LoggerBuf.oe66 (.text:xdc_runtime_LoggerBuf_write0__F)
                  0080fd20    00000040                             : LoggerBuf.oe66 (.text:xdc_runtime_LoggerBuf_write1__F)
                  0080fd60    00000040                             : LoggerBuf.oe66 (.text:xdc_runtime_LoggerBuf_write2__F)
                  0080fda0    00000040                             : Memory.oe66 (.text:xdc_runtime_Memory_free__F)
                  0080fde0    00000040                             : Registry.oe66 (.text:xdc_runtime_Registry_findById__F)
                  0080fe20    00000040                             : System.oe66 (.text:xdc_runtime_System_abort__F)
                  0080fe60    00000040     Sys_BIOs_config_pe66.oe66 (.text:xdc_runtime_System_aprintf__E)
                  0080fea0    00000040     Sys_BIOs_config_pe66.oe66 (.text:xdc_runtime_System_printf__E)
                  0080fee0    00000040     ti.targets.rts6000.ae66 : Text.oe66 (.text:xdc_runtime_Text_ropeText__F)
                  0080ff20    00000020     rts6600_elf.lib : trunc.obj (.text:__c6xabi_trunc)
                  0080ff40    00000020                     : dtor_list.obj (.text:__cxa_atexit)
                  0080ff60    00000020                     : dtor_list.obj (.text:__cxa_ia64_exit)
                  0080ff80    00000020     ti.targets.rts6000.ae66 : xdc_noinit.oe66 (.text:__xdc__init)
                  0080ffa0    00000020     rts6600_elf.lib : _lock.obj (.text:_nop)
                  0080ffc0    00000020                     : _lock.obj (.text:_register_lock)
                  0080ffe0    00000020                     : _lock.obj (.text:_register_unlock)
                  00810000    00000020     sysbios.ae66 : c62_TaskSupport_asm.obj (.text:_ti_sysbios_family_c62_TaskSupport_glue)
                  00810020    00000020                  : c64p_Hwi_asm_switch.obj (.text:_ti_sysbios_family_xxx_Hwi_switchToTaskStack)
                  00810040    00000020     rts6600_elf.lib : exit.obj (.text:abort)
                  00810060    00000020                     : dtor_list.obj (.text:atexit)
                  00810080    00000020                     : copy_decompress_none.obj (.text:decompress:none:__TI_decompress_none)
                  008100a0    00000020                     : copy_decompress_rle.obj (.text:decompress:rle24:__TI_decompress_rle24)
                  008100c0    00000020     Sys_BIOs_config_pe66.oe66 (.text:ti_sysbios_BIOS_RtsGateProxy_enter__E)
                  008100e0    00000020     Sys_BIOs_config_pe66.oe66 (.text:ti_sysbios_BIOS_RtsGateProxy_leave__E)
                  00810100    00000020     sysbios.ae66 : BIOS.obj (.text:ti_sysbios_BIOS_getCpuFreq__E)
                  00810120    00000020                  : BIOS.obj (.text:ti_sysbios_BIOS_nullFunc__I)
                  00810140    00000020                  : BIOS.obj (.text:ti_sysbios_BIOS_setThreadType__E)
                  00810160    00000020                  : BIOS.obj (.text:ti_sysbios_BIOS_start__E)
                  00810180    00000020     Sys_BIOs_config_pe66.oe66 (.text:ti_sysbios_family_c62_TaskSupport_Module__startupDone__S)
                  008101a0    00000020     sysbios.ae66 : BIOS.obj (.text:ti_sysbios_family_c62_TaskSupport_checkStack__E)
                  008101c0    00000020                  : BIOS.obj (.text:ti_sysbios_family_c64p_Hwi_clearInterrupt__E)
                  008101e0    00000020                  : BIOS.obj (.text:ti_sysbios_family_c64p_Hwi_startup__E)
                  00810200    00000020                  : BIOS.obj (.text:ti_sysbios_family_c64p_Hwi_switchFromBootStack__E)
                  00810220    00000020                  : BIOS.obj (.text:ti_sysbios_family_c64p_TimestampProvider_Module_startup__F)
                  00810240    00000020                  : BIOS.obj (.text:ti_sysbios_family_c64p_TimestampProvider_get32__E)
                  00810260    00000020                  : BIOS.obj (.text:ti_sysbios_family_c64p_TimestampProvider_get64__E)
                  00810280    00000020                  : BIOS.obj (.text:ti_sysbios_family_c64p_tci6488_TimerSupport_enable__E)
                  008102a0    00000020                  : BIOS.obj (.text:ti_sysbios_gates_GateHwi_Instance_init__F)
                  008102c0    00000020                  : BIOS.obj (.text:ti_sysbios_gates_GateHwi_enter__E)
                  008102e0    00000020                  : BIOS.obj (.text:ti_sysbios_gates_GateHwi_leave__E)
                  00810300    00000020                  : BIOS.obj (.text:ti_sysbios_gates_GateHwi_query__F)
                  00810320    00000020                  : BIOS.obj (.text:ti_sysbios_gates_GateMutex_Instance_finalize__F)
                  00810340    00000020                  : BIOS.obj (.text:ti_sysbios_gates_GateMutex_query__F)
                  00810360    00000020     Sys_BIOs_config_pe66.oe66 (.text:ti_sysbios_hal_Hwi_HwiProxy_Module__startupDone__S)
                  00810380    00000020     sysbios.ae66 : BIOS.obj (.text:ti_sysbios_hal_Hwi_Module_startup__F)
                  008103a0    00000020                  : BIOS.obj (.text:ti_sysbios_hal_Timer_Module_startup__F)
                  008103c0    00000020     Sys_BIOs_config_pe66.oe66 (.text:ti_sysbios_hal_Timer_TimerProxy_Module__startupDone__S)
                  008103e0    00000020     Sys_BIOs_config_pe66.oe66 (.text:ti_sysbios_hal_Timer_TimerProxy_getExpiredCounts__E)
                  00810400    00000020     Sys_BIOs_config_pe66.oe66 (.text:ti_sysbios_hal_Timer_TimerProxy_getPeriod__E)
                  00810420    00000020     Sys_BIOs_config_pe66.oe66 (.text:ti_sysbios_hal_Timer_TimerProxy_setNextTick__E)
                  00810440    00000020     Sys_BIOs_config_pe66.oe66 (.text:ti_sysbios_heaps_HeapMem_Module_GateProxy_enter__E)
                  00810460    00000020     Sys_BIOs_config_pe66.oe66 (.text:ti_sysbios_heaps_HeapMem_Module_GateProxy_leave__E)
                  00810480    00000020     sysbios.ae66 : BIOS.obj (.text:ti_sysbios_heaps_HeapMem_isBlocking__E)
                  008104a0    00000020     Sys_BIOs_config_pe66.oe66 (.text:ti_sysbios_knl_Clock_Params__init__S)
                  008104c0    00000020     sysbios.ae66 : BIOS.obj (.text:ti_sysbios_knl_Idle_loop__E)
                  008104e0    00000020                  : BIOS.obj (.text:ti_sysbios_knl_Queue_Instance_init__F)
                  00810500    00000020     Sys_BIOs_config_pe66.oe66 (.text:ti_sysbios_knl_Queue_Object__destruct__S)
                  00810520    00000020     Sys_BIOs_config_pe66.oe66 (.text:ti_sysbios_knl_Queue_Object__get__S)
                  00810540    00000020     sysbios.ae66 : BIOS.obj (.text:ti_sysbios_knl_Queue_empty__E)
                  00810560    00000020                  : BIOS.obj (.text:ti_sysbios_knl_Semaphore_Instance_finalize__F)
                  00810580    00000020                  : BIOS.obj (.text:ti_sysbios_knl_Swi_disable__E)
                  008105a0    00000020     Sys_BIOs_config_pe66.oe66 (.text:ti_sysbios_knl_Task_Object__first__S)
                  008105c0    00000020     Sys_BIOs_config_pe66.oe66 (.text:ti_sysbios_knl_Task_Object__next__S)
                  008105e0    00000020     Sys_BIOs_config_pe66.oe66 (.text:ti_sysbios_knl_Task_SupportProxy_Module__startupDone__S)
                  00810600    00000020     sysbios.ae66 : BIOS.obj (.text:ti_sysbios_knl_Task_disable__E)
                  00810620    00000020                  : BIOS.obj (.text:ti_sysbios_knl_Task_startup__E)
                  00810640    00000020                  : BIOS.obj (.text:ti_sysbios_timers_timer64_Timer_setNextTick__E)
                  00810660    00000020                  : BIOS.obj (.text:ti_sysbios_utils_Load_taskRegHook__E)
                  00810680    00000020     ti.uia.family.c66.ae66 : TimestampC66XGlobal.oe66 (.text:ti_uia_family_c66_TimestampC66XGlobal_Module_startup__F)
                  008106a0    00000020     Sys_BIOs_config_pe66.oe66 (.text:ti_uia_runtime_LogSync_CpuTimestampProxy_Module__startupDone__S)
                  008106c0    00000020     Sys_BIOs_config_pe66.oe66 (.text:ti_uia_runtime_LogSync_GlobalTimestampProxy_Module__startupDone__S)
                  008106e0    00000020     ti.uia.runtime.ae66 : LoggerProbePoint.oe66 (.text:ti_uia_runtime_LoggerProbePoint_getFreeSize__E)
                  00810700    00000020                         : LoggerProbePoint.oe66 (.text:ti_uia_runtime_LoggerProbePoint_getInstanceId__E)
                  00810720    00000020                         : LoggerProbePoint.oe66 (.text:ti_uia_runtime_LoggerProbePoint_getMaxLength__E)
                  00810740    00000020                         : LoggerProbePoint.oe66 (.text:ti_uia_runtime_LoggerProbePoint_getPriority__E)
                  00810760    00000020                         : LoggerProbePoint.oe66 (.text:ti_uia_runtime_LoggerProbePoint_getTransferType__F)
                  00810780    00000020                         : LoggerProbePoint.oe66 (.text:ti_uia_runtime_LoggerProbePoint_getUnreadSize__E)
                  008107a0    00000020                         : LoggerProbePoint.oe66 (.text:ti_uia_runtime_LoggerProbePoint_isEmpty__E)
                  008107c0    00000020                         : LoggerProbePoint.oe66 (.text:ti_uia_runtime_LoggerProbePoint_setPriority__E)
                  008107e0    00000020                         : LoggerStopMode.oe66 (.text:ti_uia_runtime_LoggerStopMode_getFreeSize__E)
                  00810800    00000020                         : LoggerStopMode.oe66 (.text:ti_uia_runtime_LoggerStopMode_getInstanceId__E)
                  00810820    00000020                         : LoggerStopMode.oe66 (.text:ti_uia_runtime_LoggerStopMode_getMaxLength__E)
                  00810840    00000020                         : LoggerStopMode.oe66 (.text:ti_uia_runtime_LoggerStopMode_getPriority__E)
                  00810860    00000020                         : LoggerStopMode.oe66 (.text:ti_uia_runtime_LoggerStopMode_getTransferType__F)
                  00810880    00000020                         : LoggerStopMode.oe66 (.text:ti_uia_runtime_LoggerStopMode_getUnreadSize__E)
                  008108a0    00000020                         : LoggerStopMode.oe66 (.text:ti_uia_runtime_LoggerStopMode_isEmpty__E)
                  008108c0    00000020                         : LoggerStopMode.oe66 (.text:ti_uia_runtime_LoggerStopMode_setPriority__E)
                  008108e0    00000020     ti.targets.rts6000.ae66 : Gate.oe66 (.text:xdc_runtime_Gate_enterSystem__F)
                  00810900    00000020     Sys_BIOs_config_pe66.oe66 (.text:xdc_runtime_IHeap_alloc)
                  00810920    00000020     Sys_BIOs_config_pe66.oe66 (.text:xdc_runtime_IHeap_free)
                  00810940    00000020     Sys_BIOs_config_pe66.oe66 (.text:xdc_runtime_LoggerBuf_Module_GateProxy_enter__E)
                  00810960    00000020     Sys_BIOs_config_pe66.oe66 (.text:xdc_runtime_LoggerBuf_Module_GateProxy_leave__E)
                  00810980    00000020     ti.targets.rts6000.ae66 : LoggerBuf.oe66 (.text:xdc_runtime_LoggerBuf_disable__F)
                  008109a0    00000020                             : LoggerBuf.oe66 (.text:xdc_runtime_LoggerBuf_enable__F)
                  008109c0    00000020     Sys_BIOs_config_pe66.oe66 (.text:xdc_runtime_Memory_HeapProxy_alloc__E)
                  008109e0    00000020     Sys_BIOs_config_pe66.oe66 (.text:xdc_runtime_Memory_HeapProxy_free__E)
                  00810a00    00000020     Sys_BIOs_config_pe66.oe66 (.text:xdc_runtime_Startup_exec__I)
                  00810a20    00000020     Sys_BIOs_config_pe66.oe66 (.text:xdc_runtime_Startup_reset__I)
                  00810a40    00000020     ti.targets.rts6000.ae66 : SysMin.oe66 (.text:xdc_runtime_SysMin_ready__F)
                  00810a60    00000020     Sys_BIOs_config_pe66.oe66 (.text:xdc_runtime_System_Module_GateProxy_enter__E)
                  00810a80    00000020     Sys_BIOs_config_pe66.oe66 (.text:xdc_runtime_System_Module_GateProxy_leave__E)
                  00810aa0    00000020     ti.targets.rts6000.ae66 : System.oe66 (.text:xdc_runtime_System_Module_startup__F)
                  00810ac0    00000020                             : System.oe66 (.text:xdc_runtime_System_exit__F)
                  00810ae0    00000020                             : System.oe66 (.text:xdc_runtime_System_lastFxn__I)
                  00810b00    00000020                             : System.oe66 (.text:xdc_runtime_System_vsnprintf__F)
                  00810b20    00000020     Sys_BIOs_config_pe66.oe66 (.text:xdc_runtime_Text_visitRope__I)
                  00810b40    00000020     Sys_BIOs_config_pe66.oe66 (.text:xdc_runtime_Timestamp_Module__startupDone__S)

.far       0    00810b60    00003e40     UNINITIALIZED
                  00810b60    00002618     Sys_BIOs_config_pe66.oe66 (.far)
                  00813178    00001800     Sys_BIOs_config_pe66.oe66 (.far:taskStackSection)
                  00814978    00000020     util.obj (.far)
                  00814998    00000008     rts6600_elf.lib : trgdrv.obj (.far)

.const     0    008149a0    000036e8     
                  008149a0    000021b1     Sys_BIOs_config_pe66.oe66 (.const:xdc_runtime_Text_charTab__A)
                  00816b51    00000683     sysbios.ae66 : BIOS.obj (.const:.string)
                  008171d4    00000004     ti.targets.rts6000.ae66 : Assert.oe66 (.const:.string)
                  008171d8    00000400     Sys_BIOs_config_pe66.oe66 (.const:ti_sysbios_family_c66_Cache_marvalues__C)
                  008175d8    00000128     Sys_BIOs_config_pe66.oe66 (.const:xdc_runtime_Text_nodeTab__A)
                  00817700    000000a8     util.obj (.const:.string)
                  008177a8    00000060     Sys_BIOs_config_pe66.oe66 (.const:ti_uia_runtime_LoggerProbePoint_Module__FXNS__C)
                  00817808    00000060     Sys_BIOs_config_pe66.oe66 (.const:ti_uia_runtime_LoggerStopMode_Module__FXNS__C)
                  00817868    00000058     ti.targets.rts6000.ae66 : Error.oe66 (.const:.string)
                  008178c0    00000047     Sys_BIOs_config_pe66.oe66 (.const:.string)
                  00817907    00000001     --HOLE-- [fill = 0]
                  00817908    00000044     Sys_BIOs_config_pe66.oe66 (.const:xdc_runtime_Startup_sfxnTab__A)
                  0081794c    00000040     ti.targets.rts6000.ae66 : Text.oe66 (.const:.string)
                  0081798c    0000003c     Sys_BIOs_config_pe66.oe66 (.const:xdc_runtime_LoggerBuf_Module__FXNS__C)
                  008179c8    00000034     Sys_BIOs_config_pe66.oe66 (.const:ti_uia_runtime_LoggerProbePoint_Object__PARAMS__C)
                  008179fc    00000034     Sys_BIOs_config_pe66.oe66 (.const:ti_uia_runtime_LoggerStopMode_Object__PARAMS__C)
                  00817a30    00000030     Sys_BIOs_config_pe66.oe66 (.const:ti_sysbios_knl_Task_hooks__A)
                  00817a60    0000002c     ti.targets.rts6000.ae66 : Startup.oe66 (.const:.string)
                  00817a8c    00000028     Sys_BIOs_config_pe66.oe66 (.const:ti_sysbios_heaps_HeapMem_Module__FXNS__C)
                  00817ab4    00000028     Sys_BIOs_config_pe66.oe66 (.const:xdc_runtime_LoggerBuf_Object__PARAMS__C)
                  00817adc    00000024     Sys_BIOs_config_pe66.oe66 (.const:ti_sysbios_gates_GateHwi_Module__FXNS__C)
                  00817b00    00000024     Sys_BIOs_config_pe66.oe66 (.const:ti_sysbios_gates_GateMutex_Module__FXNS__C)
                  00817b24    00000024     Sys_BIOs_config_pe66.oe66 (.const:ti_sysbios_heaps_HeapMem_Object__PARAMS__C)
                  00817b48    00000024     Sys_BIOs_config_pe66.oe66 (.const:ti_sysbios_knl_Clock_Object__PARAMS__C)
                  00817b6c    00000024     Sys_BIOs_config_pe66.oe66 (.const:ti_sysbios_knl_Semaphore_Object__PARAMS__C)
                  00817b90    00000022     Sys_BIOs_config_pe66.oe66 (.const:xdc_runtime_Startup_sfxnRts__A)
                  00817bb2    00000002     Sys_BIOs_config_pe66.oe66 (.const:ti_sysbios_BIOS_Module__id__C)
                  00817bb4    00000020     Sys_BIOs_config_pe66.oe66 (.const:ti_sysbios_gates_GateHwi_Object__DESC__C)
                  00817bd4    00000020     Sys_BIOs_config_pe66.oe66 (.const:ti_sysbios_gates_GateMutex_Object__DESC__C)
                  00817bf4    00000020     Sys_BIOs_config_pe66.oe66 (.const:ti_sysbios_heaps_HeapMem_Object__DESC__C)
                  00817c14    00000020     Sys_BIOs_config_pe66.oe66 (.const:ti_sysbios_knl_Clock_Object__DESC__C)
                  00817c34    00000020     Sys_BIOs_config_pe66.oe66 (.const:ti_sysbios_knl_Queue_Object__DESC__C)
                  00817c54    00000020     Sys_BIOs_config_pe66.oe66 (.const:ti_sysbios_knl_Semaphore_Object__DESC__C)
                  00817c74    00000020     Sys_BIOs_config_pe66.oe66 (.const:ti_uia_runtime_LoggerProbePoint_Object__DESC__C)
                  00817c94    00000020     Sys_BIOs_config_pe66.oe66 (.const:ti_uia_runtime_LoggerStopMode_Object__DESC__C)
                  00817cb4    00000020     Sys_BIOs_config_pe66.oe66 (.const:xdc_runtime_LoggerBuf_Object__DESC__C)
                  00817cd4    00000018     Sys_BIOs_config_pe66.oe66 (.const:ti_sysbios_gates_GateHwi_Object__PARAMS__C)
                  00817cec    00000018     Sys_BIOs_config_pe66.oe66 (.const:ti_sysbios_gates_GateMutex_Object__PARAMS__C)
                  00817d04    00000018     Sys_BIOs_config_pe66.oe66 (.const:ti_sysbios_knl_Queue_Object__PARAMS__C)
                  00817d1c    00000014     main_gtz.obj (.const:.string)
                  00817d30    00000011     ti.targets.rts6000.ae66 : System.oe66 (.const:digtohex)
                  00817d41    00000001     --HOLE-- [fill = 0]
                  00817d42    00000002     Sys_BIOs_config_pe66.oe66 (.const:ti_sysbios_family_c64p_Exception_Module__id__C)
                  00817d44    0000000c     Sys_BIOs_config_pe66.oe66 (.const:ti_sysbios_family_c66_Cache_initSize__C)
                  00817d50    00000008     ti.targets.rts6000.ae66 : System.oe66 (.const:.string)
                  00817d58    00000008     Sys_BIOs_config_pe66.oe66 (.const:ti_sysbios_knl_Idle_coreList__A)
                  00817d60    00000008     Sys_BIOs_config_pe66.oe66 (.const:ti_sysbios_knl_Idle_coreList__C)
                  00817d68    00000008     Sys_BIOs_config_pe66.oe66 (.const:ti_sysbios_knl_Idle_funcList__A)
                  00817d70    00000008     Sys_BIOs_config_pe66.oe66 (.const:ti_sysbios_knl_Idle_funcList__C)
                  00817d78    00000008     Sys_BIOs_config_pe66.oe66 (.const:ti_sysbios_knl_Task_hooks__C)
                  00817d80    00000008     Sys_BIOs_config_pe66.oe66 (.const:xdc_runtime_Startup_firstFxns__A)
                  00817d88    00000008     Sys_BIOs_config_pe66.oe66 (.const:xdc_runtime_Startup_firstFxns__C)
                  00817d90    00000008     Sys_BIOs_config_pe66.oe66 (.const:xdc_runtime_Startup_lastFxns__C)
                  00817d98    00000004     Sys_BIOs_config_pe66.oe66 (.const:ti_sysbios_BIOS_Module__diagsEnabled__C)
                  00817d9c    00000004     Sys_BIOs_config_pe66.oe66 (.const:ti_sysbios_BIOS_Module__diagsIncluded__C)
                  00817da0    00000004     Sys_BIOs_config_pe66.oe66 (.const:ti_sysbios_BIOS_Module__diagsMask__C)
                  00817da4    00000004     Sys_BIOs_config_pe66.oe66 (.const:ti_sysbios_BIOS_installedErrorHook__C)
                  00817da8    00000004     Sys_BIOs_config_pe66.oe66 (.const:ti_sysbios_family_c64p_Exception_E_exceptionMax__C)
                  00817dac    00000004     Sys_BIOs_config_pe66.oe66 (.const:ti_sysbios_family_c64p_Exception_E_exceptionMin__C)
                  00817db0    00000004     Sys_BIOs_config_pe66.oe66 (.const:ti_sysbios_family_c64p_Exception_exceptionHook__C)
                  00817db4    00000004     Sys_BIOs_config_pe66.oe66 (.const:ti_sysbios_family_c64p_Exception_externalHook__C)
                  00817db8    00000004     Sys_BIOs_config_pe66.oe66 (.const:ti_sysbios_family_c64p_Exception_internalHook__C)
                  00817dbc    00000004     Sys_BIOs_config_pe66.oe66 (.const:ti_sysbios_family_c64p_Exception_nmiHook__C)
                  00817dc0    00000004     Sys_BIOs_config_pe66.oe66 (.const:ti_sysbios_family_c64p_Hwi_LD_end__C)
                  00817dc4    00000004     Sys_BIOs_config_pe66.oe66 (.const:ti_sysbios_family_c64p_Hwi_LM_begin__C)
                  00817dc8    00000004     Sys_BIOs_config_pe66.oe66 (.const:ti_sysbios_family_c64p_Hwi_Module__diagsEnabled__C)
                  00817dcc    00000004     Sys_BIOs_config_pe66.oe66 (.const:ti_sysbios_family_c64p_Hwi_Module__diagsIncluded__C)
                  00817dd0    00000004     Sys_BIOs_config_pe66.oe66 (.const:ti_sysbios_family_c64p_Hwi_Module__diagsMask__C)
                  00817dd4    00000004     Sys_BIOs_config_pe66.oe66 (.const:ti_sysbios_family_c64p_Hwi_Module__loggerFxn1__C)
                  00817dd8    00000004     Sys_BIOs_config_pe66.oe66 (.const:ti_sysbios_family_c64p_Hwi_Module__loggerFxn8__C)
                  00817ddc    00000004     Sys_BIOs_config_pe66.oe66 (.const:ti_sysbios_family_c64p_Hwi_Module__loggerObj__C)
                  00817de0    00000004     Sys_BIOs_config_pe66.oe66 (.const:ti_sysbios_gates_GateMutex_A_badContext__C)
                  00817de4    00000004     Sys_BIOs_config_pe66.oe66 (.const:ti_sysbios_gates_GateMutex_Instance_State_sem__O)
                  00817de8    00000004     Sys_BIOs_config_pe66.oe66 (.const:ti_sysbios_gates_GateMutex_Module__diagsEnabled__C)
                  00817dec    00000004     Sys_BIOs_config_pe66.oe66 (.const:ti_sysbios_gates_GateMutex_Module__diagsIncluded__C)
                  00817df0    00000004     Sys_BIOs_config_pe66.oe66 (.const:ti_sysbios_gates_GateMutex_Module__diagsMask__C)
                  00817df4    00000004     Sys_BIOs_config_pe66.oe66 (.const:ti_sysbios_hal_Hwi_E_stackOverflow__C)
                  00817df8    00000004     Sys_BIOs_config_pe66.oe66 (.const:ti_sysbios_heaps_HeapMem_A_align__C)
                  00817dfc    00000004     Sys_BIOs_config_pe66.oe66 (.const:ti_sysbios_heaps_HeapMem_A_heapSize__C)
                  00817e00    00000004     Sys_BIOs_config_pe66.oe66 (.const:ti_sysbios_heaps_HeapMem_A_invalidFree__C)
                  00817e04    00000004     Sys_BIOs_config_pe66.oe66 (.const:ti_sysbios_heaps_HeapMem_A_zeroBlock__C)
                  00817e08    00000004     Sys_BIOs_config_pe66.oe66 (.const:ti_sysbios_heaps_HeapMem_E_memory__C)
                  00817e0c    00000004     Sys_BIOs_config_pe66.oe66 (.const:ti_sysbios_heaps_HeapMem_Module__diagsEnabled__C)
                  00817e10    00000004     Sys_BIOs_config_pe66.oe66 (.const:ti_sysbios_heaps_HeapMem_Module__diagsIncluded__C)
                  00817e14    00000004     Sys_BIOs_config_pe66.oe66 (.const:ti_sysbios_heaps_HeapMem_Module__diagsMask__C)
                  00817e18    00000004     Sys_BIOs_config_pe66.oe66 (.const:ti_sysbios_heaps_HeapMem_Module__gateObj__C)
                  00817e1c    00000004     Sys_BIOs_config_pe66.oe66 (.const:ti_sysbios_heaps_HeapMem_Object__count__C)
                  00817e20    00000004     Sys_BIOs_config_pe66.oe66 (.const:ti_sysbios_heaps_HeapMem_reqAlign__C)
                  00817e24    00000004     Sys_BIOs_config_pe66.oe66 (.const:ti_sysbios_knl_Clock_A_badThreadType__C)
                  00817e28    00000004     Sys_BIOs_config_pe66.oe66 (.const:ti_sysbios_knl_Clock_LM_begin__C)
                  00817e2c    00000004     Sys_BIOs_config_pe66.oe66 (.const:ti_sysbios_knl_Clock_LM_tick__C)
                  00817e30    00000004     Sys_BIOs_config_pe66.oe66 (.const:ti_sysbios_knl_Clock_LW_delayed__C)
                  00817e34    00000004     Sys_BIOs_config_pe66.oe66 (.const:ti_sysbios_knl_Clock_Module_State_clockQ__O)
                  00817e38    00000004     Sys_BIOs_config_pe66.oe66 (.const:ti_sysbios_knl_Clock_Module__diagsEnabled__C)
                  00817e3c    00000004     Sys_BIOs_config_pe66.oe66 (.const:ti_sysbios_knl_Clock_Module__diagsIncluded__C)
                  00817e40    00000004     Sys_BIOs_config_pe66.oe66 (.const:ti_sysbios_knl_Clock_Module__diagsMask__C)
                  00817e44    00000004     Sys_BIOs_config_pe66.oe66 (.const:ti_sysbios_knl_Clock_Module__loggerFxn1__C)
                  00817e48    00000004     Sys_BIOs_config_pe66.oe66 (.const:ti_sysbios_knl_Clock_Module__loggerFxn2__C)
                  00817e4c    00000004     Sys_BIOs_config_pe66.oe66 (.const:ti_sysbios_knl_Clock_Module__loggerObj__C)
                  00817e50    00000004     Sys_BIOs_config_pe66.oe66 (.const:ti_sysbios_knl_Clock_tickMode__C)
                  00817e54    00000004     Sys_BIOs_config_pe66.oe66 (.const:ti_sysbios_knl_Clock_tickSource__C)
                  00817e58    00000004     Sys_BIOs_config_pe66.oe66 (.const:ti_sysbios_knl_Semaphore_A_badContext__C)
                  00817e5c    00000004     Sys_BIOs_config_pe66.oe66 (.const:ti_sysbios_knl_Semaphore_A_noEvents__C)
                  00817e60    00000004     Sys_BIOs_config_pe66.oe66 (.const:ti_sysbios_knl_Semaphore_A_overflow__C)
                  00817e64    00000004     Sys_BIOs_config_pe66.oe66 (.const:ti_sysbios_knl_Semaphore_A_pendTaskDisabled__C)
                  00817e68    00000004     Sys_BIOs_config_pe66.oe66 (.const:ti_sysbios_knl_Semaphore_Instance_State_pendQ__O)
                  00817e6c    00000004     Sys_BIOs_config_pe66.oe66 (.const:ti_sysbios_knl_Semaphore_LM_pend__C)
                  00817e70    00000004     Sys_BIOs_config_pe66.oe66 (.const:ti_sysbios_knl_Semaphore_LM_post__C)
                  00817e74    00000004     Sys_BIOs_config_pe66.oe66 (.const:ti_sysbios_knl_Semaphore_Module__diagsEnabled__C)
                  00817e78    00000004     Sys_BIOs_config_pe66.oe66 (.const:ti_sysbios_knl_Semaphore_Module__diagsIncluded__C)
                  00817e7c    00000004     Sys_BIOs_config_pe66.oe66 (.const:ti_sysbios_knl_Semaphore_Module__diagsMask__C)
                  00817e80    00000004     Sys_BIOs_config_pe66.oe66 (.const:ti_sysbios_knl_Semaphore_Module__loggerFxn2__C)
                  00817e84    00000004     Sys_BIOs_config_pe66.oe66 (.const:ti_sysbios_knl_Semaphore_Module__loggerFxn4__C)
                  00817e88    00000004     Sys_BIOs_config_pe66.oe66 (.const:ti_sysbios_knl_Semaphore_Module__loggerObj__C)
                  00817e8c    00000004     Sys_BIOs_config_pe66.oe66 (.const:ti_sysbios_knl_Swi_LD_end__C)
                  00817e90    00000004     Sys_BIOs_config_pe66.oe66 (.const:ti_sysbios_knl_Swi_LM_begin__C)
                  00817e94    00000004     Sys_BIOs_config_pe66.oe66 (.const:ti_sysbios_knl_Swi_LM_post__C)
                  00817e98    00000004     Sys_BIOs_config_pe66.oe66 (.const:ti_sysbios_knl_Swi_Module__diagsEnabled__C)
                  00817e9c    00000004     Sys_BIOs_config_pe66.oe66 (.const:ti_sysbios_knl_Swi_Module__diagsIncluded__C)
                  00817ea0    00000004     Sys_BIOs_config_pe66.oe66 (.const:ti_sysbios_knl_Swi_Module__diagsMask__C)
                  00817ea4    00000004     Sys_BIOs_config_pe66.oe66 (.const:ti_sysbios_knl_Swi_Module__loggerFxn1__C)
                  00817ea8    00000004     Sys_BIOs_config_pe66.oe66 (.const:ti_sysbios_knl_Swi_Module__loggerFxn4__C)
                  00817eac    00000004     Sys_BIOs_config_pe66.oe66 (.const:ti_sysbios_knl_Swi_Module__loggerObj__C)
                  00817eb0    00000004     Sys_BIOs_config_pe66.oe66 (.const:ti_sysbios_knl_Swi_Object__count__C)
                  00817eb4    00000004     Sys_BIOs_config_pe66.oe66 (.const:ti_sysbios_knl_Task_A_badTimeout__C)
                  00817eb8    00000004     Sys_BIOs_config_pe66.oe66 (.const:ti_sysbios_knl_Task_A_sleepTaskDisabled__C)
                  00817ebc    00000004     Sys_BIOs_config_pe66.oe66 (.const:ti_sysbios_knl_Task_E_spOutOfBounds__C)
                  00817ec0    00000004     Sys_BIOs_config_pe66.oe66 (.const:ti_sysbios_knl_Task_E_stackOverflow__C)
                  00817ec4    00000004     Sys_BIOs_config_pe66.oe66 (.const:ti_sysbios_knl_Task_LD_block__C)
                  00817ec8    00000004     Sys_BIOs_config_pe66.oe66 (.const:ti_sysbios_knl_Task_LD_exit__C)
                  00817ecc    00000004     Sys_BIOs_config_pe66.oe66 (.const:ti_sysbios_knl_Task_LD_ready__C)
                  00817ed0    00000004     Sys_BIOs_config_pe66.oe66 (.const:ti_sysbios_knl_Task_LM_sleep__C)
                  00817ed4    00000004     Sys_BIOs_config_pe66.oe66 (.const:ti_sysbios_knl_Task_LM_switch__C)
                  00817ed8    00000004     Sys_BIOs_config_pe66.oe66 (.const:ti_sysbios_knl_Task_Module_State_inactiveQ__O)
                  00817edc    00000004     Sys_BIOs_config_pe66.oe66 (.const:ti_sysbios_knl_Task_Module_State_terminatedQ__O)
                  00817ee0    00000004     Sys_BIOs_config_pe66.oe66 (.const:ti_sysbios_knl_Task_Module__diagsEnabled__C)
                  00817ee4    00000004     Sys_BIOs_config_pe66.oe66 (.const:ti_sysbios_knl_Task_Module__diagsIncluded__C)
                  00817ee8    00000004     Sys_BIOs_config_pe66.oe66 (.const:ti_sysbios_knl_Task_Module__diagsMask__C)
                  00817eec    00000004     Sys_BIOs_config_pe66.oe66 (.const:ti_sysbios_knl_Task_Module__loggerFxn2__C)
                  00817ef0    00000004     Sys_BIOs_config_pe66.oe66 (.const:ti_sysbios_knl_Task_Module__loggerFxn4__C)
                  00817ef4    00000004     Sys_BIOs_config_pe66.oe66 (.const:ti_sysbios_knl_Task_Module__loggerObj__C)
                  00817ef8    00000004     Sys_BIOs_config_pe66.oe66 (.const:ti_sysbios_knl_Task_Object__count__C)
                  00817efc    00000004     Sys_BIOs_config_pe66.oe66 (.const:ti_sysbios_knl_Task_Object__heap__C)
                  00817f00    00000004     Sys_BIOs_config_pe66.oe66 (.const:ti_sysbios_knl_Task_allBlockedFunc__C)
                  00817f04    00000004     Sys_BIOs_config_pe66.oe66 (.const:ti_sysbios_knl_Task_numConstructedTasks__C)
                  00817f08    00000004     Sys_BIOs_config_pe66.oe66 (.const:ti_sysbios_timers_timer64_Timer_A_notAvailable__C)
                  00817f0c    00000004     Sys_BIOs_config_pe66.oe66 (.const:ti_sysbios_timers_timer64_Timer_E_cannotSupport__C)
                  00817f10    00000004     Sys_BIOs_config_pe66.oe66 (.const:ti_sysbios_timers_timer64_Timer_Module__diagsEnabled__C)
                  00817f14    00000004     Sys_BIOs_config_pe66.oe66 (.const:ti_sysbios_timers_timer64_Timer_Module__diagsIncluded__C)
                  00817f18    00000004     Sys_BIOs_config_pe66.oe66 (.const:ti_sysbios_timers_timer64_Timer_Module__diagsMask__C)
                  00817f1c    00000004     Sys_BIOs_config_pe66.oe66 (.const:ti_sysbios_timers_timer64_Timer_anyMask__C)
                  00817f20    00000004     Sys_BIOs_config_pe66.oe66 (.const:ti_sysbios_timers_timer64_Timer_freqDivisor__C)
                  00817f24    00000004     Sys_BIOs_config_pe66.oe66 (.const:ti_sysbios_timers_timer64_Timer_numLocalTimers__C)
                  00817f28    00000004     Sys_BIOs_config_pe66.oe66 (.const:ti_sysbios_timers_timer64_Timer_numTimerDevices__C)
                  00817f2c    00000004     Sys_BIOs_config_pe66.oe66 (.const:ti_sysbios_utils_Load_LS_cpuLoad__C)
                  00817f30    00000004     Sys_BIOs_config_pe66.oe66 (.const:ti_sysbios_utils_Load_LS_hwiLoad__C)
                  00817f34    00000004     Sys_BIOs_config_pe66.oe66 (.const:ti_sysbios_utils_Load_LS_swiLoad__C)
                  00817f38    00000004     Sys_BIOs_config_pe66.oe66 (.const:ti_sysbios_utils_Load_LS_taskLoad__C)
                  00817f3c    00000004     Sys_BIOs_config_pe66.oe66 (.const:ti_sysbios_utils_Load_Module_State_taskList__O)
                  00817f40    00000004     Sys_BIOs_config_pe66.oe66 (.const:ti_sysbios_utils_Load_Module__diagsEnabled__C)
                  00817f44    00000004     Sys_BIOs_config_pe66.oe66 (.const:ti_sysbios_utils_Load_Module__diagsIncluded__C)
                  00817f48    00000004     Sys_BIOs_config_pe66.oe66 (.const:ti_sysbios_utils_Load_Module__diagsMask__C)
                  00817f4c    00000004     Sys_BIOs_config_pe66.oe66 (.const:ti_sysbios_utils_Load_Module__loggerFxn1__C)
                  00817f50    00000004     Sys_BIOs_config_pe66.oe66 (.const:ti_sysbios_utils_Load_Module__loggerFxn2__C)
                  00817f54    00000004     Sys_BIOs_config_pe66.oe66 (.const:ti_sysbios_utils_Load_Module__loggerFxn4__C)
                  00817f58    00000004     Sys_BIOs_config_pe66.oe66 (.const:ti_sysbios_utils_Load_Module__loggerObj__C)
                  00817f5c    00000004     Sys_BIOs_config_pe66.oe66 (.const:ti_sysbios_utils_Load_postUpdate__C)
                  00817f60    00000004     Sys_BIOs_config_pe66.oe66 (.const:ti_sysbios_utils_Load_windowInMs__C)
                  00817f64    00000004     Sys_BIOs_config_pe66.oe66 (.const:ti_uia_family_c66_TimestampC66XGlobal_timerBaseAdrs__C)
                  00817f68    00000004     Sys_BIOs_config_pe66.oe66 (.const:ti_uia_runtime_ILoggerSnapshot_Interface__BASE__C)
                  00817f6c    00000004     Sys_BIOs_config_pe66.oe66 (.const:ti_uia_runtime_IUIATransfer_Interface__BASE__C)
                  00817f70    00000004     Sys_BIOs_config_pe66.oe66 (.const:ti_uia_runtime_LoggerProbePoint_E_badLevel__C)
                  00817f74    00000004     Sys_BIOs_config_pe66.oe66 (.const:ti_uia_runtime_LoggerProbePoint_Object__count__C)
                  00817f78    00000004     Sys_BIOs_config_pe66.oe66 (.const:ti_uia_runtime_LoggerProbePoint_overflowLogger__C)
                  00817f7c    00000004     Sys_BIOs_config_pe66.oe66 (.const:ti_uia_runtime_LoggerProbePoint_statusLogger__C)
                  00817f80    00000004     Sys_BIOs_config_pe66.oe66 (.const:ti_uia_runtime_LoggerStopMode_E_badLevel__C)
                  00817f84    00000004     Sys_BIOs_config_pe66.oe66 (.const:ti_uia_runtime_LoggerStopMode_Object__count__C)
                  00817f88    00000004     Sys_BIOs_config_pe66.oe66 (.const:ti_uia_runtime_LoggerStopMode_overflowLogger__C)
                  00817f8c    00000004     Sys_BIOs_config_pe66.oe66 (.const:ti_uia_runtime_LoggerStopMode_statusLogger__C)
                  00817f90    00000004     Sys_BIOs_config_pe66.oe66 (.const:xdc_runtime_Assert_E_assertFailed__C)
                  00817f94    00000004     Sys_BIOs_config_pe66.oe66 (.const:xdc_runtime_Core_A_initializedParams__C)
                  00817f98    00000004     Sys_BIOs_config_pe66.oe66 (.const:xdc_runtime_Core_Module__diagsEnabled__C)
                  00817f9c    00000004     Sys_BIOs_config_pe66.oe66 (.const:xdc_runtime_Core_Module__diagsIncluded__C)
                  00817fa0    00000004     Sys_BIOs_config_pe66.oe66 (.const:xdc_runtime_Core_Module__diagsMask__C)
                  00817fa4    00000004     Sys_BIOs_config_pe66.oe66 (.const:xdc_runtime_Error_E_memory__C)
                  00817fa8    00000004     Sys_BIOs_config_pe66.oe66 (.const:xdc_runtime_Error_Module__diagsEnabled__C)
                  00817fac    00000004     Sys_BIOs_config_pe66.oe66 (.const:xdc_runtime_Error_Module__diagsIncluded__C)
                  00817fb0    00000004     Sys_BIOs_config_pe66.oe66 (.const:xdc_runtime_Error_Module__diagsMask__C)
                  00817fb4    00000004     Sys_BIOs_config_pe66.oe66 (.const:xdc_runtime_Error_Module__loggerFxn8__C)
                  00817fb8    00000004     Sys_BIOs_config_pe66.oe66 (.const:xdc_runtime_Error_Module__loggerObj__C)
                  00817fbc    00000004     Sys_BIOs_config_pe66.oe66 (.const:xdc_runtime_Error_policy__C)
                  00817fc0    00000004     Sys_BIOs_config_pe66.oe66 (.const:xdc_runtime_Error_raiseHook__C)
                  00817fc4    00000004     Sys_BIOs_config_pe66.oe66 (.const:xdc_runtime_IFilterLogger_Interface__BASE__C)
                  00817fc8    00000004     Sys_BIOs_config_pe66.oe66 (.const:xdc_runtime_IGateProvider_Interface__BASE__C)
                  00817fcc    00000004     Sys_BIOs_config_pe66.oe66 (.const:xdc_runtime_IHeap_Interface__BASE__C)
                  00817fd0    00000004     Sys_BIOs_config_pe66.oe66 (.const:xdc_runtime_ILogger_Interface__BASE__C)
                  00817fd4    00000004     Sys_BIOs_config_pe66.oe66 (.const:xdc_runtime_IModule_Interface__BASE__C)
                  00817fd8    00000004     Sys_BIOs_config_pe66.oe66 (.const:xdc_runtime_Log_L_error__C)
                  00817fdc    00000004     Sys_BIOs_config_pe66.oe66 (.const:xdc_runtime_LoggerBuf_E_badLevel__C)
                  00817fe0    00000004     Sys_BIOs_config_pe66.oe66 (.const:xdc_runtime_LoggerBuf_Module__gateObj__C)
                  00817fe4    00000004     Sys_BIOs_config_pe66.oe66 (.const:xdc_runtime_LoggerBuf_Object__count__C)
                  00817fe8    00000004     Sys_BIOs_config_pe66.oe66 (.const:xdc_runtime_LoggerBuf_statusLogger__C)
                  00817fec    00000004     Sys_BIOs_config_pe66.oe66 (.const:xdc_runtime_Memory_defaultHeapInstance__C)
                  00817ff0    00000004     Sys_BIOs_config_pe66.oe66 (.const:xdc_runtime_Startup_execImpl__C)
                  00817ff4    00000004     Sys_BIOs_config_pe66.oe66 (.const:xdc_runtime_Startup_maxPasses__C)
                  00817ff8    00000004     Sys_BIOs_config_pe66.oe66 (.const:xdc_runtime_Startup_lastFxns__A)
                  00817ffc    00000004     Sys_BIOs_config_pe66.oe66 (.const:xdc_runtime_Startup_sfxnRts__C)
                  00818000    00000004     Sys_BIOs_config_pe66.oe66 (.const:xdc_runtime_Startup_sfxnTab__C)
                  00818004    00000004     Sys_BIOs_config_pe66.oe66 (.const:xdc_runtime_SysMin_bufSize__C)
                  00818008    00000004     Sys_BIOs_config_pe66.oe66 (.const:xdc_runtime_SysMin_outputFunc__C)
                  0081800c    00000004     Sys_BIOs_config_pe66.oe66 (.const:xdc_runtime_System_Module__gateObj__C)
                  00818010    00000004     Sys_BIOs_config_pe66.oe66 (.const:xdc_runtime_System_extendFxn__C)
                  00818014    00000004     Sys_BIOs_config_pe66.oe66 (.const:xdc_runtime_System_maxAtexitHandlers__C)
                  00818018    00000004     Sys_BIOs_config_pe66.oe66 (.const:xdc_runtime_Text_charTab__C)
                  0081801c    00000004     Sys_BIOs_config_pe66.oe66 (.const:xdc_runtime_Text_nameEmpty__C)
                  00818020    00000004     Sys_BIOs_config_pe66.oe66 (.const:xdc_runtime_Text_nameStatic__C)
                  00818024    00000004     Sys_BIOs_config_pe66.oe66 (.const:xdc_runtime_Text_nameUnknown__C)
                  00818028    00000004     Sys_BIOs_config_pe66.oe66 (.const:xdc_runtime_Text_nodeTab__C)
                  0081802c    00000004     Sys_BIOs_config_pe66.oe66 (.const:xdc_runtime_Text_visitRopeFxn__C)
                  00818030    00000002     Sys_BIOs_config_pe66.oe66 (.const:ti_sysbios_family_c64p_Exception_enableExternalMPC__C)
                  00818032    00000002     Sys_BIOs_config_pe66.oe66 (.const:ti_sysbios_family_c64p_Exception_enablePrint__C)
                  00818034    00000002     Sys_BIOs_config_pe66.oe66 (.const:ti_sysbios_family_c64p_Exception_useInternalBuffer__C)
                  00818036    00000002     Sys_BIOs_config_pe66.oe66 (.const:ti_sysbios_family_c64p_Hwi_Module__id__C)
                  00818038    00000002     Sys_BIOs_config_pe66.oe66 (.const:ti_sysbios_family_c64p_Hwi_Module__loggerDefined__C)
                  0081803a    00000002     Sys_BIOs_config_pe66.oe66 (.const:ti_sysbios_gates_GateMutex_Module__id__C)
                  0081803c    00000002     Sys_BIOs_config_pe66.oe66 (.const:ti_sysbios_hal_Hwi_Module__id__C)
                  0081803e    00000002     Sys_BIOs_config_pe66.oe66 (.const:ti_sysbios_heaps_HeapMem_Module__id__C)
                  00818040    00000002     Sys_BIOs_config_pe66.oe66 (.const:ti_sysbios_knl_Clock_Module__id__C)
                  00818042    00000002     Sys_BIOs_config_pe66.oe66 (.const:ti_sysbios_knl_Clock_Module__loggerDefined__C)
                  00818044    00000002     Sys_BIOs_config_pe66.oe66 (.const:ti_sysbios_knl_Semaphore_Module__id__C)
                  00818046    00000002     Sys_BIOs_config_pe66.oe66 (.const:ti_sysbios_knl_Semaphore_Module__loggerDefined__C)
                  00818048    00000002     Sys_BIOs_config_pe66.oe66 (.const:ti_sysbios_knl_Swi_Module__id__C)
                  0081804a    00000002     Sys_BIOs_config_pe66.oe66 (.const:ti_sysbios_knl_Swi_Module__loggerDefined__C)
                  0081804c    00000002     Sys_BIOs_config_pe66.oe66 (.const:ti_sysbios_knl_Task_Module__id__C)
                  0081804e    00000002     Sys_BIOs_config_pe66.oe66 (.const:ti_sysbios_knl_Task_Module__loggerDefined__C)
                  00818050    00000002     Sys_BIOs_config_pe66.oe66 (.const:ti_sysbios_knl_Task_deleteTerminatedTasks__C)
                  00818052    00000002     Sys_BIOs_config_pe66.oe66 (.const:ti_sysbios_knl_Task_initStackFlag__C)
                  00818054    00000002     Sys_BIOs_config_pe66.oe66 (.const:ti_sysbios_timers_timer64_Timer_Module__id__C)
                  00818056    00000002     Sys_BIOs_config_pe66.oe66 (.const:ti_sysbios_timers_timer64_Timer_startupNeeded__C)
                  00818058    00000002     Sys_BIOs_config_pe66.oe66 (.const:ti_sysbios_utils_Load_Module__id__C)
                  0081805a    00000002     Sys_BIOs_config_pe66.oe66 (.const:ti_sysbios_utils_Load_Module__loggerDefined__C)
                  0081805c    00000002     Sys_BIOs_config_pe66.oe66 (.const:ti_sysbios_utils_Load_autoAddTasks__C)
                  0081805e    00000002     Sys_BIOs_config_pe66.oe66 (.const:ti_sysbios_utils_Load_hwiEnabled__C)
                  00818060    00000002     Sys_BIOs_config_pe66.oe66 (.const:ti_sysbios_utils_Load_swiEnabled__C)
                  00818062    00000002     Sys_BIOs_config_pe66.oe66 (.const:ti_sysbios_utils_Load_taskEnabled__C)
                  00818064    00000002     Sys_BIOs_config_pe66.oe66 (.const:ti_sysbios_utils_Load_updateInIdle__C)
                  00818066    00000002     Sys_BIOs_config_pe66.oe66 (.const:ti_uia_runtime_LoggerProbePoint_Module__id__C)
                  00818068    00000002     Sys_BIOs_config_pe66.oe66 (.const:ti_uia_runtime_LoggerProbePoint_filterByLevel__C)
                  0081806a    00000002     Sys_BIOs_config_pe66.oe66 (.const:ti_uia_runtime_LoggerProbePoint_isTimestampEnabled__C)
                  0081806c    00000002     Sys_BIOs_config_pe66.oe66 (.const:ti_uia_runtime_LoggerStopMode_Module__id__C)
                  0081806e    00000002     Sys_BIOs_config_pe66.oe66 (.const:ti_uia_runtime_LoggerStopMode_filterByLevel__C)
                  00818070    00000002     Sys_BIOs_config_pe66.oe66 (.const:ti_uia_runtime_LoggerStopMode_isTimestampEnabled__C)
                  00818072    00000002     Sys_BIOs_config_pe66.oe66 (.const:xdc_runtime_Core_Module__id__C)
                  00818074    00000002     Sys_BIOs_config_pe66.oe66 (.const:xdc_runtime_Error_Module__loggerDefined__C)
                  00818076    00000002     Sys_BIOs_config_pe66.oe66 (.const:xdc_runtime_Error_maxDepth__C)
                  00818078    00000002     Sys_BIOs_config_pe66.oe66 (.const:xdc_runtime_LoggerBuf_Module__id__C)
                  0081807a    00000002     Sys_BIOs_config_pe66.oe66 (.const:xdc_runtime_LoggerBuf_filterByLevel__C)
                  0081807c    00000002     Sys_BIOs_config_pe66.oe66 (.const:xdc_runtime_Memory_Module__id__C)
                  0081807e    00000002     Sys_BIOs_config_pe66.oe66 (.const:xdc_runtime_SysMin_flushAtExit__C)
                  00818080    00000002     Sys_BIOs_config_pe66.oe66 (.const:xdc_runtime_Text_charCnt__C)
                  00818082    00000002     Sys_BIOs_config_pe66.oe66 (.const:xdc_runtime_Text_isLoaded__C)
                  00818084    00000002     Sys_BIOs_config_pe66.oe66 (.const:xdc_runtime_Text_registryModsLastId__C)
                  00818086    00000002     Sys_BIOs_config_pe66.oe66 (.const:xdc_runtime_Text_unnamedModsLastId__C)

.stack     0    00818088    00001000     UNINITIALIZED
                  00818088    00000008     boot.ae66 : boot.oe66 (.stack)
                  00818090    00000ff8     --HOLE--

.fardata   0    00819088    00000af4     
                  00819088    000002e0     Sys_BIOs_config_pe66.oe66 (.fardata)
                  00819368    00000180     Sys_BIOs_config_pe66.oe66 (.fardata:ti_sysbios_timers_timer64_Timer_Module_State_0_device__A)
                  008194e8    00000114     Sys_BIOs_config_pe66.oe66 (.fardata:ti_uia_runtime_LoggerProbePoint_Object__table__V)
                  008195fc    00000004     rts6600_elf.lib : dtor_list.obj (.fardata)
                  00819600    000000f0     Sys_BIOs_config_pe66.oe66 (.fardata:ti_sysbios_knl_Task_Object__table__V)
                  008196f0    00000080     Sys_BIOs_config_pe66.oe66 (.fardata:ti_sysbios_knl_Swi_Module_State_0_readyQ__A)
                  00819770    00000080     Sys_BIOs_config_pe66.oe66 (.fardata:ti_sysbios_knl_Task_Module_State_0_readyQ__A)
                  008197f0    00000080     Sys_BIOs_config_pe66.oe66 (.fardata:ti_sysbios_timers_timer64_Timer_Module_State_0_gctrl__A)
                  00819870    00000080     Sys_BIOs_config_pe66.oe66 (.fardata:ti_sysbios_timers_timer64_Timer_Module_State_0_handles__A)
                  008198f0    00000080     Sys_BIOs_config_pe66.oe66 (.fardata:ti_sysbios_timers_timer64_Timer_Module_State_0_intFreqs__A)
                  00819970    0000005c     Sys_BIOs_config_pe66.oe66 (.fardata:ti_uia_runtime_LoggerStopMode_Object__table__V)
                  008199cc    00000004     --HOLE--
                  008199d0    0000004c     Sys_BIOs_config_pe66.oe66 (.fardata:ti_sysbios_timers_timer64_Timer_Object__table__V)
                  00819a1c    00000004     --HOLE--
                  00819a20    00000040     rts6600_elf.lib : sin.obj (.fardata:R$1)
                  00819a60    00000040     Sys_BIOs_config_pe66.oe66 (.fardata:ti_sysbios_gates_GateMutex_Object__table__V)
                  00819aa0    00000030     Sys_BIOs_config_pe66.oe66 (.fardata:ti_sysbios_knl_Swi_Object__table__V)
                  00819ad0    00000024     Sys_BIOs_config_pe66.oe66 (.fardata:xdc_runtime_LoggerBuf_Object__table__V)
                  00819af4    00000004     --HOLE--
                  00819af8    00000018     Sys_BIOs_config_pe66.oe66 (.fardata:ti_sysbios_family_c64p_Hwi_Object__table__V)
                  00819b10    00000018     Sys_BIOs_config_pe66.oe66 (.fardata:ti_sysbios_heaps_HeapMem_Object__table__V)
                  00819b28    00000010     Sys_BIOs_config_pe66.oe66 (.fardata:xdc_runtime_System_Module_State_0_atexitHandlers__A)
                  00819b38    0000000c     rts6600_elf.lib : exit.obj (.fardata)
                  00819b44    00000008                     : _lock.obj (.fardata)
                  00819b4c    00000004     --HOLE--
                  00819b50    00000008     Sys_BIOs_config_pe66.oe66 (.fardata:ti_sysbios_hal_Hwi_Object__table__V)
                  00819b58    00000008     Sys_BIOs_config_pe66.oe66 (.fardata:ti_sysbios_hal_Timer_Object__table__V)
                  00819b60    00000004     Sys_BIOs_config_pe66.oe66 (.fardata:ti_sysbios_gates_GateHwi_Object__table__V)
                  00819b64    00000004     --HOLE--
                  00819b68    00000004     Sys_BIOs_config_pe66.oe66 (.fardata:ti_sysbios_knl_Task_Module_State_0_idleTask__A)
                  00819b6c    00000004     --HOLE--
                  00819b70    00000004     Sys_BIOs_config_pe66.oe66 (.fardata:ti_sysbios_utils_Load_Module_State_0_runningTask__A)
                  00819b74    00000004     --HOLE--
                  00819b78    00000004     Sys_BIOs_config_pe66.oe66 (.fardata:ti_sysbios_utils_Load_Module_State_0_taskStartTime__A)

.bss       0    00819b7c    0000002e     UNINITIALIZED
                  00819b7c    00000020     util.obj (.bss)
                  00819b9c    0000000e     main_gtz.obj (.bss)

.neardata 
*          0    00819bac    0000000c     
                  00819bac    00000008     ti.uia.runtime.ae66 : QueueDescriptor.oe66 (.neardata)
                  00819bb4    00000004     main_gtz.obj (.neardata)

.rodata    0    00819bb8    00000000     UNINITIALIZED

.vecs      0    00819c00    00000200     
                  00819c00    00000200     Sys_BIOs_config_pe66.oe66 (.vecs)

.cio       0    00819e00    00000120     UNINITIALIZED
                  00819e00    00000120     rts6600_elf.lib : trgmsg.obj (.cio)

.cinit     0    00819f20    00000800     
                  00819f20    000007b7     (.cinit..fardata.load) [load image, compression = rle]
                  0081a6d7    00000001     --HOLE-- [fill = 0]
                  0081a6d8    0000000c     (__TI_handler_table)
                  0081a6e4    00000009     (.cinit..neardata.load) [load image, compression = rle]
                  0081a6ed    00000003     --HOLE-- [fill = 0]
                  0081a6f0    00000008     (.cinit..bss.load) [load image, compression = zero_init]
                  0081a6f8    00000008     (.cinit..far.load) [load image, compression = zero_init]
                  0081a700    00000020     (__TI_cinit_table)


LINKER GENERATED COPY TABLES

__TI_cinit_table @ 0081a700 records: 4, size/record: 8, table size: 32
	.fardata: load addr=00819f20, load size=000007b7 bytes, run addr=00819088, run size=00000af4 bytes, compression=rle
	.neardata: load addr=0081a6e4, load size=00000009 bytes, run addr=00819bac, run size=0000000c bytes, compression=rle
	.bss: load addr=0081a6f0, load size=00000008 bytes, run addr=00819b7c, run size=0000002e bytes, compression=zero_init
	.far: load addr=0081a6f8, load size=00000008 bytes, run addr=00810b60, run size=00003e40 bytes, compression=zero_init


LINKER GENERATED HANDLER TABLE

__TI_handler_table @ 0081a6d8 records: 3, size/record: 4, table size: 12
	index: 0, handler: __TI_zero_init
	index: 1, handler: __TI_decompress_rle24
	index: 2, handler: __TI_decompress_none


GLOBAL SYMBOLS: SORTED ALPHABETICALLY BY Name 

address    name
--------   ----
00810040   C$$EXIT
0080f178   C$$IO$$
0080c000   HOSTwrite
008196a0   TSK_idle
00806534   UIAPROBE_WRITE0
0080676c   UIAPROBE_WRITE1
008069b4   UIAPROBE_WRITE2
0080574c   UIAPROBE_WRITE4
00803de8   UIAPROBE_WRITE8
008059c8   UIAPROBE_WRITEMEMORYRANGE
00800000   __ASM__
00819e00   __CIOBUF_
00800070   __ISA__
00800088   __PLAT__
008000b0   __TARG__
0081a700   __TI_CINIT_Base
0081a720   __TI_CINIT_Limit
0081a6d8   __TI_Handler_Table_Base
0081a6e4   __TI_Handler_Table_Limit
UNDEFED    __TI_INITARRAY_Base
UNDEFED    __TI_INITARRAY_Limit
00819088   __TI_STACK_END
00001000   __TI_STACK_SIZE
00819b7c   __TI_STATIC_BASE
00000001   __TI_args_main
00810080   __TI_decompress_none
008100a0   __TI_decompress_rle24
00819b40   __TI_enable_exit_profile_output
ffffffff   __TI_pprof_out_hndl
ffffffff   __TI_prof_data_size
ffffffff   __TI_prof_data_start
0080b580   __TI_zero_init
008000d8   __TRDR__
ffffffff   __binit__
0080c240   __c6xabi_divu
00805f00   __c6xabi_divull
0080d9e0   __c6xabi_llshl
0080ebe0   __c6xabi_llshru
0080ccc0   __c6xabi_nround
[...]
008108e0   xdc_runtime_Gate_enterSystem__F
00810940   xdc_runtime_LoggerBuf_Module_GateProxy_enter__E
00810960   xdc_runtime_LoggerBuf_Module_GateProxy_leave__E
00810980   xdc_runtime_LoggerBuf_disable__E
00810980   xdc_runtime_LoggerBuf_disable__F
008109a0   xdc_runtime_LoggerBuf_enable__E
008109a0   xdc_runtime_LoggerBuf_enable__F
008109c0   xdc_runtime_Memory_HeapProxy_alloc__E
008109e0   xdc_runtime_Memory_HeapProxy_free__E
00810a00   xdc_runtime_Startup_exec__I
00810a20   xdc_runtime_Startup_reset__I
00810a40   xdc_runtime_SysMin_ready__E
00810a40   xdc_runtime_SysMin_ready__F
00810a40   xdc_runtime_System_SupportProxy_ready__E
00810a60   xdc_runtime_System_Module_GateProxy_enter__E
00810a80   xdc_runtime_System_Module_GateProxy_leave__E
00810aa0   xdc_runtime_System_Module_startup__E
00810aa0   xdc_runtime_System_Module_startup__F
00810ac0   xdc_runtime_System_exit__E
00810ac0   xdc_runtime_System_exit__F
00810ae0   xdc_runtime_System_lastFxn__I
00810b00   xdc_runtime_System_snprintf_va__E
00810b00   xdc_runtime_System_snprintf_va__F
00810b00   xdc_runtime_System_vsnprintf__E
00810b00   xdc_runtime_System_vsnprintf__F
00810b20   xdc_runtime_Text_visitRope__I
00810b40   xdc_runtime_Timestamp_Module__startupDone__S
00810b60   ti_sysbios_heaps_HeapMem_Instance_State_0_buf__A
00811b60   ti_sysbios_knl_Task_Instance_State_0_hookEnv__A
00811b68   ti_sysbios_knl_Task_Instance_State_1_hookEnv__A
00811b70   ti_sysbios_knl_Task_Instance_State_2_hookEnv__A
00811b78   ti_uia_runtime_LoggerProbePoint_Instance_State_0_bufferArray__A
00811df8   ti_uia_runtime_LoggerProbePoint_Instance_State_1_bufferArray__A
00812278   ti_uia_runtime_LoggerProbePoint_Instance_State_2_bufferArray__A
008126f8   ti_uia_runtime_LoggerStopMode_Instance_State_0_bufferArray__A
00812978   xdc_runtime_LoggerBuf_Instance_State_0_entryArr__A
00812d78   xdc_runtime_SysMin_Module_State_0_outbuf__A
00813178   ti_sysbios_knl_Task_Instance_State_0_stack__A
00813978   ti_sysbios_knl_Task_Instance_State_1_stack__A
00814178   ti_sysbios_knl_Task_Instance_State_2_stack__A
00814978   gtz_out
008149a0   xdc_runtime_Text_charTab__A
008171d8   ti_sysbios_family_c66_Cache_marvalues__C
008175d8   xdc_runtime_Text_nodeTab__A
008177a8   ti_uia_runtime_LoggerProbePoint_Module__FXNS__C
00817808   ti_uia_runtime_LoggerStopMode_Module__FXNS__C
00817908   xdc_runtime_Startup_sfxnTab__A
0081798c   xdc_runtime_LoggerBuf_Module__FXNS__C
008179c8   ti_uia_runtime_LoggerProbePoint_Object__PARAMS__C
008179fc   ti_uia_runtime_LoggerStopMode_Object__PARAMS__C
00817a30   ti_sysbios_knl_Task_hooks__A
00817a8c   ti_sysbios_heaps_HeapMem_Module__FXNS__C
00817ab4   xdc_runtime_LoggerBuf_Object__PARAMS__C
00817adc   ti_sysbios_gates_GateHwi_Module__FXNS__C
00817b00   ti_sysbios_gates_GateMutex_Module__FXNS__C
00817b24   ti_sysbios_heaps_HeapMem_Object__PARAMS__C
00817b48   ti_sysbios_knl_Clock_Object__PARAMS__C
00817b6c   ti_sysbios_knl_Semaphore_Object__PARAMS__C
00817b90   xdc_runtime_Startup_sfxnRts__A
00817bb2   ti_sysbios_BIOS_Module__id__C
00817bb4   ti_sysbios_gates_GateHwi_Object__DESC__C
00817bd4   ti_sysbios_gates_GateMutex_Object__DESC__C
00817bf4   ti_sysbios_heaps_HeapMem_Object__DESC__C
00817c14   ti_sysbios_knl_Clock_Object__DESC__C
00817c34   ti_sysbios_knl_Queue_Object__DESC__C
00817c54   ti_sysbios_knl_Semaphore_Object__DESC__C
00817c74   ti_uia_runtime_LoggerProbePoint_Object__DESC__C
00817c94   ti_uia_runtime_LoggerStopMode_Object__DESC__C
00817cb4   xdc_runtime_LoggerBuf_Object__DESC__C
00817cd4   ti_sysbios_gates_GateHwi_Object__PARAMS__C
00817cec   ti_sysbios_gates_GateMutex_Object__PARAMS__C
00817d04   ti_sysbios_knl_Queue_Object__PARAMS__C
00817d42   ti_sysbios_family_c64p_Exception_Module__id__C
00817d44   ti_sysbios_family_c66_Cache_initSize__C
00817d58   ti_sysbios_knl_Idle_coreList__A
00817d60   ti_sysbios_knl_Idle_coreList__C
00817d68   ti_sysbios_knl_Idle_funcList__A
00817d70   ti_sysbios_knl_Idle_funcList__C
00817d78   ti_sysbios_knl_Task_hooks__C
00817d80   xdc_runtime_Startup_firstFxns__A
00817d88   xdc_runtime_Startup_firstFxns__C
00817d90   xdc_runtime_Startup_lastFxns__C
00817d98   ti_sysbios_BIOS_Module__diagsEnabled__C
00817d9c   ti_sysbios_BIOS_Module__diagsIncluded__C
00817da0   ti_sysbios_BIOS_Module__diagsMask__C
00817da4   ti_sysbios_BIOS_installedErrorHook__C
00817da8   ti_sysbios_family_c64p_Exception_E_exceptionMax__C
00817dac   ti_sysbios_family_c64p_Exception_E_exceptionMin__C
00817db0   ti_sysbios_family_c64p_Exception_exceptionHook__C
00817db4   ti_sysbios_family_c64p_Exception_externalHook__C
00817db8   ti_sysbios_family_c64p_Exception_internalHook__C
00817dbc   ti_sysbios_family_c64p_Exception_nmiHook__C
00817dc0   ti_sysbios_family_c64p_Hwi_LD_end__C
00817dc4   ti_sysbios_family_c64p_Hwi_LM_begin__C
00817dc8   ti_sysbios_family_c64p_Hwi_Module__diagsEnabled__C
00817dcc   ti_sysbios_family_c64p_Hwi_Module__diagsIncluded__C
00817dd0   ti_sysbios_family_c64p_Hwi_Module__diagsMask__C
00817dd4   ti_sysbios_family_c64p_Hwi_Module__loggerFxn1__C
00817dd8   ti_sysbios_family_c64p_Hwi_Module__loggerFxn8__C
00817ddc   ti_sysbios_family_c64p_Hwi_Module__loggerObj__C
00817de0   ti_sysbios_gates_GateMutex_A_badContext__C
00817de4   ti_sysbios_gates_GateMutex_Instance_State_sem__O
00817de8   ti_sysbios_gates_GateMutex_Module__diagsEnabled__C
00817dec   ti_sysbios_gates_GateMutex_Module__diagsIncluded__C
00817df0   ti_sysbios_gates_GateMutex_Module__diagsMask__C
00817df4   ti_sysbios_hal_Hwi_E_stackOverflow__C
00817df8   ti_sysbios_heaps_HeapMem_A_align__C
00817dfc   ti_sysbios_heaps_HeapMem_A_heapSize__C
00817e00   ti_sysbios_heaps_HeapMem_A_invalidFree__C
00817e04   ti_sysbios_heaps_HeapMem_A_zeroBlock__C
00817e08   ti_sysbios_heaps_HeapMem_E_memory__C
00817e0c   ti_sysbios_heaps_HeapMem_Module__diagsEnabled__C
00817e10   ti_sysbios_heaps_HeapMem_Module__diagsIncluded__C
00817e14   ti_sysbios_heaps_HeapMem_Module__diagsMask__C
00817e18   ti_sysbios_heaps_HeapMem_Module__gateObj__C
00817e1c   ti_sysbios_heaps_HeapMem_Object__count__C
00817e20   ti_sysbios_heaps_HeapMem_reqAlign__C
00817e24   ti_sysbios_knl_Clock_A_badThreadType__C
00817e28   ti_sysbios_knl_Clock_LM_begin__C
00817e2c   ti_sysbios_knl_Clock_LM_tick__C
00817e30   ti_sysbios_knl_Clock_LW_delayed__C
00817e34   ti_sysbios_knl_Clock_Module_State_clockQ__O
00817e38   ti_sysbios_knl_Clock_Module__diagsEnabled__C
00817e3c   ti_sysbios_knl_Clock_Module__diagsIncluded__C
00817e40   ti_sysbios_knl_Clock_Module__diagsMask__C
00817e44   ti_sysbios_knl_Clock_Module__loggerFxn1__C
00817e48   ti_sysbios_knl_Clock_Module__loggerFxn2__C
00817e4c   ti_sysbios_knl_Clock_Module__loggerObj__C
00817e50   ti_sysbios_knl_Clock_tickMode__C
00817e54   ti_sysbios_knl_Clock_tickSource__C
00817e58   ti_sysbios_knl_Semaphore_A_badContext__C
00817e5c   ti_sysbios_knl_Semaphore_A_noEvents__C
00817e60   ti_sysbios_knl_Semaphore_A_overflow__C
00817e64   ti_sysbios_knl_Semaphore_A_pendTaskDisabled__C
00817e68   ti_sysbios_knl_Semaphore_Instance_State_pendQ__O
00817e6c   ti_sysbios_knl_Semaphore_LM_pend__C
00817e70   ti_sysbios_knl_Semaphore_LM_post__C
00817e74   ti_sysbios_knl_Semaphore_Module__diagsEnabled__C
00817e78   ti_sysbios_knl_Semaphore_Module__diagsIncluded__C
00817e7c   ti_sysbios_knl_Semaphore_Module__diagsMask__C
00817e80   ti_sysbios_knl_Semaphore_Module__loggerFxn2__C
00817e84   ti_sysbios_knl_Semaphore_Module__loggerFxn4__C
00817e88   ti_sysbios_knl_Semaphore_Module__loggerObj__C
00817e8c   ti_sysbios_knl_Swi_LD_end__C
00817e90   ti_sysbios_knl_Swi_LM_begin__C
00817e94   ti_sysbios_knl_Swi_LM_post__C
00817e98   ti_sysbios_knl_Swi_Module__diagsEnabled__C
00817e9c   ti_sysbios_knl_Swi_Module__diagsIncluded__C
00817ea0   ti_sysbios_knl_Swi_Module__diagsMask__C
00817ea4   ti_sysbios_knl_Swi_Module__loggerFxn1__C
00817ea8   ti_sysbios_knl_Swi_Module__loggerFxn4__C
00817eac   ti_sysbios_knl_Swi_Module__loggerObj__C
00817eb0   ti_sysbios_knl_Swi_Object__count__C
00817eb4   ti_sysbios_knl_Task_A_badTimeout__C
00817eb8   ti_sysbios_knl_Task_A_sleepTaskDisabled__C
00817ebc   ti_sysbios_knl_Task_E_spOutOfBounds__C
00817ec0   ti_sysbios_knl_Task_E_stackOverflow__C
00817ec4   ti_sysbios_knl_Task_LD_block__C
00817ec8   ti_sysbios_knl_Task_LD_exit__C
00817ecc   ti_sysbios_knl_Task_LD_ready__C
00817ed0   ti_sysbios_knl_Task_LM_sleep__C
00817ed4   ti_sysbios_knl_Task_LM_switch__C
00817ed8   ti_sysbios_knl_Task_Module_State_inactiveQ__O
00817edc   ti_sysbios_knl_Task_Module_State_terminatedQ__O
00817ee0   ti_sysbios_knl_Task_Module__diagsEnabled__C
00817ee4   ti_sysbios_knl_Task_Module__diagsIncluded__C
00817ee8   ti_sysbios_knl_Task_Module__diagsMask__C
00817eec   ti_sysbios_knl_Task_Module__loggerFxn2__C
00817ef0   ti_sysbios_knl_Task_Module__loggerFxn4__C
00817ef4   ti_sysbios_knl_Task_Module__loggerObj__C
00817ef8   ti_sysbios_knl_Task_Object__count__C
00817efc   ti_sysbios_knl_Task_Object__heap__C
00817f00   ti_sysbios_knl_Task_allBlockedFunc__C
00817f04   ti_sysbios_knl_Task_numConstructedTasks__C
00817f08   ti_sysbios_timers_timer64_Timer_A_notAvailable__C
00817f0c   ti_sysbios_timers_timer64_Timer_E_cannotSupport__C
00817f10   ti_sysbios_timers_timer64_Timer_Module__diagsEnabled__C
00817f14   ti_sysbios_timers_timer64_Timer_Module__diagsIncluded__C
00817f18   ti_sysbios_timers_timer64_Timer_Module__diagsMask__C
00817f1c   ti_sysbios_timers_timer64_Timer_anyMask__C
00817f20   ti_sysbios_timers_timer64_Timer_freqDivisor__C
00817f24   ti_sysbios_timers_timer64_Timer_numLocalTimers__C
00817f28   ti_sysbios_timers_timer64_Timer_numTimerDevices__C
00817f2c   ti_sysbios_utils_Load_LS_cpuLoad__C
00817f30   ti_sysbios_utils_Load_LS_hwiLoad__C
00817f34   ti_sysbios_utils_Load_LS_swiLoad__C
00817f38   ti_sysbios_utils_Load_LS_taskLoad__C
00817f3c   ti_sysbios_utils_Load_Module_State_taskList__O
00817f40   ti_sysbios_utils_Load_Module__diagsEnabled__C
00817f44   ti_sysbios_utils_Load_Module__diagsIncluded__C
00817f48   ti_sysbios_utils_Load_Module__diagsMask__C
00817f4c   ti_sysbios_utils_Load_Module__loggerFxn1__C
00817f50   ti_sysbios_utils_Load_Module__loggerFxn2__C
00817f54   ti_sysbios_utils_Load_Module__loggerFxn4__C
00817f58   ti_sysbios_utils_Load_Module__loggerObj__C
00817f5c   ti_sysbios_utils_Load_postUpdate__C
00817f60   ti_sysbios_utils_Load_windowInMs__C
00817f64   ti_uia_family_c66_TimestampC66XGlobal_timerBaseAdrs__C
00817f68   ti_uia_runtime_ILoggerSnapshot_Interface__BASE__C
00817f6c   ti_uia_runtime_IUIATransfer_Interface__BASE__C
00817f70   ti_uia_runtime_LoggerProbePoint_E_badLevel__C
00817f74   ti_uia_runtime_LoggerProbePoint_Object__count__C
00817f78   ti_uia_runtime_LoggerProbePoint_overflowLogger__C
00817f7c   ti_uia_runtime_LoggerProbePoint_statusLogger__C
00817f80   ti_uia_runtime_LoggerStopMode_E_badLevel__C
00817f84   ti_uia_runtime_LoggerStopMode_Object__count__C
00817f88   ti_uia_runtime_LoggerStopMode_overflowLogger__C
00817f8c   ti_uia_runtime_LoggerStopMode_statusLogger__C
00817f90   xdc_runtime_Assert_E_assertFailed__C
00817f94   xdc_runtime_Core_A_initializedParams__C
00817f98   xdc_runtime_Core_Module__diagsEnabled__C
00817f9c   xdc_runtime_Core_Module__diagsIncluded__C
00817fa0   xdc_runtime_Core_Module__diagsMask__C
00817fa4   xdc_runtime_Error_E_memory__C
00817fa8   xdc_runtime_Error_Module__diagsEnabled__C
00817fac   xdc_runtime_Error_Module__diagsIncluded__C
00817fb0   xdc_runtime_Error_Module__diagsMask__C
00817fb4   xdc_runtime_Error_Module__loggerFxn8__C
00817fb8   xdc_runtime_Error_Module__loggerObj__C
00817fbc   xdc_runtime_Error_policy__C
00817fc0   xdc_runtime_Error_raiseHook__C
00817fc4   xdc_runtime_IFilterLogger_Interface__BASE__C
00817fc8   xdc_runtime_IGateProvider_Interface__BASE__C
00817fcc   xdc_runtime_IHeap_Interface__BASE__C
00817fd0   xdc_runtime_ILogger_Interface__BASE__C
00817fd4   xdc_runtime_IModule_Interface__BASE__C
00817fd8   xdc_runtime_Log_L_error__C
00817fdc   xdc_runtime_LoggerBuf_E_badLevel__C
00817fe0   xdc_runtime_LoggerBuf_Module__gateObj__C
00817fe4   xdc_runtime_LoggerBuf_Object__count__C
00817fe8   xdc_runtime_LoggerBuf_statusLogger__C
00817fec   xdc_runtime_Memory_defaultHeapInstance__C
00817ff0   xdc_runtime_Startup_execImpl__C
00817ff4   xdc_runtime_Startup_maxPasses__C
00817ff8   xdc_runtime_Startup_lastFxns__A
00817ffc   xdc_runtime_Startup_sfxnRts__C
00818000   xdc_runtime_Startup_sfxnTab__C
00818004   xdc_runtime_SysMin_bufSize__C
00818008   xdc_runtime_SysMin_outputFunc__C
0081800c   xdc_runtime_System_Module__gateObj__C
00818010   xdc_runtime_System_extendFxn__C
00818014   xdc_runtime_System_maxAtexitHandlers__C
00818018   xdc_runtime_Text_charTab__C
0081801c   xdc_runtime_Text_nameEmpty__C
00818020   xdc_runtime_Text_nameStatic__C
00818024   xdc_runtime_Text_nameUnknown__C
00818028   xdc_runtime_Text_nodeTab__C
0081802c   xdc_runtime_Text_visitRopeFxn__C
00818030   ti_sysbios_family_c64p_Exception_enableExternalMPC__C
00818032   ti_sysbios_family_c64p_Exception_enablePrint__C
00818034   ti_sysbios_family_c64p_Exception_useInternalBuffer__C
00818036   ti_sysbios_family_c64p_Hwi_Module__id__C
00818038   ti_sysbios_family_c64p_Hwi_Module__loggerDefined__C
0081803a   ti_sysbios_gates_GateMutex_Module__id__C
0081803c   ti_sysbios_hal_Hwi_Module__id__C
0081803e   ti_sysbios_heaps_HeapMem_Module__id__C
00818040   ti_sysbios_knl_Clock_Module__id__C
00818042   ti_sysbios_knl_Clock_Module__loggerDefined__C
00818044   ti_sysbios_knl_Semaphore_Module__id__C
00818046   ti_sysbios_knl_Semaphore_Module__loggerDefined__C
00818048   ti_sysbios_knl_Swi_Module__id__C
0081804a   ti_sysbios_knl_Swi_Module__loggerDefined__C
0081804c   ti_sysbios_knl_Task_Module__id__C
0081804e   ti_sysbios_knl_Task_Module__loggerDefined__C
00818050   ti_sysbios_knl_Task_deleteTerminatedTasks__C
00818052   ti_sysbios_knl_Task_initStackFlag__C
00818054   ti_sysbios_timers_timer64_Timer_Module__id__C
00818056   ti_sysbios_timers_timer64_Timer_startupNeeded__C
00818058   ti_sysbios_utils_Load_Module__id__C
0081805a   ti_sysbios_utils_Load_Module__loggerDefined__C
0081805c   ti_sysbios_utils_Load_autoAddTasks__C
0081805e   ti_sysbios_utils_Load_hwiEnabled__C
00818060   ti_sysbios_utils_Load_swiEnabled__C
00818062   ti_sysbios_utils_Load_taskEnabled__C
00818064   ti_sysbios_utils_Load_updateInIdle__C
00818066   ti_uia_runtime_LoggerProbePoint_Module__id__C
00818068   ti_uia_runtime_LoggerProbePoint_filterByLevel__C
0081806a   ti_uia_runtime_LoggerProbePoint_isTimestampEnabled__C
0081806c   ti_uia_runtime_LoggerStopMode_Module__id__C
0081806e   ti_uia_runtime_LoggerStopMode_filterByLevel__C
00818070   ti_uia_runtime_LoggerStopMode_isTimestampEnabled__C
00818072   xdc_runtime_Core_Module__id__C
00818074   xdc_runtime_Error_Module__loggerDefined__C
00818076   xdc_runtime_Error_maxDepth__C
00818078   xdc_runtime_LoggerBuf_Module__id__C
0081807a   xdc_runtime_LoggerBuf_filterByLevel__C
0081807c   xdc_runtime_Memory_Module__id__C
0081807e   xdc_runtime_SysMin_flushAtExit__C
00818080   xdc_runtime_Text_charCnt__C
00818082   xdc_runtime_Text_isLoaded__C
00818084   xdc_runtime_Text_registryModsLastId__C
00818086   xdc_runtime_Text_unnamedModsLastId__C
00818088   _stack
00819088   __TI_STACK_END
00819088   ti_sysbios_BIOS_Module__state__V
008190a8   ti_sysbios_family_c64p_Exception_Module__state__V
008190d8   ti_sysbios_family_c64p_Hwi_Module__root__V
008190e0   ti_sysbios_family_c64p_Hwi_Module__state__V
00819148   ti_sysbios_gates_GateHwi_Module__root__V
00819150   ti_sysbios_gates_GateMutex_Module__root__V
00819158   ti_sysbios_hal_Hwi_Module__root__V
00819160   ti_sysbios_hal_Timer_Module__root__V
00819168   ti_sysbios_heaps_HeapMem_Module__root__V
00819170   ti_sysbios_knl_Clock_Module__root__V
00819178   ti_sysbios_knl_Clock_Module__state__V
008191a0   ti_sysbios_knl_Event_Module__root__V
008191ac   ti_sysbios_knl_Queue_Module__root__V
008191b4   ti_sysbios_knl_Semaphore_Module__root__V
008191c0   ti_sysbios_knl_Swi_Module__root__V
008191cc   ti_sysbios_knl_Swi_Module__state__V
008191e8   ti_sysbios_knl_Task_Module__root__V
008191f4   ti_sysbios_knl_Task_Module__state__V
00819238   ti_sysbios_timers_timer64_Timer_Module__root__V
00819240   ti_sysbios_timers_timer64_Timer_Module__state__V
00819254   ti_sysbios_utils_Load_Module__root__V
00819258   ti_sysbios_utils_Load_Module__state__V
008192d4   ti_uia_family_c66_TimestampC66XGlobal_Module__root__V
008192dc   ti_uia_runtime_LogSync_Module__root__V
008192e4   ti_uia_runtime_LogSync_Module__state__V
008192f0   ti_uia_runtime_LoggerProbePoint_Module__root__V
008192f8   ti_uia_runtime_LoggerProbePoint_Module__state__V
00819300   ti_uia_runtime_LoggerStopMode_Module__root__V
00819308   ti_uia_runtime_LoggerStopMode_Module__state__V
00819310   ti_uia_runtime_QueueDescriptor_Module__state__V
0081931c   xdc_runtime_Error_Module__state__V
00819320   xdc_runtime_LoggerBuf_Module__root__V
00819328   xdc_runtime_LoggerBuf_Module__state__V
0081932e   xdc_runtime_Main_Module__root__V
00819330   xdc_runtime_Memory_Module__state__V
00819334   xdc_runtime_Registry_Module__state__V
0081933c   xdc_runtime_Startup_Module__state__V
00819344   xdc_runtime_SysMin_Module__state__V
00819350   xdc_runtime_System_Module__state__V
0081935c   xdc_runtime_Text_Module__state__V
00819364   __xdc__init__addr
00819368   ti_sysbios_timers_timer64_Timer_Module_State_0_device__A
008194e8   ti_uia_runtime_LoggerProbePoint_Object__table__V
00819600   ti_sysbios_knl_Task_Object__table__V
008196a0   TSK_idle
008196f0   ti_sysbios_knl_Swi_Module_State_0_readyQ__A
00819770   ti_sysbios_knl_Task_Module_State_0_readyQ__A
008197f0   ti_sysbios_timers_timer64_Timer_Module_State_0_gctrl__A
00819870   ti_sysbios_timers_timer64_Timer_Module_State_0_handles__A
008198f0   ti_sysbios_timers_timer64_Timer_Module_State_0_intFreqs__A
00819970   ti_uia_runtime_LoggerStopMode_Object__table__V
008199d0   ti_sysbios_timers_timer64_Timer_Object__table__V
00819a60   ti_sysbios_gates_GateMutex_Object__table__V
00819aa0   ti_sysbios_knl_Swi_Object__table__V
00819ad0   xdc_runtime_LoggerBuf_Object__table__V
00819af8   ti_sysbios_family_c64p_Hwi_Object__table__V
00819b10   ti_sysbios_heaps_HeapMem_Object__table__V
00819b28   xdc_runtime_System_Module_State_0_atexitHandlers__A
00819b38   _cleanup_ptr
00819b3c   _dtors_ptr
00819b40   __TI_enable_exit_profile_output
00819b44   _lock
00819b48   _unlock
00819b50   ti_sysbios_hal_Hwi_Object__table__V
00819b58   ti_sysbios_hal_Timer_Object__table__V
00819b60   ti_sysbios_gates_GateHwi_Object__table__V
00819b68   ti_sysbios_knl_Task_Module_State_0_idleTask__A
00819b70   ti_sysbios_utils_Load_Module_State_0_runningTask__A
00819b78   ti_sysbios_utils_Load_Module_State_0_taskStartTime__A
00819b7c   __TI_STATIC_BASE
00819b7c   time1
00819b80   time2
00819b84   digit
00819b88   freq1
00819b8c   freq2
00819b90   mag1
00819b94   mag2
00819b98   sample
00819bac   ti_uia_runtime_QueueDescriptor_gPtrToFirstDescriptor
00819bb0   ti_uia_runtime_QueueDescriptor_gUpdateCount
00819c00   ti_sysbios_family_c64p_Hwi0
00819c00   ti_sysbios_family_c64p_Hwi_int0
00819c20   ti_sysbios_family_c64p_Hwi_int1
00819c40   ti_sysbios_family_c64p_Hwi_int2
00819c60   ti_sysbios_family_c64p_Hwi_int3
00819c80   ti_sysbios_family_c64p_Hwi_int4
00819ca0   ti_sysbios_family_c64p_Hwi_int5
00819cc0   ti_sysbios_family_c64p_Hwi_int6
00819ce0   ti_sysbios_family_c64p_Hwi_int7
00819d00   ti_sysbios_family_c64p_Hwi_int8
00819d20   ti_sysbios_family_c64p_Hwi_int9
00819d40   ti_sysbios_family_c64p_Hwi_int10
00819d60   ti_sysbios_family_c64p_Hwi_int11
00819d80   ti_sysbios_family_c64p_Hwi_int12
00819da0   ti_sysbios_family_c64p_Hwi_int13
00819dc0   ti_sysbios_family_c64p_Hwi_int14
00819de0   ti_sysbios_family_c64p_Hwi_int15
00819e00   __CIOBUF_
0081a6d8   __TI_Handler_Table_Base
0081a6e4   __TI_Handler_Table_Limit
0081a700   __TI_CINIT_Base
0081a720   __TI_CINIT_Limit
ffffffff   __TI_pprof_out_hndl
ffffffff   __TI_prof_data_size
ffffffff   __TI_prof_data_start
ffffffff   __binit__
ffffffff   __c_args__
ffffffff   binit
UNDEFED    __TI_INITARRAY_Base
UNDEFED    __TI_INITARRAY_Limit

[843 symbols]
